 TestClt

 Timestamp is 5180da02 (Wed May 01 11:01:54 2013)

 Preferred load address is 00400000

 Start         Length     Name                   Class
 0001:00000000 00052558H .text                   CODE
 0001:00052560 00000109H .text$x                 CODE
 0002:00000000 00000180H .idata$5                DATA
 0002:00000180 00000004H .CRT$XCA                DATA
 0002:00000184 00000004H .CRT$XCZ                DATA
 0002:00000188 00000004H .CRT$XIA                DATA
 0002:0000018c 00000010H .CRT$XIC                DATA
 0002:0000019c 00000004H .CRT$XIY                DATA
 0002:000001a0 00000004H .CRT$XIZ                DATA
 0002:000001a4 00000004H .CRT$XPA                DATA
 0002:000001a8 00000008H .CRT$XPX                DATA
 0002:000001b0 00000004H .CRT$XPXA               DATA
 0002:000001b4 00000004H .CRT$XPZ                DATA
 0002:000001b8 00000004H .CRT$XTA                DATA
 0002:000001bc 00000004H .CRT$XTZ                DATA
 0002:000001c0 000158f0H .rdata                  DATA
 0002:00015ab0 0000006bH .rdata$debug            DATA
 0002:00015b1c 000001c4H .rdata$r                DATA
 0002:00015ce0 0000002cH .rdata$sxdata           DATA
 0002:00015d0c 00000004H .rtc$IAA                DATA
 0002:00015d10 00000004H .rtc$IZZ                DATA
 0002:00015d14 00000004H .rtc$TAA                DATA
 0002:00015d18 00000004H .rtc$TZZ                DATA
 0002:00015d20 00000d38H .xdata$x                DATA
 0002:00016a58 00000014H .idata$2                DATA
 0002:00016a6c 00000014H .idata$3                DATA
 0002:00016a80 00000180H .idata$4                DATA
 0002:00016c00 000006caH .idata$6                DATA
 0002:000172ca 00000000H .edata                  DATA
 0003:00000000 000022f0H .data                   DATA
 0003:00002300 00001e28H .bss                    DATA

  Address         Publics by Value              Rva+Base       Lib:Object

 0000:00000000       __except_list              00000000     <absolute>
 0000:0000000b       ___safe_se_handler_count   0000000b     <absolute>
 0000:00000000       ___ImageBase               00400000     <linker-defined>
 0001:00000000       _wmain                     00401000 f   TestClt.obj
 0001:00000100       _CheckParams               00401100 f   TestClt.obj
 0001:00000270       _DCGetMJFFlags             00401270 f   TestClt.obj
 0001:00000290       _DCSetMJFFlags             00401290 f   TestClt.obj
 0001:00000380       _DeviceControl             00401380 f   TestClt.obj
 0001:00000400       _DumpIoStackLocData        00401400 f   TestClt.obj
 0001:00000470       _DumpIrp                   00401470 f   TestClt.obj
 0001:00000550       _DumpIrpData               00401550 f   TestClt.obj
 0001:000005c0       _DumpMemory                004015c0 f   TestClt.obj
 0001:000006b0       _GetData                   004016b0 f   TestClt.obj
 0001:00000880       _GetProcessHeapWrap        00401880 f   TestClt.obj
 0001:000008d0       _HeapAllocWrap             004018d0 f   TestClt.obj
 0001:00000910       _ListDevices               00401910 f   TestClt.obj
 0001:000009a0       _OpenDevice                004019a0 f   TestClt.obj
 0001:00000b30       _PrintAccDevList           00401b30 f   TestClt.obj
 0001:00000c90       _PrintHelp                 00401c90 f   TestClt.obj
 0001:00000d50       _PrintMultiSz              00401d50 f   TestClt.obj
 0001:00000da0       _SendIoCtl                 00401da0 f   TestClt.obj
 0001:00000e00       _StringCbPrintfW           00401e00 f i TestClt.obj
 0001:00000e58       _HeapFree@12               00401e58 f   kernel32:KERNEL32.dll
 0001:00000e5e       _CloseHandle@4             00401e5e f   kernel32:KERNEL32.dll
 0001:00000e64       _ReadFile@20               00401e64 f   kernel32:KERNEL32.dll
 0001:00000e6a       _GetLastError@0            00401e6a f   kernel32:KERNEL32.dll
 0001:00000e70       _GetProcessHeap@0          00401e70 f   kernel32:KERNEL32.dll
 0001:00000e76       _HeapAlloc@12              00401e76 f   kernel32:KERNEL32.dll
 0001:00000e7c       _CreateFileW@28            00401e7c f   kernel32:KERNEL32.dll
 0001:00000e82       _DeviceIoControl@32        00401e82 f   kernel32:KERNEL32.dll
 0001:00000e90       ?AllocFromHeap@@YAPAXPAXK@Z 00401e90 f   KrnlUtils:KrnlUtils.obj
 0001:00000ec0       ?AppendString@@YAHPA_WPAPADPAK2PAX@Z 00401ec0 f   KrnlUtils:KrnlUtils.obj
 0001:00000f80       ?CopyToBuffer@@YAHPAPADPAKPADK1PAX@Z 00401f80 f   KrnlUtils:KrnlUtils.obj
 0001:00000ff0       ?DecodeEnum@@YAPA_WHHQAPA_WIPA_WK@Z 00401ff0 f   KrnlUtils:KrnlUtils.obj
 0001:000011d0       ?ExtendBuffer@@YAHPAPADPAKKPAX@Z 004021d0 f   KrnlUtils:KrnlUtils.obj
 0001:00001240       _FormatIoStack             00402240 f   KrnlUtils:KrnlUtils.obj
 0001:00001300       _FormatIrp                 00402300 f   KrnlUtils:KrnlUtils.obj
 0001:000013c0       _FreeFmtIrp                004023c0 f   KrnlUtils:KrnlUtils.obj
 0001:000013f0       _FreeFmtStack              004023f0 f   KrnlUtils:KrnlUtils.obj
 0001:00001420       _IoStackSize               00402420 f   KrnlUtils:KrnlUtils.obj
 0001:00001490       _IrpSize                   00402490 f   KrnlUtils:KrnlUtils.obj
 0001:00001500       _MajorFunctionDes          00402500 f   KrnlUtils:KrnlUtils.obj
 0001:00001530       _MinorFunctionDes          00402530 f   KrnlUtils:KrnlUtils.obj
 0001:000015b0       ?StringCbLengthW@@YGJPB_WIPAI@Z 004025b0 f i KrnlUtils:KrnlUtils.obj
 0001:00001620       ?StringCbCopyW@@YGJPA_WIPB_W@Z 00402620 f i KrnlUtils:KrnlUtils.obj
 0001:00001670       ?StringCbPrintfW@@YAJPA_WIPB_WZZ 00402670 f i KrnlUtils:KrnlUtils.obj
 0001:000016d0       ?FormatIoStackWin7X64@@YAHPADPAPA_W@Z 004026d0 f   KrnlUtils:Win7X64.obj
 0001:00002c50       ?FormatIrpWin7X64@@YAHPADPAPA_W@Z 00403c50 f   KrnlUtils:Win7X64.obj
 0001:00003460       ?IoStackSizeWin7X64@@YAKXZ 00404460 f   KrnlUtils:Win7X64.obj
 0001:00003470       ?IrpSizeWin7X64@@YAKXZ     00404470 f   KrnlUtils:Win7X64.obj
 0001:00003480       ?FormatIoStackWlhX64@@YAHPADPAPA_W@Z 00404480 f   KrnlUtils:WlhX64.obj
 0001:00004a00       ?FormatIrpWlhX64@@YAHPADPAPA_W@Z 00405a00 f   KrnlUtils:WlhX64.obj
 0001:00005210       ?IoStackSizeWlhX64@@YAKXZ  00406210 f   KrnlUtils:WlhX64.obj
 0001:00005220       ?IrpSizeWlhX64@@YAKXZ      00406220 f   KrnlUtils:WlhX64.obj
 0001:00005230       ?FormatIoStackWin7X86@@YAHPADPAPA_W@Z 00406230 f   KrnlUtils:Win7X86.obj
 0001:000067d0       ?FormatIrpWin7X86@@YAHPADPAPA_W@Z 004077d0 f   KrnlUtils:Win7X86.obj
 0001:00006f80       ?IoStackSizeWin7X86@@YAKXZ 00407f80 f   KrnlUtils:Win7X86.obj
 0001:00006f90       ?IrpSizeWin7X86@@YAKXZ     00407f90 f   KrnlUtils:Win7X86.obj
 0001:00006fa0       ?FormatIoStackWlhX86@@YAHPADPAPA_W@Z 00407fa0 f   KrnlUtils:WlhX86.obj
 0001:00008540       ?FormatIrpWlhX86@@YAHPADPAPA_W@Z 00409540 f   KrnlUtils:WlhX86.obj
 0001:00008cf0       ?IoStackSizeWlhX86@@YAKXZ  00409cf0 f   KrnlUtils:WlhX86.obj
 0001:00008d00       ?IrpSizeWlhX86@@YAKXZ      00409d00 f   KrnlUtils:WlhX86.obj
 0001:00008d10       ?FormatIoStackWxpX86@@YAHPADPAPA_W@Z 00409d10 f   KrnlUtils:WxpX86.obj
 0001:0000a2b0       ?FormatIrpWxpX86@@YAHPADPAPA_W@Z 0040b2b0 f   KrnlUtils:WxpX86.obj
 0001:0000aa60       ?IoStackSizeWxpX86@@YAKXZ  0040ba60 f   KrnlUtils:WxpX86.obj
 0001:0000aa70       ?IrpSizeWxpX86@@YAKXZ      0040ba70 f   KrnlUtils:WxpX86.obj
 0001:0000aa80       _wprintf                   0040ba80 f   LIBCMTD:wprintf.obj
 0001:0000abc0       __wprintf_l                0040bbc0 f   LIBCMTD:wprintf.obj
 0001:0000abf0       __wprintf_s_l              0040bbf0 f   LIBCMTD:wprintf.obj
 0001:0000ac20       _wprintf_s                 0040bc20 f   LIBCMTD:wprintf.obj
 0001:0000ac50       __wprintf_p_l              0040bc50 f   LIBCMTD:wprintf.obj
 0001:0000ac80       __wprintf_p                0040bc80 f   LIBCMTD:wprintf.obj
 0001:0000acb0       _wcslen                    0040bcb0 f   LIBCMTD:wcslen.obj
 0001:0000ace0       _swscanf                   0040bce0 f   LIBCMTD:swscanf.obj
 0001:0000ae50       __swscanf_l                0040be50 f   LIBCMTD:swscanf.obj
 0001:0000ae80       _swscanf_s                 0040be80 f   LIBCMTD:swscanf.obj
 0001:0000aeb0       __swscanf_s_l              0040beb0 f   LIBCMTD:swscanf.obj
 0001:0000aee0       _memcpy                    0040bee0 f   LIBCMTD:memcpy.obj
 0001:0000b250       _printf                    0040c250 f   LIBCMTD:printf.obj
 0001:0000b390       __printf_l                 0040c390 f   LIBCMTD:printf.obj
 0001:0000b3c0       __printf_s_l               0040c3c0 f   LIBCMTD:printf.obj
 0001:0000b3f0       _printf_s                  0040c3f0 f   LIBCMTD:printf.obj
 0001:0000b420       __printf_p_l               0040c420 f   LIBCMTD:printf.obj
 0001:0000b450       __printf_p                 0040c450 f   LIBCMTD:printf.obj
 0001:0000b480       __set_printf_count_output  0040c480 f   LIBCMTD:printf.obj
 0001:0000b4d0       __get_printf_count_output  0040c4d0 f   LIBCMTD:printf.obj
 0001:0000b4f0       _wcscmp                    0040c4f0 f   LIBCMTD:wcscmp.obj
 0001:0000b560       @__security_check_cookie@4 0040c560 f   LIBCMTD:secchk.obj
 0001:0000b570       __vsnwprintf_l             0040c570 f   LIBCMTD:vsnwprnt.obj
 0001:0000b770       __vsnwprintf               0040c770 f   LIBCMTD:vsnwprnt.obj
 0001:0000b7a0       _wmainCRTStartup           0040c7a0 f   LIBCMTD:wcrt0.obj
 0001:0000ba00       ___iob_func                0040ca00 f   LIBCMTD:_file.obj
 0001:0000ba10       ___initstdio               0040ca10 f   LIBCMTD:_file.obj
 0001:0000bb60       ___endstdio                0040cb60 f   LIBCMTD:_file.obj
 0001:0000bb90       __lock_file                0040cb90 f   LIBCMTD:_file.obj
 0001:0000bbf0       __lock_file2               0040cbf0 f   LIBCMTD:_file.obj
 0001:0000bc30       __unlock_file              0040cc30 f   LIBCMTD:_file.obj
 0001:0000bc90       __unlock_file2             0040cc90 f   LIBCMTD:_file.obj
 0001:0000bcd0       __stbuf                    0040ccd0 f   LIBCMTD:_sftbuf.obj
 0001:0000be30       __ftbuf                    0040ce30 f   LIBCMTD:_sftbuf.obj
 0001:0000bed0       __woutput_l                0040ced0 f   LIBCMTD:woutput.obj
 0001:0000cf70       ??0_LocaleUpdate@@QAE@PAUlocaleinfo_struct@@@Z 0040df70 f i LIBCMTD:woutput.obj
 0001:0000d050       ??1_LocaleUpdate@@QAE@XZ   0040e050 f i LIBCMTD:woutput.obj
 0001:0000d080       ?GetLocaleT@_LocaleUpdate@@QAEPAUlocaleinfo_struct@@XZ 0040e080 f i LIBCMTD:woutput.obj
 0001:0000d1c0       _get_int_arg               0040e1c0 f i LIBCMTD:woutput.obj
 0001:0000d1e0       _get_int64_arg             0040e1e0 f i LIBCMTD:woutput.obj
 0001:0000d200       __initp_misc_invarg        0040e200 f   LIBCMTD:invarg.obj
 0001:0000d210       __invalid_parameter        0040e210 f   LIBCMTD:invarg.obj
 0001:0000d280       __invoke_watson            0040e280 f   LIBCMTD:invarg.obj
 0001:0000d3d0       __set_invalid_parameter_handler 0040e3d0 f   LIBCMTD:invarg.obj
 0001:0000d420       __get_invalid_parameter_handler 0040e420 f   LIBCMTD:invarg.obj
 0001:0000d450       ?_invalid_parameter@@YAXPBG00II@Z 0040e450 f   LIBCMTD:invarg.obj
 0001:0000d480       ?_invoke_watson@@YAXPBG00II@Z 0040e480 f   LIBCMTD:invarg.obj
 0001:0000d4b0       __dosmaperr                0040e4b0 f   LIBCMTD:dosmap.obj
 0001:0000d4e0       __get_errno_from_oserr     0040e4e0 f   LIBCMTD:dosmap.obj
 0001:0000d560       __set_errno                0040e560 f   LIBCMTD:dosmap.obj
 0001:0000d590       __get_errno                0040e590 f   LIBCMTD:dosmap.obj
 0001:0000d610       __set_doserrno             0040e610 f   LIBCMTD:dosmap.obj
 0001:0000d640       __get_doserrno             0040e640 f   LIBCMTD:dosmap.obj
 0001:0000d6c0       __errno                    0040e6c0 f   LIBCMTD:dosmap.obj
 0001:0000d6f0       ___doserrno                0040e6f0 f   LIBCMTD:dosmap.obj
 0001:0000d720       __CrtSetReportHookW2       0040e720 f   LIBCMTD:dbgrptw.obj
 0001:0000da40       __CrtDbgReportW            0040ea40 f   LIBCMTD:dbgrptw.obj
 0001:0000da80       __CrtDbgReportWV           0040ea80 f i LIBCMTD:dbgrptw.obj
 0001:0000dab0       ___crtMessageWindowW       0040eab0 f   LIBCMTD:dbgrptw.obj
 0001:0000deb0       __invoke_watson_if_error   0040eeb0 f i LIBCMTD:dbgrptw.obj
 0001:0000dee0       __invoke_watson_if_oneof   0040eee0 f i LIBCMTD:dbgrptw.obj
 0001:0000df30       ?_CrtDbgReportW@@YAHHPBGH00ZZ 0040ef30 f   LIBCMTD:dbgrptw.obj
 0001:0000df70       __except_handler4          0040ef70 f   LIBCMTD:chandler4.obj
 0001:0000e190       _vwprintf_helper           0040f190 f   LIBCMTD:vwprintf.obj
 0001:0000e2b0       __vwprintf_l               0040f2b0 f   LIBCMTD:vwprintf.obj
 0001:0000e2d0       __vwprintf_s_l             0040f2d0 f   LIBCMTD:vwprintf.obj
 0001:0000e2f0       __vwprintf_p_l             0040f2f0 f   LIBCMTD:vwprintf.obj
 0001:0000e310       _vwprintf                  0040f310 f   LIBCMTD:vwprintf.obj
 0001:0000e330       _vwprintf_s                0040f330 f   LIBCMTD:vwprintf.obj
 0001:0000e350       __vwprintf_p               0040f350 f   LIBCMTD:vwprintf.obj
 0001:0000e370       __winput_l                 0040f370 f   LIBCMTD:winput.obj
 0001:0000fc20       __INTRN_LOCALE_CONV        00410c20 f i LIBCMTD:winput.obj
 0001:0000fd30       __winput_s_l               00410d30 f   LIBCMTD:winputs.obj
 0001:00011a40       __VEC_memcpy               00412a40 f   LIBCMTD:p4_memcpy.obj
 0001:00011bc0       __get_sse2_info            00412bc0 f   LIBCMTD:cpu_disp.obj
 0001:00011cf0       ___sse2_available_init     00412cf0 f   LIBCMTD:cpu_disp.obj
 0001:00011d10       __output_l                 00412d10 f   LIBCMTD:output.obj
 0001:00013140       _get_short_arg             00414140 f i LIBCMTD:output.obj
 0001:00013160       _vprintf_helper            00414160 f   LIBCMTD:vprintf.obj
 0001:00013280       __vprintf_l                00414280 f   LIBCMTD:vprintf.obj
 0001:000132a0       __vprintf_s_l              004142a0 f   LIBCMTD:vprintf.obj
 0001:000132c0       __vprintf_p_l              004142c0 f   LIBCMTD:vprintf.obj
 0001:000132e0       _vprintf                   004142e0 f   LIBCMTD:vprintf.obj
 0001:00013300       _vprintf_s                 00414300 f   LIBCMTD:vprintf.obj
 0001:00013320       __vprintf_p                00414320 f   LIBCMTD:vprintf.obj
 0001:00013340       ___report_gsfailure        00414340 f   LIBCMTD:gs_report.obj
 0001:00013450       __flsbuf                   00414450 f   LIBCMTD:_flsbuf.obj
 0001:00013710       ?__CxxUnhandledExceptionFilter@@YGJPAU_EXCEPTION_POINTERS@@@Z 00414710 f   LIBCMTD:unhandld.obj
 0001:00013780       ___CxxSetUnhandledExceptionFilter 00414780 f   LIBCMTD:unhandld.obj
 0001:000137a0       ___security_init_cookie    004147a0 f   LIBCMTD:gs_support.obj
 0001:00013880       __crt_waiting_on_module_handle 00414880 f   LIBCMTD:crt0dat.obj
 0001:000138e0       __cinit                    004148e0 f   LIBCMTD:crt0dat.obj
 0001:00013980       _exit                      00414980 f   LIBCMTD:crt0dat.obj
 0001:000139a0       __exit                     004149a0 f   LIBCMTD:crt0dat.obj
 0001:000139c0       __cexit                    004149c0 f   LIBCMTD:crt0dat.obj
 0001:000139e0       __c_exit                   004149e0 f   LIBCMTD:crt0dat.obj
 0001:00013a00       __amsg_exit                00414a00 f   LIBCMTD:crt0dat.obj
 0001:00013a40       ___freeCrtMemory           00414a40 f   LIBCMTD:crt0dat.obj
 0001:00013d90       ___crtCorExitProcess       00414d90 f   LIBCMTD:crt0dat.obj
 0001:00013dd0       ___crtExitProcess          00414dd0 f   LIBCMTD:crt0dat.obj
 0001:00013df0       __lockexit                 00414df0 f   LIBCMTD:crt0dat.obj
 0001:00013e10       __unlockexit               00414e10 f   LIBCMTD:crt0dat.obj
 0001:00013e30       __init_pointers            00414e30 f   LIBCMTD:crt0dat.obj
 0001:00013ef0       __initterm_e               00414ef0 f   LIBCMTD:crt0dat.obj
 0001:00013f30       __get_wpgmptr              00414f30 f   LIBCMTD:crt0dat.obj
 0001:00014020       __get_pgmptr               00415020 f   LIBCMTD:crt0dat.obj
 0001:00014110       __initp_misc_winxfltr      00415110 f   LIBCMTD:winxfltr.obj
 0001:00014120       ___CppXcptFilter           00415120 f   LIBCMTD:winxfltr.obj
 0001:00014150       __XcptFilter               00415150 f   LIBCMTD:winxfltr.obj
 0001:00014380       __wsetenvp                 00415380 f   LIBCMTD:wstdenvp.obj
 0001:00014520       __wsetargv                 00415520 f   LIBCMTD:wstdargv.obj
 0001:00014640       __set_wpgmptr              00415640 f i LIBCMTD:wstdargv.obj
 0001:00014910       ___crtGetEnvironmentStringsW 00415910 f   LIBCMTD:w_env.obj
 0001:000149c0       ___crtGetCommandLineW      004159c0 f   LIBCMTD:aw_com.obj
 0001:000149d0       __ioinit                   004159d0 f   LIBCMTD:ioinit.obj
 0001:00014e70       __ioterm                   00415e70 f   LIBCMTD:ioinit.obj
 0001:00014f10       __RTC_Initialize           00415f10 f   LIBCMTD:_initsect_.obj
 0001:00014f40       __RTC_Terminate            00415f40 f   LIBCMTD:_initsect_.obj
 0001:00014f70       __malloc_dbg               00415f70 f   LIBCMTD:dbgheap.obj
 0001:00014fa0       __nh_malloc                00415fa0 f   LIBCMTD:dbgheap.obj
 0001:00014fc0       __nh_malloc_dbg            00415fc0 f   LIBCMTD:dbgheap.obj
 0001:00015090       __heap_alloc               00416090 f   LIBCMTD:dbgheap.obj
 0001:00015460       __heap_alloc_dbg           00416460 f   LIBCMTD:dbgheap.obj
 0001:000154c0       __calloc_dbg_impl          004164c0 f   LIBCMTD:dbgheap.obj
 0001:00015590       __calloc_dbg               00416590 f   LIBCMTD:dbgheap.obj
 0001:000155f0       __recalloc                 004165f0 f   LIBCMTD:dbgheap.obj
 0001:00015620       __realloc_dbg              00416620 f   LIBCMTD:dbgheap.obj
 0001:00015cc0       __recalloc_dbg             00416cc0 f   LIBCMTD:dbgheap.obj
 0001:00015dc0       __expand                   00416dc0 f   LIBCMTD:dbgheap.obj
 0001:00015df0       __expand_dbg               00416df0 f   LIBCMTD:dbgheap.obj
 0001:00015f00       __free_nolock              00416f00 f   LIBCMTD:dbgheap.obj
 0001:00015f20       __free_dbg                 00416f20 f   LIBCMTD:dbgheap.obj
 0001:00015fa0       __free_dbg_nolock          00416fa0 f   LIBCMTD:dbgheap.obj
 0001:00016480       __msize                    00417480 f   LIBCMTD:dbgheap.obj
 0001:000164a0       __msize_dbg                004174a0 f   LIBCMTD:dbgheap.obj
 0001:00016690       __CrtSetBreakAlloc         00417690 f   LIBCMTD:dbgheap.obj
 0001:000166b0       __CrtSetDbgBlockType       004176b0 f   LIBCMTD:dbgheap.obj
 0001:000167a0       __CrtSetAllocHook          004177a0 f   LIBCMTD:dbgheap.obj
 0001:000167c0       __CrtGetAllocHook          004177c0 f   LIBCMTD:dbgheap.obj
 0001:00016820       __CrtCheckMemory           00417820 f   LIBCMTD:dbgheap.obj
 0001:00016c80       __CrtSetDbgFlag            00417c80 f   LIBCMTD:dbgheap.obj
 0001:00016dd0       __CrtDoForAllClientObjects 00417dd0 f   LIBCMTD:dbgheap.obj
 0001:00016ef0       __CrtIsValidPointer        00417ef0 f   LIBCMTD:dbgheap.obj
 0001:00016f00       __CrtIsValidHeapPointer    00417f00 f   LIBCMTD:dbgheap.obj
 0001:00016fa0       __CrtIsMemoryBlock         00417fa0 f   LIBCMTD:dbgheap.obj
 0001:00017110       __CrtReportBlockType       00418110 f   LIBCMTD:dbgheap.obj
 0001:00017140       __CrtSetDumpClient         00418140 f   LIBCMTD:dbgheap.obj
 0001:00017160       __CrtGetDumpClient         00418160 f   LIBCMTD:dbgheap.obj
 0001:00017170       __CrtMemCheckpoint         00418170 f   LIBCMTD:dbgheap.obj
 0001:00017390       __CrtMemDifference         00418390 f   LIBCMTD:dbgheap.obj
 0001:000175b0       __CrtMemDumpAllObjectsSince 004185b0 f   LIBCMTD:dbgheap.obj
 0001:00017aa0       __CrtDumpMemoryLeaks       00418aa0 f   LIBCMTD:dbgheap.obj
 0001:00017b10       __CrtMemDumpStatistics     00418b10 f   LIBCMTD:dbgheap.obj
 0001:00017c20       __aligned_malloc           00418c20 f   LIBCMTD:dbgheap.obj
 0001:00017c40       __aligned_malloc_dbg       00418c40 f   LIBCMTD:dbgheap.obj
 0001:00017c70       __aligned_realloc          00418c70 f   LIBCMTD:dbgheap.obj
 0001:00017ca0       __aligned_recalloc         00418ca0 f   LIBCMTD:dbgheap.obj
 0001:00017cd0       __aligned_realloc_dbg      00418cd0 f   LIBCMTD:dbgheap.obj
 0001:00017d00       __aligned_recalloc_dbg     00418d00 f   LIBCMTD:dbgheap.obj
 0001:00017d30       __aligned_offset_malloc    00418d30 f   LIBCMTD:dbgheap.obj
 0001:00017d50       __aligned_offset_malloc_dbg 00418d50 f   LIBCMTD:dbgheap.obj
 0001:00017ef0       __aligned_offset_realloc   00418ef0 f   LIBCMTD:dbgheap.obj
 0001:00017f20       __aligned_offset_recalloc  00418f20 f   LIBCMTD:dbgheap.obj
 0001:00017f50       __aligned_offset_realloc_dbg 00418f50 f   LIBCMTD:dbgheap.obj
 0001:00018220       __aligned_offset_recalloc_dbg 00419220 f   LIBCMTD:dbgheap.obj
 0001:00018330       __aligned_free             00419330 f   LIBCMTD:dbgheap.obj
 0001:00018350       __aligned_free_dbg         00419350 f   LIBCMTD:dbgheap.obj
 0001:00018400       __CrtSetDebugFillThreshold 00419400 f   LIBCMTD:dbgheap.obj
 0001:00018420       __CrtSetCheckCount         00419420 f   LIBCMTD:dbgheap.obj
 0001:00018440       __CrtGetCheckCount         00419440 f   LIBCMTD:dbgheap.obj
 0001:00018450       __aligned_msize            00419450 f   LIBCMTD:dbgheap.obj
 0001:00018470       __aligned_msize_dbg        00419470 f   LIBCMTD:dbgheap.obj
 0001:00018580       __encode_pointer           00419580 f   LIBCMTD:tidtable.obj
 0001:00018620       __crt_wait_module_handle   00419620 f i LIBCMTD:tidtable.obj
 0001:00018650       __encoded_null             00419650 f   LIBCMTD:tidtable.obj
 0001:00018670       __decode_pointer           00419670 f   LIBCMTD:tidtable.obj
 0001:00018710       ___crtTlsAlloc@4           00419710 f   LIBCMTD:tidtable.obj
 0001:00018720       ___fls_getvalue@4          00419720 f   LIBCMTD:tidtable.obj
 0001:00018740       ___get_flsindex            00419740 f   LIBCMTD:tidtable.obj
 0001:00018750       ___set_flsgetvalue         00419750 f   LIBCMTD:tidtable.obj
 0001:000187a0       ___fls_setvalue@8          004197a0 f   LIBCMTD:tidtable.obj
 0001:000187d0       __mtinit                   004197d0 f   LIBCMTD:tidtable.obj
 0001:000189e0       __mtterm                   004199e0 f   LIBCMTD:tidtable.obj
 0001:00018a40       __initptd                  00419a40 f   LIBCMTD:tidtable.obj
 0001:00018ba0       __getptd_noexit            00419ba0 f   LIBCMTD:tidtable.obj
 0001:00018c60       __getptd                   00419c60 f   LIBCMTD:tidtable.obj
 0001:00018c90       __freefls@4                00419c90 f   LIBCMTD:tidtable.obj
 0001:00018ea0       __freeptd                  00419ea0 f   LIBCMTD:tidtable.obj
 0001:00018f20       ___threadid                00419f20 f   LIBCMTD:tidtable.obj
 0001:00018f30       ___threadhandle            00419f30 f   LIBCMTD:tidtable.obj
 0001:00018f40       ___heap_select             00419f40 f   LIBCMTD:heapinit.obj
 0001:00018f60       __heap_init                00419f60 f   LIBCMTD:heapinit.obj
 0001:00018fe0       __heap_term                00419fe0 f   LIBCMTD:heapinit.obj
 0001:00019080       __get_heap_handle          0041a080 f   LIBCMTD:heapinit.obj
 0001:000190c0       __FF_MSGBANNER             0041a0c0 f   LIBCMTD:crt0msg.obj
 0001:00019110       __NMSG_WRITE               0041a110 f   LIBCMTD:crt0msg.obj
 0001:000193b0       __GET_RTERRMSG             0041a3b0 f   LIBCMTD:crt0msg.obj
 0001:00019400       __fcloseall                0041a400 f   LIBCMTD:closeall.obj
 0001:00019530       _fflush                    0041a530 f   LIBCMTD:fflush.obj
 0001:000195d0       __fflush_nolock            0041a5d0 f   LIBCMTD:fflush.obj
 0001:00019630       __flush                    0041a630 f   LIBCMTD:fflush.obj
 0001:000196f0       __flushall                 0041a6f0 f   LIBCMTD:fflush.obj
 0001:000198c0       __mtinitlocks              0041a8c0 f   LIBCMTD:mlock.obj
 0001:00019950       __mtdeletelocks            0041a950 f   LIBCMTD:mlock.obj
 0001:00019a10       __mtinitlocknum            0041aa10 f   LIBCMTD:mlock.obj
 0001:00019b60       __lock                     0041ab60 f   LIBCMTD:mlock.obj
 0001:00019ba0       __unlock                   0041aba0 f   LIBCMTD:mlock.obj
 0001:00019bc0       __lockerr_exit             0041abc0 f   LIBCMTD:mlock.obj
 0001:00019be0       __isatty                   0041abe0 f   LIBCMTD:isatty.obj
 0001:00019cc0       __fileno                   0041acc0 f   LIBCMTD:fileno.obj
 0001:00019d40       __initp_misc_cfltcvt_tab   0041ad40 f   LIBCMTD:cmiscdat.obj
 0001:00019d90       __isleadbyte_l             0041ad90 f i LIBCMTD:_wctype.obj
 0001:00019de0       _isleadbyte                0041ade0 f i LIBCMTD:_wctype.obj
 0001:00019e00       __iswalpha_l               0041ae00 f i LIBCMTD:_wctype.obj
 0001:00019e20       _iswalpha                  0041ae20 f i LIBCMTD:_wctype.obj
 0001:00019e40       __iswupper_l               0041ae40 f i LIBCMTD:_wctype.obj
 0001:00019e60       _iswupper                  0041ae60 f i LIBCMTD:_wctype.obj
 0001:00019e80       __iswlower_l               0041ae80 f i LIBCMTD:_wctype.obj
 0001:00019ea0       _iswlower                  0041aea0 f i LIBCMTD:_wctype.obj
 0001:00019ec0       __iswdigit_l               0041aec0 f i LIBCMTD:_wctype.obj
 0001:00019ee0       _iswdigit                  0041aee0 f i LIBCMTD:_wctype.obj
 0001:00019f00       __iswxdigit_l              0041af00 f i LIBCMTD:_wctype.obj
 0001:00019f20       _iswxdigit                 0041af20 f i LIBCMTD:_wctype.obj
 0001:00019f40       __iswspace_l               0041af40 f i LIBCMTD:_wctype.obj
 0001:00019f60       _iswspace                  0041af60 f i LIBCMTD:_wctype.obj
 0001:00019f80       __iswpunct_l               0041af80 f i LIBCMTD:_wctype.obj
 0001:00019fa0       _iswpunct                  0041afa0 f i LIBCMTD:_wctype.obj
 0001:00019fc0       __iswalnum_l               0041afc0 f i LIBCMTD:_wctype.obj
 0001:00019fe0       _iswalnum                  0041afe0 f i LIBCMTD:_wctype.obj
 0001:0001a000       __iswprint_l               0041b000 f i LIBCMTD:_wctype.obj
 0001:0001a020       _iswprint                  0041b020 f i LIBCMTD:_wctype.obj
 0001:0001a040       __iswgraph_l               0041b040 f i LIBCMTD:_wctype.obj
 0001:0001a060       _iswgraph                  0041b060 f i LIBCMTD:_wctype.obj
 0001:0001a080       __iswcntrl_l               0041b080 f i LIBCMTD:_wctype.obj
 0001:0001a0a0       _iswcntrl                  0041b0a0 f i LIBCMTD:_wctype.obj
 0001:0001a0c0       _iswascii                  0041b0c0 f i LIBCMTD:_wctype.obj
 0001:0001a0e0       __iswcsym_l                0041b0e0 f i LIBCMTD:_wctype.obj
 0001:0001a120       ___iswcsym                 0041b120 f i LIBCMTD:_wctype.obj
 0001:0001a160       __iswcsymf_l               0041b160 f i LIBCMTD:_wctype.obj
 0001:0001a1a0       ___iswcsymf                0041b1a0 f i LIBCMTD:_wctype.obj
 0001:0001a1e0       _strlen                    0041b1e0 f   LIBCMTD:strlen.obj
 0001:0001a270       __mbtowc_l                 0041b270 f   LIBCMTD:mbtowc.obj
 0001:0001a490       _mbtowc                    0041b490 f   LIBCMTD:mbtowc.obj
 0001:0001a4b0       __aulldiv                  0041b4b0 f   LIBCMTD:ulldiv.obj
 0001:0001a520       __aullrem                  0041b520 f   LIBCMTD:ullrem.obj
 0001:0001a5a0       ___updatetmbcinfo          0041b5a0 f   LIBCMTD:mbctype.obj
 0001:0001a6b0       __setmbcp                  0041b6b0 f   LIBCMTD:mbctype.obj
 0001:0001aa60       __setmbcp_nolock           0041ba60 f   LIBCMTD:mbctype.obj
 0001:0001b250       __getmbcp                  0041c250 f   LIBCMTD:mbctype.obj
 0001:0001b2c0       ___initmbctable            0041c2c0 f   LIBCMTD:mbctype.obj
 0001:0001b2f0       ____setlc_active_func      0041c2f0 f   LIBCMTD:setlocal.obj
 0001:0001b300       ____unguarded_readlc_active_add_func 0041c300 f   LIBCMTD:setlocal.obj
 0001:0001b310       ___freetlocinfo            0041c310 f   LIBCMTD:setlocal.obj
 0001:0001b5f0       ___addlocaleref            0041c5f0 f   LIBCMTD:setlocal.obj
 0001:0001b710       ___removelocaleref         0041c710 f   LIBCMTD:setlocal.obj
 0001:0001b840       ___updatetlocinfo          0041c840 f   LIBCMTD:setlocal.obj
 0001:0001b990       __configthreadlocale       0041c990 f   LIBCMTD:setlocal.obj
 0001:0001baa0       __locterm                  0041caa0 f   LIBCMTD:setlocal.obj
 0001:0001bb40       __free_locale              0041cb40 f   LIBCMTD:setlocal.obj
 0001:0001bc80       ___free_locale             0041cc80 f   LIBCMTD:setlocal.obj
 0001:0001bca0       __create_locale            0041cca0 f   LIBCMTD:setlocal.obj
 0001:0001bed0       ___create_locale           0041ced0 f   LIBCMTD:setlocal.obj
 0001:0001bef0       __get_current_locale       0041cef0 f   LIBCMTD:setlocal.obj
 0001:0001c010       ___get_current_locale      0041d010 f   LIBCMTD:setlocal.obj
 0001:0001c020       _setlocale                 0041d020 f   LIBCMTD:setlocal.obj
 0001:0001cf30       __expandlocale             0041df30 f   LIBCMTD:setlocal.obj
 0001:0001d1e0       ___init_dummy              0041e1e0 f   LIBCMTD:setlocal.obj
 0001:0001d1f0       __strcats                  0041e1f0 f   LIBCMTD:setlocal.obj
 0001:0001d270       ___lc_strtolc              0041e270 f   LIBCMTD:setlocal.obj
 0001:0001d470       ___lc_lctostr              0041e470 f   LIBCMTD:setlocal.obj
 0001:0001d510       _fputwc                    0041e510 f   LIBCMTD:fputwc.obj
 0001:0001d610       __fputwc_nolock            0041e610 f   LIBCMTD:fputwc.obj
 0001:0001d900       _putwc                     0041e900 f   LIBCMTD:fputwc.obj
 0001:0001d920       __CrtDefaultAllocHook      0041e920 f   LIBCMTD:dbghook.obj
 0001:0001d930       __crt_debugger_hook        0041e930 f   LIBCMTD:dbghook.obj
 0001:0001d950       _memset                    0041e950 f   LIBCMTD:memset.obj
 0001:0001d9d0       __CrtDbgBreak              0041e9d0 f   LIBCMTD:dbgrptt.obj
 0001:0001d9e0       __CrtSetReportMode         0041e9e0 f   LIBCMTD:dbgrptt.obj
 0001:0001db20       __CrtSetReportFile         0041eb20 f   LIBCMTD:dbgrptt.obj
 0001:0001dc20       __CrtSetReportHook         0041ec20 f   LIBCMTD:dbgrptt.obj
 0001:0001dc40       __CrtGetReportHook         0041ec40 f   LIBCMTD:dbgrptt.obj
 0001:0001dc50       __VCrtDbgReportA           0041ec50 f   LIBCMTD:dbgrptt.obj
 0001:0001e480       __VCrtDbgReportW           0041f480 f   LIBCMTD:dbgrptt.obj
 0001:0001edb0       __initp_misc_winsig        0041fdb0 f   LIBCMTD:winsig.obj
 0001:0001ede0       _signal                    0041fde0 f   LIBCMTD:winsig.obj
 0001:0001f280       _raise                     00420280 f   LIBCMTD:winsig.obj
 0001:0001f5f0       ___get_sigabrt             004205f0 f   LIBCMTD:winsig.obj
 0001:0001f610       ___fpecode                 00420610 f   LIBCMTD:winsig.obj
 0001:0001f620       ___pxcptinfoptrs           00420620 f   LIBCMTD:winsig.obj
 0001:0001f630       ___crtMessageBoxW          00420630 f   LIBCMTD:crtmboxw.obj
 0001:0001f850       __swprintf                 00420850 f   LIBCMTD:swprintf.obj
 0001:0001fa20       ___swprintf_l              00420a20 f   LIBCMTD:swprintf.obj
 0001:0001fa50       _swprintf_s                00420a50 f   LIBCMTD:swprintf.obj
 0001:0001fa80       __snwprintf_s              00420a80 f   LIBCMTD:swprintf.obj
 0001:0001fab0       __swprintf_p               00420ab0 f   LIBCMTD:swprintf.obj
 0001:0001fae0       __swprintf_s_l             00420ae0 f   LIBCMTD:swprintf.obj
 0001:0001fb10       __snwprintf_s_l            00420b10 f   LIBCMTD:swprintf.obj
 0001:0001fb40       __swprintf_p_l             00420b40 f   LIBCMTD:swprintf.obj
 0001:0001fb70       __scwprintf                00420b70 f   LIBCMTD:swprintf.obj
 0001:0001fb90       __scwprintf_p              00420b90 f   LIBCMTD:swprintf.obj
 0001:0001fbb0       __scwprintf_l              00420bb0 f   LIBCMTD:swprintf.obj
 0001:0001fbe0       __scwprintf_p_l            00420be0 f   LIBCMTD:swprintf.obj
 0001:0001fc10       _memcpy_s                  00420c10 f   LIBCMTD:memcpy_s.obj
 0001:0001fda0       _wcscpy_s                  00420da0 f   LIBCMTD:wcscpy_s.obj
 0001:00020080       __alloca_probe             00421080     LIBCMTD:chkstk.obj
 0001:00020080       __chkstk                   00421080 f   LIBCMTD:chkstk.obj
 0001:000200ac       __local_unwind4            004210ac f   LIBCMTD:exsup4.obj
 0001:00020182       __seh_longjmp_unwind4@4    00421182 f   LIBCMTD:exsup4.obj
 0001:0002019e       @_EH4_CallFilterFunc@8     0042119e f   LIBCMTD:exsup4.obj
 0001:000201b5       @_EH4_TransferToHandler@8  004211b5 f   LIBCMTD:exsup4.obj
 0001:000201ce       @_EH4_GlobalUnwind@4       004211ce f   LIBCMTD:exsup4.obj
 0001:000201e8       @_EH4_LocalUnwind@16       004211e8 f   LIBCMTD:exsup4.obj
 0001:00020200       __ValidateImageBase        00421200 f   LIBCMTD:pesect.obj
 0001:00020260       __FindPESection            00421260 f   LIBCMTD:pesect.obj
 0001:000202e0       __IsNonwritableInCurrentImage 004212e0 f   LIBCMTD:pesect.obj
 0001:00020400       __woutput_s_l              00421400 f   LIBCMTD:woutputs.obj
 0001:00021730       __validate_param_reuseW    00422730 f   LIBCMTD:woutputp.obj
 0001:000219a0       __woutput_p_l              004229a0 f   LIBCMTD:woutputp.obj
 0001:00025100       __wcstombs_l_helper        00426100 f   LIBCMTD:wcstombs.obj
 0001:000255f0       __wcstombs_l               004265f0 f   LIBCMTD:wcstombs.obj
 0001:00025610       _wcstombs                  00426610 f   LIBCMTD:wcstombs.obj
 0001:00025630       __wcstombs_s_l             00426630 f   LIBCMTD:wcstombs.obj
 0001:00025960       _wcstombs_s                00426960 f   LIBCMTD:wcstombs.obj
 0001:00025990       __isalpha_l                00426990 f i LIBCMTD:_ctype.obj
 0001:00025a20       _isalpha                   00426a20 f i LIBCMTD:_ctype.obj
 0001:00025a60       __isupper_l                00426a60 f i LIBCMTD:_ctype.obj
 0001:00025ae0       _isupper                   00426ae0 f i LIBCMTD:_ctype.obj
 0001:00025b10       __islower_l                00426b10 f i LIBCMTD:_ctype.obj
 0001:00025b90       _islower                   00426b90 f i LIBCMTD:_ctype.obj
 0001:00025bc0       __isdigit_l                00426bc0 f i LIBCMTD:_ctype.obj
 0001:00025c40       _isdigit                   00426c40 f i LIBCMTD:_ctype.obj
 0001:00025c70       __isxdigit_l               00426c70 f i LIBCMTD:_ctype.obj
 0001:00025d00       _isxdigit                  00426d00 f i LIBCMTD:_ctype.obj
 0001:00025d40       __isspace_l                00426d40 f i LIBCMTD:_ctype.obj
 0001:00025dc0       _isspace                   00426dc0 f i LIBCMTD:_ctype.obj
 0001:00025df0       __ispunct_l                00426df0 f i LIBCMTD:_ctype.obj
 0001:00025e70       _ispunct                   00426e70 f i LIBCMTD:_ctype.obj
 0001:00025ea0       __isalnum_l                00426ea0 f i LIBCMTD:_ctype.obj
 0001:00025f30       _isalnum                   00426f30 f i LIBCMTD:_ctype.obj
 0001:00025f70       __isprint_l                00426f70 f i LIBCMTD:_ctype.obj
 0001:00026000       _isprint                   00427000 f i LIBCMTD:_ctype.obj
 0001:00026040       __isgraph_l                00427040 f i LIBCMTD:_ctype.obj
 0001:000260d0       _isgraph                   004270d0 f i LIBCMTD:_ctype.obj
 0001:00026110       __iscntrl_l                00427110 f i LIBCMTD:_ctype.obj
 0001:00026190       _iscntrl                   00427190 f i LIBCMTD:_ctype.obj
 0001:000261c0       ___isascii                 004271c0 f i LIBCMTD:_ctype.obj
 0001:000261e0       ___toascii                 004271e0 f i LIBCMTD:_ctype.obj
 0001:000261f0       __iscsymf_l                004271f0 f i LIBCMTD:_ctype.obj
 0001:00026230       ___iscsymf                 00427230 f i LIBCMTD:_ctype.obj
 0001:00026270       __iscsym_l                 00427270 f i LIBCMTD:_ctype.obj
 0001:000262b0       ___iscsym                  004272b0 f i LIBCMTD:_ctype.obj
 0001:000262f0       __wctomb_s_l               004272f0 f   LIBCMTD:wctomb.obj
 0001:000265f0       _wctomb_s                  004275f0 f   LIBCMTD:wctomb.obj
 0001:00026620       __wctomb_l                 00427620 f   LIBCMTD:wctomb.obj
 0001:000266a0       _wctomb                    004276a0 f   LIBCMTD:wctomb.obj
 0001:000266f0       __iswctype_l               004276f0 f   LIBCMTD:iswctype.obj
 0001:000267a0       _iswctype                  004277a0 f   LIBCMTD:iswctype.obj
 0001:00026830       _is_wctype                 00427830 f   LIBCMTD:iswctype.obj
 0001:00026850       __allshl                   00427850 f   LIBCMTD:llshl.obj
 0001:00026870       _fgetwc                    00427870 f   LIBCMTD:fgetwc.obj
 0001:00026960       __fgetwc_nolock            00427960 f   LIBCMTD:fgetwc.obj
 0001:00026cc0       _getwc                     00427cc0 f   LIBCMTD:fgetwc.obj
 0001:00026ce0       _ungetwc                   00427ce0 f   LIBCMTD:ungetwc.obj
 0001:00026dd0       __ungetwc_nolock           00427dd0 f   LIBCMTD:ungetwc.obj
 0001:00027110       __output_s_l               00428110 f   LIBCMTD:outputs.obj
 0001:000286a0       __validate_param_reuseA    004296a0 f   LIBCMTD:outputp.obj
 0001:00028920       __output_p_l               00429920 f   LIBCMTD:outputp.obj
 0001:0002c4e0       _get_crtdouble_arg         0042d4e0 f i LIBCMTD:outputp.obj
 0001:0002c500       __lseeki64                 0042d500 f   LIBCMTD:lseeki64.obj
 0001:0002c750       __lseeki64_nolock          0042d750 f   LIBCMTD:lseeki64.obj
 0001:0002c840       __write                    0042d840 f   LIBCMTD:write.obj
 0001:0002ca70       __write_nolock             0042da70 f   LIBCMTD:write.obj
 0001:0002d5b0       __getbuf                   0042e5b0 f   LIBCMTD:_getbuf.obj
 0001:0002d670       __initp_eh_hooks           0042e670 f   LIBCMTD:hooks.obj
 0001:0002d690       ?terminate@@YAXXZ          0042e690 f   LIBCMTD:hooks.obj
 0001:0002d710       ?unexpected@@YAXXZ         0042e710 f   LIBCMTD:hooks.obj
 0001:0002d740       ?_inconsistency@@YAXXZ     0042e740 f   LIBCMTD:hooks.obj
 0001:0002d7d0       __onexit                   0042e7d0 f   LIBCMTD:onexit.obj
 0001:0002d9a0       _atexit                    0042e9a0 f   LIBCMTD:onexit.obj
 0001:0002d9c0       ___onexitinit              0042e9c0 f   LIBCMTD:onexit.obj
 0001:0002da20       __initp_misc_rand_s        0042ea20 f   LIBCMTD:rand_s.obj
 0001:0002da30       _rand_s                    0042ea30 f   LIBCMTD:rand_s.obj
 0001:0002dc50       ___getlocaleinfo           0042ec50 f   LIBCMTD:inithelp.obj
 0001:0002def0       __initp_misc_purevirt      0042eef0 f   LIBCMTD:inithelp.obj
 0001:0002df00       __initp_misc_initcrit      0042ef00 f   LIBCMTD:initcrit.obj
 0001:0002df10       ___crtInitCritSecAndSpinCount 0042ef10 f   LIBCMTD:initcrit.obj
 0001:0002dfc0       __initp_heap_handler       0042efc0 f   LIBCMTD:handler.obj
 0001:0002dfe0       ?_set_new_handler@@YAP6AHI@ZP6AHI@Z@Z 0042efe0 f   LIBCMTD:handler.obj
 0001:0002e030       ?_set_new_handler@@YAP6AHI@ZH@Z 0042f030 f   LIBCMTD:handler.obj
 0001:0002e070       ?_query_new_handler@@YAP6AHI@ZXZ 0042f070 f   LIBCMTD:handler.obj
 0001:0002e090       __callnewh                 0042f090 f   LIBCMTD:handler.obj
 0001:0002e0d0       _V6_HeapAlloc              0042f0d0 f   LIBCMTD:malloc.obj
 0001:0002e170       __malloc_base              0042f170 f   LIBCMTD:malloc.obj
 0001:0002e200       __heap_alloc_base          0042f200 f i LIBCMTD:malloc.obj
 0001:0002e2c0       __CrtSetReportHook2        0042f2c0 f   LIBCMTD:dbgrpt.obj
 0001:0002e5e0       __CrtDbgReport             0042f5e0 f   LIBCMTD:dbgrpt.obj
 0001:0002e620       __CrtDbgReportV            0042f620 f i LIBCMTD:dbgrpt.obj
 0001:0002e650       ___crtMessageWindowA       0042f650 f   LIBCMTD:dbgrpt.obj
 0001:0002ea50       __expand_base              0042fa50 f   LIBCMTD:expand.obj
 0001:0002ed20       __realloc_base             0042fd20 f   LIBCMTD:realloc.obj
 0001:0002f0c0       __free_base                004300c0 f   LIBCMTD:free.obj
 0001:0002f1f0       __heapchk                  004301f0 f   LIBCMTD:heapchk.obj
 0001:0002f2c0       __heapset                  004302c0 f   LIBCMTD:heapchk.obj
 0001:0002f2d0       __get_sbh_threshold        004302d0 f   LIBCMTD:sbheap.obj
 0001:0002f320       __set_sbh_threshold        00430320 f   LIBCMTD:sbheap.obj
 0001:0002f4b0       __set_amblksiz             004304b0 f   LIBCMTD:sbheap.obj
 0001:0002f5c0       __get_amblksiz             004305c0 f   LIBCMTD:sbheap.obj
 0001:0002f6b0       ___sbh_heap_init           004306b0 f   LIBCMTD:sbheap.obj
 0001:0002f720       ___sbh_find_block          00430720 f   LIBCMTD:sbheap.obj
 0001:0002f780       ___sbh_verify_block        00430780 f   LIBCMTD:sbheap.obj
 0001:0002f7e0       ___sbh_free_block          004307e0 f   LIBCMTD:sbheap.obj
 0001:0002fda0       ___sbh_alloc_block         00430da0 f   LIBCMTD:sbheap.obj
 0001:000302c0       ___sbh_alloc_new_region    004312c0 f   LIBCMTD:sbheap.obj
 0001:000303d0       ___sbh_alloc_new_group     004313d0 f   LIBCMTD:sbheap.obj
 0001:000305c0       ___sbh_resize_block        004315c0 f   LIBCMTD:sbheap.obj
 0001:00030b90       ___sbh_heapmin             00431b90 f   LIBCMTD:sbheap.obj
 0001:00030cc0       ___sbh_heap_check          00431cc0 f   LIBCMTD:sbheap.obj
 0001:000311b0       _sprintf                   004321b0 f   LIBCMTD:sprintf.obj
 0001:00031330       __sprintf_l                00432330 f   LIBCMTD:sprintf.obj
 0001:00031360       _sprintf_s                 00432360 f   LIBCMTD:sprintf.obj
 0001:00031390       __sprintf_s_l              00432390 f   LIBCMTD:sprintf.obj
 0001:000313c0       __snprintf_s               004323c0 f   LIBCMTD:sprintf.obj
 0001:000313f0       __snprintf_s_l             004323f0 f   LIBCMTD:sprintf.obj
 0001:00031420       __sprintf_p                00432420 f   LIBCMTD:sprintf.obj
 0001:00031450       __sprintf_p_l              00432450 f   LIBCMTD:sprintf.obj
 0001:00031480       __scprintf                 00432480 f   LIBCMTD:sprintf.obj
 0001:000314a0       __scprintf_p               004324a0 f   LIBCMTD:sprintf.obj
 0001:000314c0       __scprintf_l               004324c0 f   LIBCMTD:sprintf.obj
 0001:000314f0       __scprintf_p_l             004324f0 f   LIBCMTD:sprintf.obj
 0001:00031520       __chvalidator              00432520 f   LIBCMTD:isctype.obj
 0001:00031570       __chvalidator_l            00432570 f   LIBCMTD:isctype.obj
 0001:00031620       __isctype_l                00432620 f   LIBCMTD:isctype.obj
 0001:00031740       __isctype                  00432740 f   LIBCMTD:isctype.obj
 0001:00031780       __set_error_mode           00432780 f   LIBCMTD:errmode.obj
 0001:00031840       ___set_app_type            00432840 f   LIBCMTD:errmode.obj
 0001:00031850       ___get_app_type            00432850 f   LIBCMTD:errmode.obj
 0001:00031860       ___crtMessageBoxA          00432860 f   LIBCMTD:crtmbox.obj
 0001:00031a80       _strcat_s                  00432a80 f   LIBCMTD:strcat_s.obj
 0001:00031e60       _strncpy_s                 00432e60 f   LIBCMTD:strncpy_s.obj
 0001:00032250       _strcpy_s                  00433250 f   LIBCMTD:strcpy_s.obj
 0001:00032530       _fclose                    00433530 f   LIBCMTD:fclose.obj
 0001:00032640       __fclose_nolock            00433640 f   LIBCMTD:fclose.obj
 0001:00032740       __commit                   00433740 f   LIBCMTD:commit.obj
 0001:00032960       _DebuggerKnownHandle       00433960 f   LIBCMTD:_error_.obj
 0001:00032a20       ?_RTC_Failure@@YAXPAXH@Z   00433a20 f   LIBCMTD:_error_.obj
 0001:00032d30       ?_RTC_StackFailure@@YAXPAXPBD@Z 00433d30 f   LIBCMTD:_error_.obj
 0001:00032e30       ?_RTC_AllocaFailure@@YAXPAXPAU_RTC_ALLOCA_NODE@@H@Z 00433e30 f   LIBCMTD:_error_.obj
 0001:00032fe0       __RTC_UninitUse            00433fe0 f   LIBCMTD:_error_.obj
 0001:000330d0       __fptrap                   004340d0 f   LIBCMTD:crt0fp.obj
 0001:000330f0       ?_JumpToContinuation@@YGXPAXPAUEHRegistrationNode@@@Z 004340f0 f   LIBCMTD:_trnsctrl_.obj
 0001:00033130       ?_CallMemberFunction0@@YGXPAX0@Z 00434130 f   LIBCMTD:_trnsctrl_.obj
 0001:00033140       ?_CallMemberFunction1@@YGXPAX00@Z 00434140 f   LIBCMTD:_trnsctrl_.obj
 0001:00033150       ?_CallMemberFunction2@@YGXPAX00H@Z 00434150 f   LIBCMTD:_trnsctrl_.obj
 0001:00033160       ?_UnwindNestedFrames@@YGXPAUEHRegistrationNode@@PAUEHExceptionRecord@@@Z 00434160 f   LIBCMTD:_trnsctrl_.obj
 0001:000331c0       ___CxxFrameHandler         004341c0 f   LIBCMTD:_trnsctrl_.obj
 0001:00033200       ___CxxFrameHandler3        00434200 f   LIBCMTD:_trnsctrl_.obj
 0001:00033240       ___CxxFrameHandler2        00434240 f   LIBCMTD:_trnsctrl_.obj
 0001:00033280       ___CxxLongjmpUnwind@4      00434280 f   LIBCMTD:_trnsctrl_.obj
 0001:000332b0       ?_CallCatchBlock2@@YAPAXPAUEHRegistrationNode@@PBU_s_FuncInfo@@PAXHK@Z 004342b0 f   LIBCMTD:_trnsctrl_.obj
 0001:00033370       ?_CallSETranslator@@YAHPAUEHExceptionRecord@@PAUEHRegistrationNode@@PAX2PBU_s_FuncInfo@@H1@Z 00434370 f   LIBCMTD:_trnsctrl_.obj
 0001:00033510       ?_GetRangeOfTrysToCheck@@YAPBU_s_TryBlockMapEntry@@PBU_s_FuncInfo@@HHPAI1@Z 00434510 f   LIBCMTD:_trnsctrl_.obj
 0001:00033590       __CreateFrameInfo          00434590 f   LIBCMTD:_trnsctrl_.obj
 0001:000335c0       __IsExceptionObjectToBeDestroyed 004345c0 f   LIBCMTD:_trnsctrl_.obj
 0001:000335f0       __FindAndUnlinkFrame       004345f0 f   LIBCMTD:_trnsctrl_.obj
 0001:00033650       ___crtLCMapStringA         00434650 f   LIBCMTD:a_map.obj
 0001:00033bb0       __MarkAllocaS              00434bb0 f i LIBCMTD:a_map.obj
 0001:00033be0       __freea                    00434be0 f i LIBCMTD:a_map.obj
 0001:00033ca0       ___crtGetStringTypeA       00434ca0 f   LIBCMTD:a_str.obj
 0001:00033f30       ___pwctype_func            00434f30 f   LIBCMTD:ctype.obj
 0001:00033f40       ___pctype_func             00434f40 f   LIBCMTD:ctype.obj
 0001:00033f90       ___init_time               00434f90 f   LIBCMTD:inittime.obj
 0001:000346b0       ___free_lc_time            004356b0 f   LIBCMTD:inittime.obj
 0001:000349c0       ___init_numeric            004359c0 f   LIBCMTD:initnum.obj
 0001:00034d20       ___free_lconv_num          00435d20 f   LIBCMTD:initnum.obj
 0001:00034d90       ___init_monetary           00435d90 f   LIBCMTD:initmon.obj
 0001:00035290       ___free_lconv_mon          00436290 f   LIBCMTD:initmon.obj
 0001:00035380       ___init_ctype              00436380 f   LIBCMTD:initctyp.obj
 0001:00035930       ____mb_cur_max_func        00436930 f   LIBCMTD:initctyp.obj
 0001:00035980       ____mb_cur_max_l_func      00436980 f   LIBCMTD:initctyp.obj
 0001:000359b0       ____lc_codepage_func       004369b0 f   LIBCMTD:initctyp.obj
 0001:00035a00       ____lc_collate_cp_func     00436a00 f   LIBCMTD:initctyp.obj
 0001:00035a50       ____lc_handle_func         00436a50 f   LIBCMTD:initctyp.obj
 0001:00035aa0       ___init_collate            00436aa0 f   LIBCMTD:initcoll.obj
 0001:00035ab0       __Getdays_l                00436ab0 f   LIBCMTD:strftime.obj
 0001:00035c70       __Getdays                  00436c70 f   LIBCMTD:strftime.obj
 0001:00035c90       __Getmonths_l              00436c90 f   LIBCMTD:strftime.obj
 0001:00035e50       __Getmonths                00436e50 f   LIBCMTD:strftime.obj
 0001:00035e70       __Gettnames_l              00436e70 f   LIBCMTD:strftime.obj
 0001:000363e0       __Gettnames                004373e0 f   LIBCMTD:strftime.obj
 0001:00036400       __strftime_l               00437400 f   LIBCMTD:strftime.obj
 0001:00036430       _strftime                  00437430 f   LIBCMTD:strftime.obj
 0001:00036460       __Strftime                 00437460 f   LIBCMTD:strftime.obj
 0001:00036490       __Strftime_l               00437490 f   LIBCMTD:strftime.obj
 0001:000382a0       _localeconv                004392a0 f   LIBCMTD:lconv.obj
 0001:000382f0       _strcmp                    004392f0 f   LIBCMTD:strcmp.obj
 0001:00038380       _strcspn                   00439380 f   LIBCMTD:strcspn.obj
 0001:000383d0       _strncmp                   004393d0 f   LIBCMTD:strncmp.obj
 0001:00038550       _strpbrk                   00439550 f   LIBCMTD:strpbrk.obj
 0001:00038590       _memcmp                    00439590 f   LIBCMTD:memcmp.obj
 0001:00039000       ___get_qualified_locale    0043a000 f   LIBCMTD:getqloc.obj
 0001:00039ea0       __flswbuf                  0043aea0 f   LIBCMTD:_flswbuf.obj
 0001:0003a180       __VEC_memzero              0043b180 f   LIBCMTD:p4_memset.obj
 0001:0003a270       __mbstowcs_l_helper        0043b270 f   LIBCMTD:mbstowcs.obj
 0001:0003a5c0       __mbstowcs_l               0043b5c0 f   LIBCMTD:mbstowcs.obj
 0001:0003a5e0       _mbstowcs                  0043b5e0 f   LIBCMTD:mbstowcs.obj
 0001:0003a630       __mbstowcs_s_l             0043b630 f   LIBCMTD:mbstowcs.obj
 0001:0003a9b0       _mbstowcs_s                0043b9b0 f   LIBCMTD:mbstowcs.obj
 0001:0003a9e0       __vsnprintf_helper         0043b9e0 f   LIBCMTD:vsnprnc.obj
 0001:0003abb0       __vsnprintf_c              0043bbb0 f   LIBCMTD:vsnprnc.obj
 0001:0003ac00       __vsnprintf_c_l            0043bc00 f   LIBCMTD:vsnprnc.obj
 0001:0003ac50       __vsprintf_s_l             0043bc50 f   LIBCMTD:vsnprnc.obj
 0001:0003aec0       _vsprintf_s                0043bec0 f   LIBCMTD:vsnprnc.obj
 0001:0003aef0       __vsnprintf_s_l            0043bef0 f   LIBCMTD:vsnprnc.obj
 0001:0003b290       __vsnprintf_s              0043c290 f   LIBCMTD:vsnprnc.obj
 0001:0003b2c0       __vsprintf_p               0043c2c0 f   LIBCMTD:vsnprnc.obj
 0001:0003b310       __vsprintf_p_l             0043c310 f   LIBCMTD:vsnprnc.obj
 0001:0003b360       __itoa_s                   0043c360 f   LIBCMTD:xtoas.obj
 0001:0003b730       __ltoa_s                   0043c730 f   LIBCMTD:xtoas.obj
 0001:0003b770       __ultoa_s                  0043c770 f   LIBCMTD:xtoas.obj
 0001:0003b790       __i64toa_s                 0043c790 f   LIBCMTD:xtoas.obj
 0001:0003bb90       __ui64toa_s                0043cb90 f   LIBCMTD:xtoas.obj
 0001:0003bbb0       _wcscat_s                  0043cbb0 f   LIBCMTD:wcscat_s.obj
 0001:0003bfb0       __vswprintf_helper         0043cfb0 f   LIBCMTD:vswprnc.obj
 0001:0003c1e0       __vswprintf_c              0043d1e0 f   LIBCMTD:vswprnc.obj
 0001:0003c230       __vswprintf_c_l            0043d230 f   LIBCMTD:vswprnc.obj
 0001:0003c280       __vswprintf_s_l            0043d280 f   LIBCMTD:vswprnc.obj
 0001:0003c4f0       _vswprintf_s               0043d4f0 f   LIBCMTD:vswprnc.obj
 0001:0003c520       __vsnwprintf_s_l           0043d520 f   LIBCMTD:vswprnc.obj
 0001:0003c8d0       __vsnwprintf_s             0043d8d0 f   LIBCMTD:vswprnc.obj
 0001:0003c900       __vswprintf_p              0043d900 f   LIBCMTD:vswprnc.obj
 0001:0003c950       __vswprintf_p_l            0043d950 f   LIBCMTD:vswprnc.obj
 0001:0003c9a0       __itow_s                   0043d9a0 f   LIBCMTD:xtows.obj
 0001:0003cd80       __ltow_s                   0043dd80 f   LIBCMTD:xtows.obj
 0001:0003cdc0       __ultow_s                  0043ddc0 f   LIBCMTD:xtows.obj
 0001:0003cde0       __i64tow_s                 0043dde0 f   LIBCMTD:xtows.obj
 0001:0003d200       __ui64tow_s                0043e200 f   LIBCMTD:xtows.obj
 0001:0003d220       __vswprintf_l              0043e220 f   LIBCMTD:vswprint.obj
 0001:0003d3f0       __vswprintf                0043e3f0 f   LIBCMTD:vswprint.obj
 0001:0003d410       ___vswprintf_l             0043e410 f   LIBCMTD:vswprint.obj
 0001:0003d430       __vscwprintf_helper        0043e430 f   LIBCMTD:vswprint.obj
 0001:0003d4f0       __vscwprintf               0043e4f0 f   LIBCMTD:vswprint.obj
 0001:0003d510       __vscwprintf_l             0043e510 f   LIBCMTD:vswprint.obj
 0001:0003d530       __vscwprintf_p             0043e530 f   LIBCMTD:vswprint.obj
 0001:0003d550       __vscwprintf_p_l           0043e550 f   LIBCMTD:vswprint.obj
 0001:0003d570       __global_unwind2           0043e570 f   LIBCMTD:exsup.obj
 0001:0003d5d5       __local_unwind2            0043e5d5 f   LIBCMTD:exsup.obj
 0001:0003d659       __abnormal_termination     0043e659 f   LIBCMTD:exsup.obj
 0001:0003d67c       __NLG_Notify1              0043e67c f   LIBCMTD:exsup.obj
 0001:0003d685       __NLG_Notify               0043e685 f   LIBCMTD:exsup.obj
 0001:0003d69c       __NLG_Dispatch2            0043e69c     LIBCMTD:exsup.obj
 0001:0003d69c       __NLG_Dispatch             0043e69c     LIBCMTD:exsup.obj
 0001:0003d6a4       __NLG_Call                 0043e6a4 f   LIBCMTD:exsup.obj
 0001:0003d6a6       __NLG_Return2              0043e6a6     LIBCMTD:exsup.obj
 0001:0003d6b0       _wcstol                    0043e6b0 f   LIBCMTD:wcstol.obj
 0001:0003db30       __wcstol_l                 0043eb30 f   LIBCMTD:wcstol.obj
 0001:0003db60       _wcstoul                   0043eb60 f   LIBCMTD:wcstol.obj
 0001:0003dbb0       __wcstoul_l                0043ebb0 f   LIBCMTD:wcstol.obj
 0001:0003dbe0       ___crtGetStringTypeW       0043ebe0 f   LIBCMTD:w_str.obj
 0001:0003dc60       __filwbuf                  0043ec60 f   LIBCMTD:_filwbuf.obj
 0001:0003dec0       _ungetc                    0043eec0 f   LIBCMTD:ungetc.obj
 0001:0003dfb0       __ungetc_nolock            0043efb0 f   LIBCMTD:ungetc.obj
 0001:0003e1d0       __filbuf                   0043f1d0 f   LIBCMTD:_filbuf.obj
 0001:0003e420       _strtol                    0043f420 f   LIBCMTD:strtol.obj
 0001:0003e950       __strtol_l                 0043f950 f   LIBCMTD:strtol.obj
 0001:0003e980       _strtoul                   0043f980 f   LIBCMTD:strtol.obj
 0001:0003e9d0       __strtoul_l                0043f9d0 f   LIBCMTD:strtol.obj
 0001:0003ea00       __alloc_osfhnd             0043fa00 f   LIBCMTD:osfinfo.obj
 0001:0003ecb0       __set_osfhnd               0043fcb0 f   LIBCMTD:osfinfo.obj
 0001:0003ed80       __free_osfhnd              0043fd80 f   LIBCMTD:osfinfo.obj
 0001:0003ee70       __get_osfhandle            0043fe70 f   LIBCMTD:osfinfo.obj
 0001:0003f000       __open_osfhandle           00440000 f   LIBCMTD:osfinfo.obj
 0001:0003f230       ___lock_fhandle            00440230 f   LIBCMTD:osfinfo.obj
 0001:0003f330       __unlock_fhandle           00440330 f   LIBCMTD:osfinfo.obj
 0001:0003f360       __putwch                   00440360 f   LIBCMTD:putwch.obj
 0001:0003f3f0       __putwch_nolock            004403f0 f   LIBCMTD:putwch.obj
 0001:0003f4f0       __cputws                   004404f0 f   LIBCMTD:putwch.obj
 0001:0003f640       _abort                     00440640 f   LIBCMTD:abort.obj
 0001:0003f780       __set_abort_behavior       00440780 f   LIBCMTD:abort.obj
 0001:0003f7b0       ___crtGetLocaleInfoW       004407b0 f   LIBCMTD:w_loc.obj
 0001:0003f820       ___crtGetLocaleInfoA       00440820 f   LIBCMTD:a_loc.obj
 0001:0003fa00       _memmove                   00440a00 f   LIBCMTD:memmove.obj
 0001:0003fd70       __vsprintf_l               00440d70 f   LIBCMTD:vsprintf.obj
 0001:0003fef0       _vsprintf                  00440ef0 f   LIBCMTD:vsprintf.obj
 0001:0003ff10       __vscprintf_helper         00440f10 f   LIBCMTD:vsprintf.obj
 0001:0003ffd0       __vscprintf                00440fd0 f   LIBCMTD:vsprintf.obj
 0001:0003fff0       __vscprintf_l              00440ff0 f   LIBCMTD:vsprintf.obj
 0001:00040010       __vscprintf_p              00441010 f   LIBCMTD:vsprintf.obj
 0001:00040030       __vscprintf_p_l            00441030 f   LIBCMTD:vsprintf.obj
 0001:00040050       __close                    00441050 f   LIBCMTD:close.obj
 0001:00040260       __close_nolock             00441260 f   LIBCMTD:close.obj
 0001:00040330       __freebuf                  00441330 f   LIBCMTD:_freebuf.obj
 0001:000403c0       ?_RTC_GetSrcLine@@YAHPAEPA_WKPAH1K@Z 004413c0 f   LIBCMTD:_pdblkup_.obj
 0001:00040860       __RTC_NumErrors            00441860 f   LIBCMTD:_userapi_.obj
 0001:00040870       __RTC_GetErrDesc           00441870 f   LIBCMTD:_userapi_.obj
 0001:00040890       __RTC_SetErrorType         00441890 f   LIBCMTD:_userapi_.obj
 0001:000408c0       __RTC_SetErrorFunc         004418c0 f   LIBCMTD:_userapi_.obj
 0001:000408e0       __RTC_SetErrorFuncW        004418e0 f   LIBCMTD:_userapi_.obj
 0001:00040900       ?_RTC_GetErrorFunc@@YAP6AHHPBDH00ZZPBX@Z 00441900 f   LIBCMTD:_userapi_.obj
 0001:00040910       ?_RTC_GetErrorFuncW@@YAP6AHHPB_WH00ZZPBX@Z 00441910 f   LIBCMTD:_userapi_.obj
 0001:00040920       ___InternalCxxFrameHandler 00441920 f   LIBCMTD:frame.obj
 0001:00040f20       ??0bad_exception@std@@QAE@PBD@Z 00441f20 f i LIBCMTD:frame.obj
 0001:00040f50       ??1bad_exception@std@@UAE@XZ 00441f50 f i LIBCMTD:frame.obj
 0001:00040f70       ??_Ebad_exception@std@@UAEPAXI@Z 00441f70 f i LIBCMTD:frame.obj
 0001:00040f70       ??_Gbad_exception@std@@UAEPAXI@Z 00441f70 f i LIBCMTD:frame.obj
 0001:00040fa0       ??0bad_exception@std@@QAE@ABV01@@Z 00441fa0 f i LIBCMTD:frame.obj
 0001:00041150       ___TypeMatch               00442150 f   LIBCMTD:frame.obj
 0001:00041200       ___FrameUnwindFilter       00442200 f   LIBCMTD:frame.obj
 0001:00041280       ___FrameUnwindToState      00442280 f   LIBCMTD:frame.obj
 0001:000417c0       ___BuildCatchObjectHelper  004427c0 f   LIBCMTD:frame.obj
 0001:00041a30       ___BuildCatchObject        00442a30 f   LIBCMTD:frame.obj
 0001:00041b40       ___DestructExceptionObject 00442b40 f   LIBCMTD:frame.obj
 0001:00041bf0       ___AdjustPointer           00442bf0 f   LIBCMTD:frame.obj
 0001:00041c40       ?__uncaught_exception@@YA_NXZ 00442c40 f   LIBCMTD:frame.obj
 0001:00041c60       ___CxxExceptionFilter      00442c60 f   LIBCMTD:frame.obj
 0001:00041e50       ___CxxRegisterExceptionObject 00442e50 f   LIBCMTD:frame.obj
 0001:00041f80       ___CxxDetectRethrow        00442f80 f   LIBCMTD:frame.obj
 0001:00042010       ___CxxUnregisterExceptionObject 00443010 f   LIBCMTD:frame.obj
 0001:00042190       ___CxxQueryExceptionSize   00443190 f   LIBCMTD:frame.obj
 0001:000421a0       ___CxxCallUnwindDtor       004431a0 f   LIBCMTD:frame.obj
 0001:00042220       ___CxxCallUnwindDelDtor    00443220 f   LIBCMTD:frame.obj
 0001:000422a0       ___CxxCallUnwindStdDelDtor 004432a0 f   LIBCMTD:frame.obj
 0001:00042320       ___CxxCallUnwindVecDtor    00443320 f   LIBCMTD:frame.obj
 0001:00042550       ?_is_exception_typeof@@YAHABVtype_info@@PAU_EXCEPTION_POINTERS@@@Z 00443550 f   LIBCMTD:frame.obj
 0001:00042630       __CallSettingFrame@12      00443630 f   LIBCMTD:lowhelpr.obj
 0001:00042657       __NLG_Return               00443657     LIBCMTD:lowhelpr.obj
 0001:00042680       _malloc                    00443680 f   LIBCMTD:dbgmalloc.obj
 0001:000426b0       ___ansicp                  004436b0 f   LIBCMTD:convrtcp.obj
 0001:00042710       ___convertcp               00443710 f   LIBCMTD:convrtcp.obj
 0001:00042960       _free                      00443960 f   LIBCMTD:dbgfree.obj
 0001:00042980       __get_daylight             00443980 f   LIBCMTD:timeset.obj
 0001:00042a00       __get_dstbias              00443a00 f   LIBCMTD:timeset.obj
 0001:00042a80       __get_timezone             00443a80 f   LIBCMTD:timeset.obj
 0001:00042b00       __get_tzname               00443b00 f   LIBCMTD:timeset.obj
 0001:00042cd0       ___daylight                00443cd0 f   LIBCMTD:timeset.obj
 0001:00042ce0       ___dstbias                 00443ce0 f   LIBCMTD:timeset.obj
 0001:00042cf0       ___timezone                00443cf0 f   LIBCMTD:timeset.obj
 0001:00042d00       ___tzname                  00443d00 f   LIBCMTD:timeset.obj
 0001:00042d10       ___tzset                   00443d10 f   LIBCMTD:tzset.obj
 0001:00042db0       __tzset                    00443db0 f   LIBCMTD:tzset.obj
 0001:00043360       __set_daylight             00444360 f i LIBCMTD:tzset.obj
 0001:00043380       __set_dstbias              00444380 f i LIBCMTD:tzset.obj
 0001:000433a0       __set_timezone             004443a0 f i LIBCMTD:tzset.obj
 0001:000433c0       __isindst                  004443c0 f   LIBCMTD:tzset.obj
 0001:00043a70       __stricmp_l                00444a70 f   LIBCMTD:stricmp.obj
 0001:00043c20       ___ascii_stricmp           00444c20 f   LIBCMTD:stricmp.obj
 0001:00043ca0       __stricmp                  00444ca0 f   LIBCMTD:stricmp.obj
 0001:00043db0       __strnicmp_l               00444db0 f   LIBCMTD:strnicmp.obj
 0001:00043ff0       __strnicmp                 00444ff0 f   LIBCMTD:strnicmp.obj
 0001:00044180       _atol                      00445180 f   LIBCMTD:atox.obj
 0001:000441a0       __atol_l                   004451a0 f   LIBCMTD:atox.obj
 0001:000441c0       _atoi                      004451c0 f   LIBCMTD:atox.obj
 0001:000441e0       __atoi_l                   004451e0 f   LIBCMTD:atox.obj
 0001:00044200       __atoi64                   00445200 f   LIBCMTD:atox.obj
 0001:00044220       __atoi64_l                 00445220 f   LIBCMTD:atox.obj
 0001:00044240       __wchartodigit             00445240 f   LIBCMTD:wchtodig.obj
 0001:00044570       __read                     00445570 f   LIBCMTD:read.obj
 0001:00044800       __read_nolock              00445800 f   LIBCMTD:read.obj
 0001:00045750       ___initconin               00446750 f   LIBCMTD:initcon.obj
 0001:00045780       ___initconout              00446780 f   LIBCMTD:initcon.obj
 0001:000457b0       ___termcon                 004467b0 f   LIBCMTD:initcon.obj
 0001:00045800       ?_ValidateRead@@YAHPBXI@Z  00446800 f   LIBCMTD:validate.obj
 0001:00045830       ?_ValidateWrite@@YAHPAXI@Z 00446830 f   LIBCMTD:validate.obj
 0001:00045860       ?_ValidateExecute@@YAHP6GHXZ@Z 00446860 f   LIBCMTD:validate.obj
 0001:00045890       __CxxThrowException@8      00446890 f   LIBCMTD:throw.obj
 0001:000458f0       ?name@type_info@@QBEPBDPAU__type_info_node@@@Z 004468f0 f   LIBCMTD:typinfo.obj
 0001:00045910       ??1type_info@@UAE@XZ       00446910 f   LIBCMTD:typinfo.obj
 0001:00045940       ??_Etype_info@@UAEPAXI@Z   00446940 f i LIBCMTD:typinfo.obj
 0001:00045940       ??_Gtype_info@@UAEPAXI@Z   00446940 f i LIBCMTD:typinfo.obj
 0001:00045970       ?_name_internal_method@type_info@@QBEPBDPAU__type_info_node@@@Z 00446970 f   LIBCMTD:typinfo.obj
 0001:00045990       ?_type_info_dtor_internal_method@type_info@@QAEXXZ 00446990 f   LIBCMTD:typinfo.obj
 0001:000459b0       ??8type_info@@QBE_NABV0@@Z 004469b0 f   LIBCMTD:typinfo.obj
 0001:000459e0       ??9type_info@@QBE_NABV0@@Z 004469e0 f   LIBCMTD:typinfo.obj
 0001:00045a10       ?before@type_info@@QBEHABV1@@Z 00446a10 f   LIBCMTD:typinfo.obj
 0001:00045a40       ?raw_name@type_info@@QBEPBDXZ 00446a40 f   LIBCMTD:typinfo.obj
 0001:00045a60       ??0type_info@@AAE@ABV0@@Z  00446a60 f   LIBCMTD:typinfo.obj
 0001:00045a80       ??4type_info@@AAEAAV0@ABV0@@Z 00446a80 f   LIBCMTD:typinfo.obj
 0001:00045aa0       ??0exception@std@@QAE@XZ   00446aa0 f   LIBCMTD:stdexcpt.obj
 0001:00045ad0       ??_Gexception@std@@UAEPAXI@Z 00446ad0 f i LIBCMTD:stdexcpt.obj
 0001:00045ad0       ??_Eexception@std@@UAEPAXI@Z 00446ad0 f i LIBCMTD:stdexcpt.obj
 0001:00045b00       ??0exception@std@@QAE@ABQBD@Z 00446b00 f   LIBCMTD:stdexcpt.obj
 0001:00045b90       ??0exception@std@@QAE@ABQBDH@Z 00446b90 f   LIBCMTD:stdexcpt.obj
 0001:00045bc0       ??0exception@std@@QAE@ABV01@@Z 00446bc0 f   LIBCMTD:stdexcpt.obj
 0001:00045c60       ??4exception@std@@QAEAAV01@ABV01@@Z 00446c60 f   LIBCMTD:stdexcpt.obj
 0001:00045d10       ??1exception@std@@UAE@XZ   00446d10 f   LIBCMTD:stdexcpt.obj
 0001:00045d40       ?what@exception@std@@UBEPBDXZ 00446d40 f   LIBCMTD:stdexcpt.obj
 0001:00045d70       ??0bad_cast@std@@QAE@PBD@Z 00446d70 f   LIBCMTD:stdexcpt.obj
 0001:00045da0       ??_Gbad_cast@std@@UAEPAXI@Z 00446da0 f i LIBCMTD:stdexcpt.obj
 0001:00045da0       ??_Ebad_cast@std@@UAEPAXI@Z 00446da0 f i LIBCMTD:stdexcpt.obj
 0001:00045dd0       ??0bad_cast@std@@QAE@ABV01@@Z 00446dd0 f   LIBCMTD:stdexcpt.obj
 0001:00045e00       ??1bad_cast@std@@UAE@XZ    00446e00 f   LIBCMTD:stdexcpt.obj
 0001:00045e20       ??0bad_typeid@std@@QAE@PBD@Z 00446e20 f   LIBCMTD:stdexcpt.obj
 0001:00045e50       ??_Gbad_typeid@std@@UAEPAXI@Z 00446e50 f i LIBCMTD:stdexcpt.obj
 0001:00045e50       ??_Ebad_typeid@std@@UAEPAXI@Z 00446e50 f i LIBCMTD:stdexcpt.obj
 0001:00045e80       ??0bad_typeid@std@@QAE@ABV01@@Z 00446e80 f   LIBCMTD:stdexcpt.obj
 0001:00045eb0       ??1bad_typeid@std@@UAE@XZ  00446eb0 f   LIBCMTD:stdexcpt.obj
 0001:00045ed0       ??0__non_rtti_object@std@@QAE@PBD@Z 00446ed0 f   LIBCMTD:stdexcpt.obj
 0001:00045f00       ??_E__non_rtti_object@std@@UAEPAXI@Z 00446f00 f i LIBCMTD:stdexcpt.obj
 0001:00045f00       ??_G__non_rtti_object@std@@UAEPAXI@Z 00446f00 f i LIBCMTD:stdexcpt.obj
 0001:00045f30       ??0__non_rtti_object@std@@QAE@ABV01@@Z 00446f30 f   LIBCMTD:stdexcpt.obj
 0001:00045f60       ??1__non_rtti_object@std@@UAE@XZ 00446f60 f   LIBCMTD:stdexcpt.obj
 0001:00045f80       ??3@YAXPAX@Z               00446f80 f   LIBCMTD:dbgdel.obj
 0001:00046070       _getenv                    00447070 f   LIBCMTD:getenv.obj
 0001:000461c0       __getenv_helper_nolock     004471c0 f   LIBCMTD:getenv.obj
 0001:000462e0       _getenv_s                  004472e0 f   LIBCMTD:getenv.obj
 0001:00046510       __dupenv_s                 00447510 f   LIBCMTD:getenv.obj
 0001:00046540       __dupenv_s_dbg             00447540 f   LIBCMTD:getenv.obj
 0001:00046790       __tolower                  00447790 f   LIBCMTD:tolower.obj
 0001:000467a0       __tolower_l                004477a0 f   LIBCMTD:tolower.obj
 0001:00046980       _tolower                   00447980 f   LIBCMTD:tolower.obj
 0001:000469d0       ___ascii_strnicmp          004479d0 f   LIBCMTD:_strnicm.obj
 0001:00046a40       __strtoi64                 00447a40 f   LIBCMTD:strtoq.obj
 0001:00046fb0       __strtoi64_l               00447fb0 f   LIBCMTD:strtoq.obj
 0001:00046ff0       __strtoui64                00447ff0 f   LIBCMTD:strtoq.obj
 0001:00047040       __strtoui64_l              00448040 f   LIBCMTD:strtoq.obj
 0001:00047070       ?_Type_info_dtor@type_info@@CAXPAV1@@Z 00448070 f   LIBCMTD:typname.obj
 0001:00047180       ?_Name_base@type_info@@CAPBDPBV1@PAU__type_info_node@@@Z 00448180 f   LIBCMTD:typname.obj
 0001:00047320       ?_Type_info_dtor_internal@type_info@@CAXPAV1@@Z 00448320 f   LIBCMTD:typname.obj
 0001:00047430       ___unDNameHelper           00448430 f   LIBCMTD:typname.obj
 0001:00047470       ?_Name_base_internal@type_info@@CAPBDPBV1@PAU__type_info_node@@@Z 00448470 f   LIBCMTD:typname.obj
 0001:00047630       ___clean_type_info_names_internal 00448630 f   LIBCMTD:typname.obj
 0001:000476f0       _strnlen                   004486f0 f   LIBCMTD:strlen_s.obj
 0001:00047730       __mbsnbicoll_l             00448730 f   LIBCMTD:mbsnbico.obj
 0001:00047970       __mbsnbicoll               00448970 f   LIBCMTD:mbsnbico.obj
 0001:00047990       ___wtomb_environ           00448990 f   LIBCMTD:wtombenv.obj
 0001:00047a80       __allmul                   00448a80 f   LIBCMTD:llmul.obj
 0001:00047ac0       ___unDName                 00448ac0 f   LIBCMTD:undname.obj
 0001:00047ba0       ?Constructor@HeapManager@@QAEXP6APAXI@ZP6AXPAX@Z@Z 00448ba0 f i LIBCMTD:undname.obj
 0001:00047be0       ?Destructor@HeapManager@@QAEXXZ 00448be0 f i LIBCMTD:undname.obj
 0001:00047c30       ___unDNameEx               00448c30 f   LIBCMTD:undname.obj
 0001:00047d10       ??0UnDecorator@@QAE@PADPBDHP6APADJ@ZK@Z 00448d10 f i LIBCMTD:undname.obj
 0001:00047db0       ??BUnDecorator@@QAEPADXZ   00448db0 f i LIBCMTD:undname.obj
 0001:00047fe0       ?dbGetString@DName@@QBEPADXZ 00448fe0 f   LIBCMTD:undname.obj
 0001:00048010       ?getDecoratedName@UnDecorator@@CA?AVDName@@XZ 00449010 f   LIBCMTD:undname.obj
 0001:00048320       ?getSymbolName@UnDecorator@@CA?AVDName@@XZ 00449320 f i LIBCMTD:undname.obj
 0001:000483a0       ?getZName@UnDecorator@@CA?AVDName@@_N0@Z 004493a0 f   LIBCMTD:undname.obj
 0001:00048640       ?getOperatorName@UnDecorator@@CA?AVDName@@_NPA_N@Z 00449640 f i LIBCMTD:undname.obj
 0001:00048fb0       ?getStringEncoding@UnDecorator@@CA?AVDName@@PADH@Z 00449fb0 f   LIBCMTD:undname.obj
 0001:000490b0       ?getScope@UnDecorator@@CA?AVDName@@XZ 0044a0b0 f   LIBCMTD:undname.obj
 0001:00049490       ?getSignedDimension@UnDecorator@@CA?AVDName@@XZ 0044a490 f   LIBCMTD:undname.obj
 0001:00049510       ?getDimension@UnDecorator@@CA?AVDName@@_N@Z 0044a510 f   LIBCMTD:undname.obj
 0001:000497c0       ?getNumberOfDimensions@UnDecorator@@CAHXZ 0044a7c0 f   LIBCMTD:undname.obj
 0001:000498c0       ?getTemplateName@UnDecorator@@CA?AVDName@@_N@Z 0044a8c0 f   LIBCMTD:undname.obj
 0001:00049a80       ?getTemplateArgumentList@UnDecorator@@CA?AVDName@@XZ 0044aa80 f   LIBCMTD:undname.obj
 0001:00049d00       ?getTemplateConstant@UnDecorator@@CA?AVDName@@XZ 0044ad00 f   LIBCMTD:undname.obj
 0001:0004a190       ?composeDeclaration@UnDecorator@@CA?AVDName@@ABV2@@Z 0044b190 f i LIBCMTD:undname.obj
 0001:0004b790       ?getTypeEncoding@UnDecorator@@CAHXZ 0044c790 f i LIBCMTD:undname.obj
 0001:0004c1d0       ?getBasedType@UnDecorator@@CA?AVDName@@XZ 0044d1d0 f   LIBCMTD:undname.obj
 0001:0004c290       ?getScopedName@UnDecorator@@CA?AVDName@@XZ 0044d290 f   LIBCMTD:undname.obj
 0001:0004c3b0       ?getCallingConvention@UnDecorator@@CA?AVDName@@XZ 0044d3b0 f   LIBCMTD:undname.obj
 0001:0004c510       ?getReturnType@UnDecorator@@CA?AVDName@@PAV2@@Z 0044d510 f   LIBCMTD:undname.obj
 0001:0004c560       ?getDataType@UnDecorator@@CA?AVDName@@PAV2@@Z 0044d560 f   LIBCMTD:undname.obj
 0001:0004c670       ?getPrimaryDataType@UnDecorator@@CA?AVDName@@ABV2@@Z 0044d670 f   LIBCMTD:undname.obj
 0001:0004c920       ?getArgumentTypes@UnDecorator@@CA?AVDName@@XZ 0044d920 f   LIBCMTD:undname.obj
 0001:0004ca80       ?getArgumentList@UnDecorator@@CA?AVDName@@XZ 0044da80 f   LIBCMTD:undname.obj
 0001:0004cbd0       ?getThrowTypes@UnDecorator@@CA?AVDName@@XZ 0044dbd0 f   LIBCMTD:undname.obj
 0001:0004cc80       ?getBasicDataType@UnDecorator@@CA?AVDName@@ABV2@@Z 0044dc80 f   LIBCMTD:undname.obj
 0001:0004d230       ?getECSUDataType@UnDecorator@@CA?AVDName@@XZ 0044e230 f   LIBCMTD:undname.obj
 0001:0004d400       ?getECSUName@UnDecorator@@CA?AVDName@@XZ 0044e400 f i LIBCMTD:undname.obj
 0001:0004d420       ?getEnumType@UnDecorator@@CA?AVDName@@XZ 0044e420 f i LIBCMTD:undname.obj
 0001:0004d570       ?getFunctionIndirectType@UnDecorator@@CA?AVDName@@ABV2@@Z 0044e570 f   LIBCMTD:undname.obj
 0001:0004d9b0       ?getPtrRefType@UnDecorator@@CA?AVDName@@ABV2@0D@Z 0044e9b0 f   LIBCMTD:undname.obj
 0001:0004db10       ?getExtendedDataIndirectType@UnDecorator@@CA?AVDName@@AADAA_NH@Z 0044eb10 f   LIBCMTD:undname.obj
 0001:0004dd20       ?getDataIndirectType@UnDecorator@@CA?AVDName@@ABV2@D0H@Z 0044ed20 f   LIBCMTD:undname.obj
 0001:0004e420       ?getPtrRefDataType@UnDecorator@@CA?AVDName@@ABV2@H@Z 0044f420 f i LIBCMTD:undname.obj
 0001:0004e560       ?getArrayType@UnDecorator@@CA?AVDName@@ABV2@@Z 0044f560 f i LIBCMTD:undname.obj
 0001:0004e790       ?getLexicalFrame@UnDecorator@@CA?AVDName@@XZ 0044f790 f i LIBCMTD:undname.obj
 0001:0004e7d0       ?getThisType@UnDecorator@@CA?AVDName@@XZ 0044f7d0 f i LIBCMTD:undname.obj
 0001:0004e810       ?getPointerType@UnDecorator@@CA?AVDName@@ABV2@0@Z 0044f810 f i LIBCMTD:undname.obj
 0001:0004e830       ?getPointerTypeArray@UnDecorator@@CA?AVDName@@ABV2@0@Z 0044f830 f i LIBCMTD:undname.obj
 0001:0004e850       ?getReferenceType@UnDecorator@@CA?AVDName@@ABV2@0@Z 0044f850 f i LIBCMTD:undname.obj
 0001:0004e870       ?getDisplacement@UnDecorator@@CA?AVDName@@XZ 0044f870 f i LIBCMTD:undname.obj
 0001:0004e890       ?getCallIndex@UnDecorator@@CA?AVDName@@XZ 0044f890 f i LIBCMTD:undname.obj
 0001:0004e8b0       ?getGuardNumber@UnDecorator@@CA?AVDName@@XZ 0044f8b0 f i LIBCMTD:undname.obj
 0001:0004e8d0       ?getVbTableType@UnDecorator@@CA?AVDName@@ABV2@@Z 0044f8d0 f i LIBCMTD:undname.obj
 0001:0004e8f0       ?getVCallThunkType@UnDecorator@@CA?AVDName@@XZ 0044f8f0 f i LIBCMTD:undname.obj
 0001:0004e950       ?getVfTableType@UnDecorator@@CA?AVDName@@ABV2@@Z 0044f950 f i LIBCMTD:undname.obj
 0001:0004eb10       ?getStorageConvention@UnDecorator@@CA?AVDName@@XZ 0044fb10 f i LIBCMTD:undname.obj
 0001:0004eb30       ?getDataIndirectType@UnDecorator@@CA?AVDName@@XZ 0044fb30 f i LIBCMTD:undname.obj
 0001:0004eb70       ?getVdispMapType@UnDecorator@@CA?AVDName@@ABV2@@Z 0044fb70 f i LIBCMTD:undname.obj
 0001:0004ebe0       ?getExternalDataType@UnDecorator@@CA?AVDName@@ABV2@@Z 0044fbe0 f i LIBCMTD:undname.obj
 0001:0004ec70       ?doMSKeywords@UnDecorator@@SAHXZ 0044fc70 f i LIBCMTD:undname.obj
 0001:0004ec90       ?doPtr64@UnDecorator@@SAHXZ 0044fc90 f i LIBCMTD:undname.obj
 0001:0004ecb0       ?doFunctionReturns@UnDecorator@@SAHXZ 0044fcb0 f i LIBCMTD:undname.obj
 0001:0004ecd0       ?doAllocationModel@UnDecorator@@SAHXZ 0044fcd0 f i LIBCMTD:undname.obj
 0001:0004ecf0       ?doAllocationLanguage@UnDecorator@@SAHXZ 0044fcf0 f i LIBCMTD:undname.obj
 0001:0004ed10       ?doThisTypes@UnDecorator@@SAHXZ 0044fd10 f i LIBCMTD:undname.obj
 0001:0004ed30       ?doAccessSpecifiers@UnDecorator@@SAHXZ 0044fd30 f i LIBCMTD:undname.obj
 0001:0004ed50       ?doThrowTypes@UnDecorator@@SAHXZ 0044fd50 f i LIBCMTD:undname.obj
 0001:0004ed70       ?doMemberTypes@UnDecorator@@SAHXZ 0044fd70 f i LIBCMTD:undname.obj
 0001:0004ed90       ?doNameOnly@UnDecorator@@SAHXZ 0044fd90 f i LIBCMTD:undname.obj
 0001:0004edb0       ?doTypeOnly@UnDecorator@@SAHXZ 0044fdb0 f i LIBCMTD:undname.obj
 0001:0004edd0       ?haveTemplateParameters@UnDecorator@@SAHXZ 0044fdd0 f i LIBCMTD:undname.obj
 0001:0004edf0       ?doEcsu@UnDecorator@@SAHXZ 0044fdf0 f i LIBCMTD:undname.obj
 0001:0004ee10       ?doEllipsis@UnDecorator@@SAHXZ 0044fe10 f i LIBCMTD:undname.obj
 0001:0004ee30       ?UScore@UnDecorator@@SAPBDW4Tokens@@@Z 0044fe30 f   LIBCMTD:undname.obj
 0001:0004ee60       ?doUnderScore@UnDecorator@@SAHXZ 0044fe60 f i LIBCMTD:undname.obj
 0001:0004ee80       ??2@YAPAXIAAVHeapManager@@H@Z 0044fe80 f i LIBCMTD:undname.obj
 0001:0004eea0       ?getMemory@HeapManager@@QAEPAXIH@Z 0044fea0 f   LIBCMTD:undname.obj
 0001:0004efb0       ??0Block@HeapManager@@QAE@XZ 0044ffb0 f i LIBCMTD:undname.obj
 0001:0004efd0       ??H@YA?AVDName@@DABV0@@Z   0044ffd0 f i LIBCMTD:undname.obj
 0001:0004f000       ??H@YA?AVDName@@W4DNameStatus@@ABV0@@Z 00450000 f i LIBCMTD:undname.obj
 0001:0004f030       ??H@YA?AVDName@@PBDABV0@@Z 00450030 f i LIBCMTD:undname.obj
 0001:0004f060       ??0DName@@QAE@XZ           00450060 f i LIBCMTD:undname.obj
 0001:0004f120       ??0DName@@QAE@D@Z          00450120 f   LIBCMTD:undname.obj
 0001:0004f200       ??0DName@@QAE@ABV0@@Z      00450200 f i LIBCMTD:undname.obj
 0001:0004f230       ??0DName@@QAE@PAV0@@Z      00450230 f   LIBCMTD:undname.obj
 0001:0004f360       ??0DName@@QAE@PBD@Z        00450360 f   LIBCMTD:undname.obj
 0001:0004f440       ??0DName@@QAE@AAPBDD@Z     00450440 f   LIBCMTD:undname.obj
 0001:0004f700       ?doNoIdentCharCheck@UnDecorator@@SAHXZ 00450700 f i LIBCMTD:undname.obj
 0001:0004f720       ??0DName@@QAE@_K@Z         00450720 f   LIBCMTD:undname.obj
 0001:0004f860       ??0DName@@QAE@_J@Z         00450860 f   LIBCMTD:undname.obj
 0001:0004f9e0       ??0DName@@QAE@W4DNameStatus@@@Z 004509e0 f   LIBCMTD:undname.obj
 0001:0004fb00       ?isValid@DName@@QBEHXZ     00450b00 f i LIBCMTD:undname.obj
 0001:0004fb30       ?isEmpty@DName@@QBEHXZ     00450b30 f i LIBCMTD:undname.obj
 0001:0004fb50       ?status@DName@@QBE?AW4DNameStatus@@XZ 00450b50 f i LIBCMTD:undname.obj
 0001:0004fb70       ?setPtrRef@DName@@QAEAAV1@XZ 00450b70 f i LIBCMTD:undname.obj
 0001:0004fba0       ?isPtrRef@DName@@QBEHXZ    00450ba0 f i LIBCMTD:undname.obj
 0001:0004fbc0       ?isUDC@DName@@QBEHXZ       00450bc0 f i LIBCMTD:undname.obj
 0001:0004fc00       ?setIsUDC@DName@@QAEXXZ    00450c00 f i LIBCMTD:undname.obj
 0001:0004fc30       ?isUDTThunk@DName@@QBEHXZ  00450c30 f i LIBCMTD:undname.obj
 0001:0004fc70       ?setIsArray@DName@@QAEXXZ  00450c70 f i LIBCMTD:undname.obj
 0001:0004fc90       ?isArray@DName@@QBEHXZ     00450c90 f i LIBCMTD:undname.obj
 0001:0004fcb0       ?isNoTE@DName@@QBEHXZ      00450cb0 f i LIBCMTD:undname.obj
 0001:0004fcd0       ?setIsNoTE@DName@@QAEXXZ   00450cd0 f i LIBCMTD:undname.obj
 0001:0004fcf0       ?isPinPtr@DName@@QBEHXZ    00450cf0 f i LIBCMTD:undname.obj
 0001:0004fd10       ?setIsPinPtr@DName@@QAEXXZ 00450d10 f i LIBCMTD:undname.obj
 0001:0004fd30       ?isComArray@DName@@QBEHXZ  00450d30 f i LIBCMTD:undname.obj
 0001:0004fd50       ?setIsComArray@DName@@QAEXXZ 00450d50 f i LIBCMTD:undname.obj
 0001:0004fd70       ?isVCallThunk@DName@@QBEHXZ 00450d70 f i LIBCMTD:undname.obj
 0001:0004fd90       ?setIsVCallThunk@DName@@QAEXXZ 00450d90 f i LIBCMTD:undname.obj
 0001:0004fdb0       ?length@DName@@QBEHXZ      00450db0 f i LIBCMTD:undname.obj
 0001:0004fde0       ?getLastChar@DName@@QBEDXZ 00450de0 f i LIBCMTD:undname.obj
 0001:0004fe10       ?getString@DName@@QBEPADPADH@Z 00450e10 f i LIBCMTD:undname.obj
 0001:0004fea0       ?getString@DName@@QBEPADPAD0@Z 00450ea0 f i LIBCMTD:undname.obj
 0001:0004fee0       ??HDName@@QBE?AV0@D@Z      00450ee0 f   LIBCMTD:undname.obj
 0001:0004ff20       ??HDName@@QBE?AV0@PBD@Z    00450f20 f   LIBCMTD:undname.obj
 0001:0004ff60       ??HDName@@QBE?AV0@ABV0@@Z  00450f60 f   LIBCMTD:undname.obj
 0001:0004ffa0       ??HDName@@QBE?AV0@PAV0@@Z  00450fa0 f   LIBCMTD:undname.obj
 0001:0004ffe0       ??HDName@@QBE?AV0@W4DNameStatus@@@Z 00450fe0 f   LIBCMTD:undname.obj
 0001:00050020       ?append@DName@@AAEXPAVDNameNode@@@Z 00451020 f   LIBCMTD:undname.obj
 0001:000500b0       ??YDName@@QAEAAV0@D@Z      004510b0 f   LIBCMTD:undname.obj
 0001:00050140       ??YDName@@QAEAAV0@PBD@Z    00451140 f   LIBCMTD:undname.obj
 0001:000501e0       ??YDName@@QAEAAV0@ABV0@@Z  004511e0 f   LIBCMTD:undname.obj
 0001:00050250       ??YDName@@QAEAAV0@PAV0@@Z  00451250 f   LIBCMTD:undname.obj
 0001:00050310       ??YDName@@QAEAAV0@W4DNameStatus@@@Z 00451310 f   LIBCMTD:undname.obj
 0001:00050380       ??_5DName@@QAEAAV0@ABV0@@Z 00451380 f   LIBCMTD:undname.obj
 0001:000503e0       ??4DName@@QAEAAV0@D@Z      004513e0 f i LIBCMTD:undname.obj
 0001:000504c0       ??4DName@@QAEAAV0@PBD@Z    004514c0 f   LIBCMTD:undname.obj
 0001:000505a0       ??4DName@@QAEAAV0@ABV0@@Z  004515a0 f   LIBCMTD:undname.obj
 0001:000505d0       ??4DName@@QAEAAV0@PAV0@@Z  004515d0 f   LIBCMTD:undname.obj
 0001:00050710       ??4DName@@QAEAAV0@W4DNameStatus@@@Z 00451710 f   LIBCMTD:undname.obj
 0001:00050810       ?doPchar@DName@@AAEXPBDH@Z 00451810 f   LIBCMTD:undname.obj
 0001:00050950       ?isFull@Replicator@@QBEHXZ 00451950 f i LIBCMTD:undname.obj
 0001:00050970       ??0Replicator@@QAE@XZ      00451970 f i LIBCMTD:undname.obj
 0001:00050990       ??YReplicator@@QAEAAV0@ABVDName@@@Z 00451990 f   LIBCMTD:undname.obj
 0001:00050a20       ??AReplicator@@QBE?AVDName@@H@Z 00451a20 f   LIBCMTD:undname.obj
 0001:00050a90       ??0DNameNode@@IAE@XZ       00451a90 f   LIBCMTD:undname.obj
 0001:00050ab0       ??0charNode@@QAE@D@Z       00451ab0 f   LIBCMTD:undname.obj
 0001:00050ae0       ?length@charNode@@UBEHXZ   00451ae0 f i LIBCMTD:undname.obj
 0001:00050b00       ?getLastChar@charNode@@UBEDXZ 00451b00 f i LIBCMTD:undname.obj
 0001:00050b20       ?getString@charNode@@UBEPADPAD0@Z 00451b20 f i LIBCMTD:undname.obj
 0001:00050b50       ??0pcharNode@@QAE@PBDH@Z   00451b50 f   LIBCMTD:undname.obj
 0001:00050be0       ?length@pcharNode@@UBEHXZ  00451be0 f i LIBCMTD:undname.obj
 0001:00050c00       ?getLastChar@pcharNode@@UBEDXZ 00451c00 f i LIBCMTD:undname.obj
 0001:00050c40       ?getString@pcharNode@@UBEPADPAD0@Z 00451c40 f i LIBCMTD:undname.obj
 0001:00050c70       ?getStringHelper@@YAPADPAD00H@Z 00451c70 f i LIBCMTD:undname.obj
 0001:00050cb0       ??0pDNameNode@@QAE@PAVDName@@@Z 00451cb0 f   LIBCMTD:undname.obj
 0001:00050d10       ?length@pDNameNode@@UBEHXZ 00451d10 f i LIBCMTD:undname.obj
 0001:00050d50       ?getLastChar@pDNameNode@@UBEDXZ 00451d50 f i LIBCMTD:undname.obj
 0001:00050d80       ?getString@pDNameNode@@UBEPADPAD0@Z 00451d80 f i LIBCMTD:undname.obj
 0001:00050dc0       ??0DNameStatusNode@@AAE@W4DNameStatus@@@Z 00451dc0 f   LIBCMTD:undname.obj
[...]
 0001:000056f0       ?StringVPrintfWorkerW@@YGJPA_WIPAIPB_WPAD@Z 004066f0 f   KrnlUtils:Win7X86.obj
 0001:000057a0       ?FormatIosParameters@@YAHPAPADPAKPAU_IO_STACK_LOCATION@@1PAX@Z 004067a0 f   KrnlUtils:Win7X86.obj
 0001:000059b0       ?FmtIopCreate@@YAHPAPADPAKPAU_IO_STACK_LOCATION@@1PAX@Z 004069b0 f   KrnlUtils:Win7X86.obj
 0001:00005b80       ?FmtIopDeviceControl@@YAHPAPADPAKPAU_IO_STACK_LOCATION@@1PAX@Z 00406b80 f   KrnlUtils:Win7X86.obj
 0001:00005d00       ?FmtIopQueryDeviceRelations@@YAHPAPADPAKPAU_IO_STACK_LOCATION@@1PAX@Z 00406d00 f   KrnlUtils:Win7X86.obj
 0001:00005da0       ?DecodeRelType@@YAPA_WPA_WKW4_DEVICE_RELATION_TYPE@@@Z 00406da0 f   KrnlUtils:Win7X86.obj
 0001:00005dd0       ?FmtIopQueryInformation@@YAHPAPADPAKPAU_IO_STACK_LOCATION@@1PAX@Z 00406dd0 f   KrnlUtils:Win7X86.obj
 0001:00005ea0       ?FmtIopQueryPower@@YAHPAPADPAKPAU_IO_STACK_LOCATION@@1PAX@Z 00406ea0 f   KrnlUtils:Win7X86.obj
 0001:000060e0       ?DecodeDevicePowerState@@YAPA_WPA_WKW4_DEVICE_POWER_STATE@@@Z 004070e0 f   KrnlUtils:Win7X86.obj
 0001:00006110       ?DecodePowerAction@@YAPA_WPA_WKW4POWER_ACTION@@@Z 00407110 f   KrnlUtils:Win7X86.obj
 0001:00006140       ?DecodePowerStateType@@YAPA_WPA_WKW4_POWER_STATE_TYPE@@@Z 00407140 f   KrnlUtils:Win7X86.obj
 0001:00006170       ?DecodeSystemPowerState@@YAPA_WPA_WKW4_SYSTEM_POWER_STATE@@@Z 00407170 f   KrnlUtils:Win7X86.obj
 0001:000061a0       ?FmtIopQueryVolumeInformation@@YAHPAPADPAKPAU_IO_STACK_LOCATION@@1PAX@Z 004071a0 f   KrnlUtils:Win7X86.obj
 0001:00006230       ?DecodeFsInfoClass@@YAPA_WPA_WKW4_FSINFOCLASS@@@Z 00407230 f   KrnlUtils:Win7X86.obj
 0001:00006260       ?FmtIopRead@@YAHPAPADPAKPAU_IO_STACK_LOCATION@@1PAX@Z 00407260 f   KrnlUtils:Win7X86.obj
 0001:00006390       ?FmtIopSetInformation@@YAHPAPADPAKPAU_IO_STACK_LOCATION@@1PAX@Z 00407390 f   KrnlUtils:Win7X86.obj
 0001:00006610       ?FmtIopWaitWake@@YAHPAPADPAKPAU_IO_STACK_LOCATION@@1PAX@Z 00407610 f   KrnlUtils:Win7X86.obj
 0001:000066a0       ?FmtIopWrite@@YAHPAPADPAKPAU_IO_STACK_LOCATION@@1PAX@Z 004076a0 f   KrnlUtils:Win7X86.obj
 0001:000067f0       ?FormatIrpGeneric@@YAHPADPAPA_W@Z 004077f0 f   KrnlUtils:Win7X86.obj
 0001:00006fc0       ?FormatIoStackGeneric@@YAHPADPAPA_W@Z 00407fc0 f   KrnlUtils:WlhX86.obj
 0001:000073c0       ?StringLengthWorkerW@@YGJPB_WIPAI@Z 004083c0 f   KrnlUtils:WlhX86.obj
 0001:00007430       ?StringValidateDestW@@YGJPB_WII@Z 00408430 f   KrnlUtils:WlhX86.obj
 0001:00007460       ?StringVPrintfWorkerW@@YGJPA_WIPAIPB_WPAD@Z 00408460 f   KrnlUtils:WlhX86.obj
 0001:00007510       ?FormatIosParameters@@YAHPAPADPAKPAU_IO_STACK_LOCATION@@1PAX@Z 00408510 f   KrnlUtils:WlhX86.obj
 0001:00007720       ?FmtIopCreate@@YAHPAPADPAKPAU_IO_STACK_LOCATION@@1PAX@Z 00408720 f   KrnlUtils:WlhX86.obj
 0001:000078f0       ?FmtIopDeviceControl@@YAHPAPADPAKPAU_IO_STACK_LOCATION@@1PAX@Z 004088f0 f   KrnlUtils:WlhX86.obj
 0001:00007a70       ?FmtIopQueryDeviceRelations@@YAHPAPADPAKPAU_IO_STACK_LOCATION@@1PAX@Z 00408a70 f   KrnlUtils:WlhX86.obj
 0001:00007b10       ?DecodeRelType@@YAPA_WPA_WKW4_DEVICE_RELATION_TYPE@@@Z 00408b10 f   KrnlUtils:WlhX86.obj
 0001:00007b40       ?FmtIopQueryInformation@@YAHPAPADPAKPAU_IO_STACK_LOCATION@@1PAX@Z 00408b40 f   KrnlUtils:WlhX86.obj
 0001:00007c10       ?FmtIopQueryPower@@YAHPAPADPAKPAU_IO_STACK_LOCATION@@1PAX@Z 00408c10 f   KrnlUtils:WlhX86.obj
 0001:00007e50       ?DecodeDevicePowerState@@YAPA_WPA_WKW4_DEVICE_POWER_STATE@@@Z 00408e50 f   KrnlUtils:WlhX86.obj
 0001:00007e80       ?DecodePowerAction@@YAPA_WPA_WKW4POWER_ACTION@@@Z 00408e80 f   KrnlUtils:WlhX86.obj
 0001:00007eb0       ?DecodePowerStateType@@YAPA_WPA_WKW4_POWER_STATE_TYPE@@@Z 00408eb0 f   KrnlUtils:WlhX86.obj
 0001:00007ee0       ?DecodeSystemPowerState@@YAPA_WPA_WKW4_SYSTEM_POWER_STATE@@@Z 00408ee0 f   KrnlUtils:WlhX86.obj
 0001:00007f10       ?FmtIopQueryVolumeInformation@@YAHPAPADPAKPAU_IO_STACK_LOCATION@@1PAX@Z 00408f10 f   KrnlUtils:WlhX86.obj
 0001:00007fa0       ?DecodeFsInfoClass@@YAPA_WPA_WKW4_FSINFOCLASS@@@Z 00408fa0 f   KrnlUtils:WlhX86.obj
 0001:00007fd0       ?FmtIopRead@@YAHPAPADPAKPAU_IO_STACK_LOCATION@@1PAX@Z 00408fd0 f   KrnlUtils:WlhX86.obj
 0001:00008100       ?FmtIopSetInformation@@YAHPAPADPAKPAU_IO_STACK_LOCATION@@1PAX@Z 00409100 f   KrnlUtils:WlhX86.obj
 0001:00008380       ?FmtIopWaitWake@@YAHPAPADPAKPAU_IO_STACK_LOCATION@@1PAX@Z 00409380 f   KrnlUtils:WlhX86.obj
 0001:00008410       ?FmtIopWrite@@YAHPAPADPAKPAU_IO_STACK_LOCATION@@1PAX@Z 00409410 f   KrnlUtils:WlhX86.obj
 0001:00008560       ?FormatIrpGeneric@@YAHPADPAPA_W@Z 00409560 f   KrnlUtils:WlhX86.obj
 0001:00008d30       ?FormatIoStackGeneric@@YAHPADPAPA_W@Z 00409d30 f   KrnlUtils:WxpX86.obj
 0001:00009130       ?StringLengthWorkerW@@YGJPB_WIPAI@Z 0040a130 f   KrnlUtils:WxpX86.obj
 0001:000091a0       ?StringValidateDestW@@YGJPB_WII@Z 0040a1a0 f   KrnlUtils:WxpX86.obj
 0001:000091d0       ?StringVPrintfWorkerW@@YGJPA_WIPAIPB_WPAD@Z 0040a1d0 f   KrnlUtils:WxpX86.obj
 0001:00009280       ?FormatIosParameters@@YAHPAPADPAKPAU_IO_STACK_LOCATION@@1PAX@Z 0040a280 f   KrnlUtils:WxpX86.obj
 0001:00009490       ?FmtIopCreate@@YAHPAPADPAKPAU_IO_STACK_LOCATION@@1PAX@Z 0040a490 f   KrnlUtils:WxpX86.obj
 0001:00009660       ?FmtIopDeviceControl@@YAHPAPADPAKPAU_IO_STACK_LOCATION@@1PAX@Z 0040a660 f   KrnlUtils:WxpX86.obj
 0001:000097e0       ?FmtIopQueryDeviceRelations@@YAHPAPADPAKPAU_IO_STACK_LOCATION@@1PAX@Z 0040a7e0 f   KrnlUtils:WxpX86.obj
 0001:00009880       ?DecodeRelType@@YAPA_WPA_WKW4_DEVICE_RELATION_TYPE@@@Z 0040a880 f   KrnlUtils:WxpX86.obj
 0001:000098b0       ?FmtIopQueryInformation@@YAHPAPADPAKPAU_IO_STACK_LOCATION@@1PAX@Z 0040a8b0 f   KrnlUtils:WxpX86.obj
 0001:00009980       ?FmtIopQueryPower@@YAHPAPADPAKPAU_IO_STACK_LOCATION@@1PAX@Z 0040a980 f   KrnlUtils:WxpX86.obj
 0001:00009bc0       ?DecodeDevicePowerState@@YAPA_WPA_WKW4_DEVICE_POWER_STATE@@@Z 0040abc0 f   KrnlUtils:WxpX86.obj
 0001:00009bf0       ?DecodePowerAction@@YAPA_WPA_WKW4POWER_ACTION@@@Z 0040abf0 f   KrnlUtils:WxpX86.obj
 0001:00009c20       ?DecodePowerStateType@@YAPA_WPA_WKW4_POWER_STATE_TYPE@@@Z 0040ac20 f   KrnlUtils:WxpX86.obj
 0001:00009c50       ?DecodeSystemPowerState@@YAPA_WPA_WKW4_SYSTEM_POWER_STATE@@@Z 0040ac50 f   KrnlUtils:WxpX86.obj
 0001:00009c80       ?FmtIopQueryVolumeInformation@@YAHPAPADPAKPAU_IO_STACK_LOCATION@@1PAX@Z 0040ac80 f   KrnlUtils:WxpX86.obj
 0001:00009d10       ?DecodeFsInfoClass@@YAPA_WPA_WKW4_FSINFOCLASS@@@Z 0040ad10 f   KrnlUtils:WxpX86.obj
 0001:00009d40       ?FmtIopRead@@YAHPAPADPAKPAU_IO_STACK_LOCATION@@1PAX@Z 0040ad40 f   KrnlUtils:WxpX86.obj
 0001:00009e70       ?FmtIopSetInformation@@YAHPAPADPAKPAU_IO_STACK_LOCATION@@1PAX@Z 0040ae70 f   KrnlUtils:WxpX86.obj
 0001:0000a0f0       ?FmtIopWaitWake@@YAHPAPADPAKPAU_IO_STACK_LOCATION@@1PAX@Z 0040b0f0 f   KrnlUtils:WxpX86.obj
 0001:0000a180       ?FmtIopWrite@@YAHPAPADPAKPAU_IO_STACK_LOCATION@@1PAX@Z 0040b180 f   KrnlUtils:WxpX86.obj
 0001:0000a2d0       ?FormatIrpGeneric@@YAHPADPAPA_W@Z 0040b2d0 f   KrnlUtils:WxpX86.obj
 0001:0000ad10       _vscan_fn                  0040bd10 f   LIBCMTD:swscanf.obj
 0001:0000b7c0       ___tmainCRTStartup         0040c7c0 f   LIBCMTD:wcrt0.obj
 0001:0000b950       _fast_error_exit           0040c950 f   LIBCMTD:wcrt0.obj
 0001:0000b980       _check_managed_app         0040c980 f   LIBCMTD:wcrt0.obj
 0001:0000d090       _write_char                0040e090 f   LIBCMTD:woutput.obj
 0001:0000d0f0       _write_multi_char          0040e0f0 f   LIBCMTD:woutput.obj
 0001:0000d130       _write_string              0040e130 f   LIBCMTD:woutput.obj
 0001:0000e130       _ValidateLocalCookies      0040f130 f   LIBCMTD:chandler4.obj
 0001:0000fb20       ___check_float_string      00410b20 f   LIBCMTD:winput.obj
 0001:0000fc40       __hextodec                 00410c40 f   LIBCMTD:winput.obj
 0001:0000fc90       __inc                      00410c90 f   LIBCMTD:winput.obj
 0001:0000fcb0       __un_inc                   00410cb0 f   LIBCMTD:winput.obj
 0001:0000fce0       __whiteout                 00410ce0 f   LIBCMTD:winput.obj
 0001:00011850       ___check_float_string      00412850 f   LIBCMTD:winputs.obj
 0001:00011950       __hextodec                 00412950 f   LIBCMTD:winputs.obj
 0001:000119a0       __inc                      004129a0 f   LIBCMTD:winputs.obj
 0001:000119c0       __un_inc                   004129c0 f   LIBCMTD:winputs.obj
 0001:000119f0       __whiteout                 004129f0 f   LIBCMTD:winputs.obj
 0001:00011b30       _fastcopy_I                00412b30 f   LIBCMTD:p4_memcpy.obj
 0001:00011c40       _has_osfxsr_set            00412c40 f   LIBCMTD:cpu_disp.obj
 0001:00012fd0       _write_char                00413fd0 f   LIBCMTD:output.obj
 0001:00013070       _write_multi_char          00414070 f   LIBCMTD:output.obj
 0001:000130b0       _write_string              004140b0 f   LIBCMTD:output.obj
 0001:00013b90       _doexit                    00414b90 f   LIBCMTD:crt0dat.obj
 0001:00013ec0       __initterm                 00414ec0 f   LIBCMTD:crt0dat.obj
 0001:00014320       _xcptlookup                00415320 f   LIBCMTD:winxfltr.obj
 0001:00014650       _wparse_cmdline            00415650 f   LIBCMTD:wstdargv.obj
 0001:00015020       __nh_malloc_dbg_impl       00416020 f   LIBCMTD:dbgheap.obj
 0001:000150b0       __heap_alloc_dbg_impl      004160b0 f   LIBCMTD:dbgheap.obj
 0001:000156c0       _realloc_help              004166c0 f   LIBCMTD:dbgheap.obj
 0001:000167d0       _CheckBytes                004177d0 f   LIBCMTD:dbgheap.obj
 0001:000175f0       ?_CrtMemDumpAllObjectsSince_stat@@YAXPBU_CrtMemState@@PAUlocaleinfo_struct@@@Z 004185f0 f   LIBCMTD:dbgheap.obj
 0001:00017900       __printMemBlockData        00418900 f   LIBCMTD:dbgheap.obj
 0001:00019710       _flsall                    0041a710 f   LIBCMTD:fflush.obj
 0001:0001a950       ?getSystemCP@@YAHH@Z       0041b950 f   LIBCMTD:mbctype.obj
 0001:0001adb0       ?CPtoLCID@@YAHH@Z          0041bdb0 f   LIBCMTD:mbctype.obj
 0001:0001ae30       ?setSBCS@@YAXPAUthreadmbcinfostruct@@@Z 0041be30 f   LIBCMTD:mbctype.obj
 0001:0001af10       ?setSBUpLow@@YAXPAUthreadmbcinfostruct@@@Z 0041bf10 f   LIBCMTD:mbctype.obj
 0001:0001b910       __updatetlocinfoEx_nolock  0041c910 f   LIBCMTD:setlocal.obj
 0001:0001be80       __copytlocinfo_nolock      0041ce80 f   LIBCMTD:setlocal.obj
 0001:0001c2a0       _sync_legacy_variables_lk  0041d2a0 f   LIBCMTD:setlocal.obj
 0001:0001c320       __setlocale_nolock         0041d320 f   LIBCMTD:setlocal.obj
 0001:0001c710       __setlocale_set_cat        0041d710 f   LIBCMTD:setlocal.obj
 0001:0001cc40       __setlocale_get_all        0041dc40 f   LIBCMTD:setlocal.obj
 0001:0001f190       _ctrlevent_capture@4       00420190 f   LIBCMTD:winsig.obj
 0001:0001f590       _siglookup                 00420590 f   LIBCMTD:winsig.obj
 0001:0002013c       __unwind_handler4          0042113c f   LIBCMTD:exsup4.obj
 0001:00021600       _write_char                00422600 f   LIBCMTD:woutputs.obj
 0001:00021660       _write_multi_char          00422660 f   LIBCMTD:woutputs.obj
 0001:000216a0       _write_string              004226a0 f   LIBCMTD:woutputs.obj
 0001:00024fd0       _write_char                00425fd0 f   LIBCMTD:woutputp.obj
 0001:00025030       _write_multi_char          00426030 f   LIBCMTD:woutputp.obj
 0001:00025070       _write_string              00426070 f   LIBCMTD:woutputp.obj
 0001:00025590       ?wcsncnt@@YAIPB_WI@Z       00426590 f   LIBCMTD:wcstombs.obj
 0001:00028530       _write_char                00429530 f   LIBCMTD:outputs.obj
 0001:000285d0       _write_multi_char          004295d0 f   LIBCMTD:outputs.obj
 0001:00028610       _write_string              00429610 f   LIBCMTD:outputs.obj
 0001:0002c370       _write_char                0042d370 f   LIBCMTD:outputp.obj
 0001:0002c410       _write_multi_char          0042d410 f   LIBCMTD:outputp.obj
 0001:0002c450       _write_string              0042d450 f   LIBCMTD:outputp.obj
 0001:0002d850       __onexit_nolock            0042e850 f   LIBCMTD:onexit.obj
 0001:0002ec70       __is_LFH_enabled           0042fc70 f   LIBCMTD:expand.obj
 0001:00032990       ?DebuggerProbe@@YAHK@Z     00433990 f   LIBCMTD:_error_.obj
 0001:00032a80       ?failwithmessage@@YAXPAXHHPBD@Z 00433a80 f   LIBCMTD:_error_.obj
 0001:00032c90       ?DebuggerRuntime@@YAHKHPAXPB_W@Z 00433c90 f   LIBCMTD:_error_.obj
 0001:00032f70       ?_getMemBlockDataString@@YAXPAD00I@Z 00433f70 f   LIBCMTD:_error_.obj
 0001:00033320       ?CatchGuardHandler@@YA?AW4_EXCEPTION_DISPOSITION@@PAUEHExceptionRecord@@PAUCatchGuardRN@@PAX2@Z 00434320 f   LIBCMTD:_trnsctrl_.obj
 0001:00033460       ?TranslatorGuardHandler@@YA?AW4_EXCEPTION_DISPOSITION@@PAUEHExceptionRecord@@PAUTranslatorGuardRN@@PAX2@Z 00434460 f   LIBCMTD:_trnsctrl_.obj
 0001:000336b0       ?__crtLCMapStringA_stat@@YAHPAUlocaleinfo_struct@@KKPBDHPADHHH@Z 004346b0 f   LIBCMTD:a_map.obj
 0001:00033c50       ?strncnt@@YAHPBDH@Z        00434c50 f   LIBCMTD:a_map.obj
 0001:00033d00       ?__crtGetStringTypeA_stat@@YAHPAUlocaleinfo_struct@@KPBDHPAGHHH@Z 00434d00 f   LIBCMTD:a_str.obj
 0001:00034080       __get_lc_time              00435080 f   LIBCMTD:inittime.obj
 0001:00034ca0       _fix_grouping              00435ca0 f   LIBCMTD:initnum.obj
 0001:00035210       _fix_grouping              00436210 f   LIBCMTD:initmon.obj
 0001:00036900       ?_expandtime@@YAHPAUlocaleinfo_struct@@DPBUtm@@PAPADPAIPAU__lc_time_data@@I@Z 00437900 f   LIBCMTD:strftime.obj
 0001:000378d0       ?_store_str@@YAXPADPAPADPAI@Z 004388d0 f   LIBCMTD:strftime.obj
 0001:00037920       ?_store_num@@YAXHHPAPADPAII@Z 00438920 f   LIBCMTD:strftime.obj
 0001:000379d0       ?_store_number@@YAXHPAPADPAI@Z 004389d0 f   LIBCMTD:strftime.obj
 0001:00037a80       ?_store_winword@@YAHPAUlocaleinfo_struct@@HPBUtm@@PAPADPAIPAU__lc_time_data@@@Z 00438a80 f   LIBCMTD:strftime.obj
 0001:00038750       _cmpBYTE                   00439750 f   LIBCMTD:memcmp.obj
 0001:00038780       _cmpResult                 00439780 f   LIBCMTD:memcmp.obj
 0001:000387a0       _unaligned_memcmp          004397a0 f   LIBCMTD:memcmp.obj
 0001:00038eb0       _cmpWORD                   00439eb0 f   LIBCMTD:memcmp.obj
 0001:00038f30       _cmpDWORD                  00439f30 f   LIBCMTD:memcmp.obj
 0001:000392b0       _TranslateName             0043a2b0 f   LIBCMTD:getqloc.obj
 0001:00039340       _GetLcidFromLangCountry    0043a340 f   LIBCMTD:getqloc.obj
 0001:00039400       _LangCountryEnumProc@4     0043a400 f   LIBCMTD:getqloc.obj
 0001:00039840       _GetLcidFromLanguage       0043a840 f   LIBCMTD:getqloc.obj
 0001:000398c0       _LanguageEnumProc@4        0043a8c0 f   LIBCMTD:getqloc.obj
 0001:00039a60       _GetLcidFromCountry        0043aa60 f   LIBCMTD:getqloc.obj
 0001:00039ab0       _CountryEnumProc@4         0043aab0 f   LIBCMTD:getqloc.obj
 0001:00039bb0       _GetLcidFromDefault        0043abb0 f   LIBCMTD:getqloc.obj
 0001:00039bf0       _ProcessCodePage           0043abf0 f   LIBCMTD:getqloc.obj
 0001:00039cc0       _TestDefaultCountry        0043acc0 f   LIBCMTD:getqloc.obj
 0001:00039d10       _TestDefaultLanguage       0043ad10 f   LIBCMTD:getqloc.obj
 0001:00039db0       _LcidFromHexString         0043adb0 f   LIBCMTD:getqloc.obj
 0001:00039e30       _GetPrimaryLen             0043ae30 f   LIBCMTD:getqloc.obj
 0001:0003a210       _fastzero_I                0043b210 f   LIBCMTD:p4_memset.obj
 0001:0003b3c0       _xtoa_s@20                 0043c3c0 f   LIBCMTD:xtoas.obj
 0001:0003b7e0       @x64toa_s@24               0043c7e0 f   LIBCMTD:xtoas.obj
 0001:0003ca00       _xtow_s@20                 0043da00 f   LIBCMTD:xtows.obj
 0001:0003ce30       @x64tow_s@24               0043de30 f   LIBCMTD:xtows.obj
 0001:0003d590       __unwind_handler           0043e590 f   LIBCMTD:exsup.obj
 0001:0003d700       ?wcstoxl@@YAKPAUlocaleinfo_struct@@PB_WPAPB_WHH@Z 0043e700 f   LIBCMTD:wcstol.obj
 0001:0003dc30       ?__crtGetStringTypeW_stat@@YAHPAUlocaleinfo_struct@@KPB_WHPAGHH@Z 0043ec30 f   LIBCMTD:w_str.obj
 0001:0003e470       ?strtoxl@@YAKPAUlocaleinfo_struct@@PBDPAPBDHH@Z 0043f470 f   LIBCMTD:strtol.obj
 0001:0003f800       ?__crtGetLocaleInfoW_stat@@YAHPAUlocaleinfo_struct@@KKPA_WHH@Z 00440800 f   LIBCMTD:w_loc.obj
 0001:0003f870       ?__crtGetLocaleInfoA_stat@@YAHPAUlocaleinfo_struct@@KKPADHH@Z 00440870 f   LIBCMTD:a_loc.obj
 0001:00040680       ?GetPdbDll@@YAPAUHINSTANCE__@@XZ 00441680 f   LIBCMTD:_pdblkup_.obj
 0001:00040a80       ?FindHandler@@YAXPAUEHExceptionRecord@@PAUEHRegistrationNode@@PAU_CONTEXT@@PAXPBU_s_FuncInfo@@EH1@Z 00441a80 f   LIBCMTD:frame.obj
 0001:00040fd0       ?FindHandlerForForeignException@@YAXPAUEHExceptionRecord@@PAUEHRegistrationNode@@PAU_CONTEXT@@PAXPBU_s_FuncInfo@@HH1@Z 00441fd0 f   LIBCMTD:frame.obj
 0001:00041400       ?CatchIt@@YAXPAUEHExceptionRecord@@PAUEHRegistrationNode@@PAU_CONTEXT@@PAXPBU_s_FuncInfo@@PBU_s_HandlerType@@PBU_s_CatchableType@@PBU_s_TryBlockMapEntry@@H1E@Z 00442400 f   LIBCMTD:frame.obj
 0001:000414c0       ?CallCatchBlock@@YAPAXPAUEHExceptionRecord@@PAUEHRegistrationNode@@PAU_CONTEXT@@PBU_s_FuncInfo@@PAXHK@Z 004424c0 f   LIBCMTD:frame.obj
 0001:00041750       ?ExFilterRethrow@@YAHPAU_EXCEPTION_POINTERS@@@Z 00442750 f   LIBCMTD:frame.obj
 0001:000423b0       ?IsInExceptionSpec@@YAEPAUEHExceptionRecord@@PBU_s_ESTypeList@@@Z 004433b0 f   LIBCMTD:frame.obj
 0001:00042470       ?CallUnexpected@@YAXPBU_s_ESTypeList@@@Z 00443470 f   LIBCMTD:frame.obj
 0001:000424be       __catch$?CallUnexpected@@YAXPBU_s_ESTypeList@@@Z$0 004434be f   LIBCMTD:frame.obj
 0001:00042500       ?Is_bad_exception_allowed@@YAEPBU_s_ESTypeList@@@Z 00443500 f   LIBCMTD:frame.obj
 0001:00042e30       __tzset_nolock             00443e30 f   LIBCMTD:tzset.obj
 0001:00043440       __isindst_nolock           00444440 f   LIBCMTD:tzset.obj
 0001:000437a0       _cvtdate                   004447a0 f   LIBCMTD:tzset.obj
 0001:00046370       __getenv_s_helper          00447370 f   LIBCMTD:getenv.obj
 0001:000465e0       __dupenv_s_helper          004475e0 f   LIBCMTD:getenv.obj
 0001:00046a90       ?strtoxq@@YA_KPAUlocaleinfo_struct@@PBDPAPBDHH@Z 00447a90 f   LIBCMTD:strtoq.obj
 0001:00051080       ?und_strlen@@YAIPBD@Z      00452080 f   LIBCMTD:undname.obj
 0001:000510c0       ?und_memcpy@@YAXPADPBDI@Z  004520c0 f   LIBCMTD:undname.obj
 0001:00051100       ?und_strncmp@@YAIPBD0I@Z   00452100 f   LIBCMTD:undname.obj
 0001:000511c0       ?__crtCompareStringA_stat@@YAHPAUlocaleinfo_struct@@KKPBDH1HH@Z 004521c0 f   LIBCMTD:a_cmp.obj
 0001:000516d0       ?strncnt@@YAHPBDH@Z        004526d0 f   LIBCMTD:a_cmp.obj
 0001:00051e90       _findenv                   00452e90 f   LIBCMTD:setenv.obj
 0001:00051f10       _copy_environ              00452f10 f   LIBCMTD:setenv.obj
 0001:00052560       __unwindfunclet$?getSystemCP@@YAHH@Z$0 00453560 f   LIBCMTD:mbctype.obj
 0001:00052568       __ehhandler$?getSystemCP@@YAHH@Z 00453568 f   LIBCMTD:mbctype.obj
 0001:00052590       __unwindfunclet$?wcstoxl@@YAKPAUlocaleinfo_struct@@PB_WPAPB_WHH@Z$0 00453590 f   LIBCMTD:wcstol.obj
 0001:00052598       __ehhandler$?wcstoxl@@YAKPAUlocaleinfo_struct@@PB_WPAPB_WHH@Z 00453598 f   LIBCMTD:wcstol.obj
 0001:000525c0       __unwindfunclet$?strtoxl@@YAKPAUlocaleinfo_struct@@PBDPAPBDHH@Z$0 004535c0 f   LIBCMTD:strtol.obj
 0001:000525c8       __ehhandler$?strtoxl@@YAKPAUlocaleinfo_struct@@PBDPAPBDHH@Z 004535c8 f   LIBCMTD:strtol.obj
 0001:000525f0       __ehhandler$?CallUnexpected@@YAXPBU_s_ESTypeList@@@Z 004535f0 f   LIBCMTD:frame.obj
 0001:00052610       __unwindfunclet$?strtoxq@@YA_KPAUlocaleinfo_struct@@PBDPAPBDHH@Z$0 00453610 f   LIBCMTD:strtoq.obj
 0001:00052618       __ehhandler$?strtoxq@@YA_KPAUlocaleinfo_struct@@PBDPAPBDHH@Z 00453618 f   LIBCMTD:strtoq.obj
 0001:00052640       __unwindfunclet$?make@DNameStatusNode@@SAPAV1@W4DNameStatus@@@Z$0 00453640 f   LIBCMTD:undname.obj
 0001:0005264e       __ehhandler$?make@DNameStatusNode@@SAPAV1@W4DNameStatus@@@Z 0045364e f   LIBCMTD:undname.obj
