 TestClt

 Timestamp is 5180da0f (Wed May 01 11:02:07 2013)

 Preferred load address is 00400000

 Start         Length     Name                   Class
 0001:00000000 000524e8H .text                   CODE
 0001:000524f0 00000109H .text$x                 CODE
 0002:00000000 00000180H .idata$5                DATA
 0002:00000180 00000004H .CRT$XCA                DATA
 0002:00000184 00000004H .CRT$XCZ                DATA
 0002:00000188 00000004H .CRT$XIA                DATA
 0002:0000018c 00000010H .CRT$XIC                DATA
 0002:0000019c 00000004H .CRT$XIY                DATA
 0002:000001a0 00000004H .CRT$XIZ                DATA
 0002:000001a4 00000004H .CRT$XPA                DATA
 0002:000001a8 00000008H .CRT$XPX                DATA
 0002:000001b0 00000004H .CRT$XPXA               DATA
 0002:000001b4 00000004H .CRT$XPZ                DATA
 0002:000001b8 00000004H .CRT$XTA                DATA
 0002:000001bc 00000004H .CRT$XTZ                DATA
 0002:000001c0 000158f0H .rdata                  DATA
 0002:00015ab0 0000006cH .rdata$debug            DATA
 0002:00015b1c 000001c4H .rdata$r                DATA
 0002:00015ce0 0000002cH .rdata$sxdata           DATA
 0002:00015d0c 00000004H .rtc$IAA                DATA
 0002:00015d10 00000004H .rtc$IZZ                DATA
 0002:00015d14 00000004H .rtc$TAA                DATA
 0002:00015d18 00000004H .rtc$TZZ                DATA
 0002:00015d20 00000d38H .xdata$x                DATA
 0002:00016a58 00000014H .idata$2                DATA
 0002:00016a6c 00000014H .idata$3                DATA
 0002:00016a80 00000180H .idata$4                DATA
 0002:00016c00 000006caH .idata$6                DATA
 0002:000172ca 00000000H .edata                  DATA
 0003:00000000 000022f0H .data                   DATA
 0003:00002300 00001e28H .bss                    DATA

  Address         Publics by Value              Rva+Base       Lib:Object

 0000:00000000       __except_list              00000000     <absolute>
 0000:0000000b       ___safe_se_handler_count   0000000b     <absolute>
 0000:00000000       ___ImageBase               00400000     <linker-defined>
 0001:00000000       _wmain                     00401000 f   TestClt.obj
 0001:00000100       _CheckParams               00401100 f   TestClt.obj
 0001:00000270       _DCGetMJFFlags             00401270 f   TestClt.obj
 0001:00000290       _DCSetMJFFlags             00401290 f   TestClt.obj
 0001:00000380       _DeviceControl             00401380 f   TestClt.obj
 0001:00000400       _DumpIoStackLocData        00401400 f   TestClt.obj
 0001:00000470       _DumpIrp                   00401470 f   TestClt.obj
 0001:00000550       _DumpIrpData               00401550 f   TestClt.obj
 0001:000005c0       _DumpMemory                004015c0 f   TestClt.obj
 0001:000006b0       _GetData                   004016b0 f   TestClt.obj
 0001:00000880       _GetProcessHeapWrap        00401880 f   TestClt.obj
 0001:000008d0       _HeapAllocWrap             004018d0 f   TestClt.obj
 0001:00000910       _ListDevices               00401910 f   TestClt.obj
 0001:000009a0       _OpenDevice                004019a0 f   TestClt.obj
 0001:00000b30       _PrintAccDevList           00401b30 f   TestClt.obj
 0001:00000c90       _PrintHelp                 00401c90 f   TestClt.obj
 0001:00000d50       _PrintMultiSz              00401d50 f   TestClt.obj
 0001:00000da0       _SendIoCtl                 00401da0 f   TestClt.obj
 0001:00000e00       _StringCbPrintfW           00401e00 f i TestClt.obj
 0001:00000e58       _HeapFree@12               00401e58 f   kernel32:KERNEL32.dll
 0001:00000e5e       _CloseHandle@4             00401e5e f   kernel32:KERNEL32.dll
 0001:00000e64       _ReadFile@20               00401e64 f   kernel32:KERNEL32.dll
 0001:00000e6a       _GetLastError@0            00401e6a f   kernel32:KERNEL32.dll
 0001:00000e70       _GetProcessHeap@0          00401e70 f   kernel32:KERNEL32.dll
 0001:00000e76       _HeapAlloc@12              00401e76 f   kernel32:KERNEL32.dll
 0001:00000e7c       _CreateFileW@28            00401e7c f   kernel32:KERNEL32.dll
 0001:00000e82       _DeviceIoControl@32        00401e82 f   kernel32:KERNEL32.dll
 0001:00000e90       ?AllocFromHeap@@YAPAXPAXK@Z 00401e90 f   KrnlUtils:KrnlUtils.obj
 0001:00000ec0       ?AppendString@@YAHPA_WPAPADPAK2PAX@Z 00401ec0 f   KrnlUtils:KrnlUtils.obj
 0001:00000f80       ?CopyToBuffer@@YAHPAPADPAKPADK1PAX@Z 00401f80 f   KrnlUtils:KrnlUtils.obj
 0001:00000ff0       ?DecodeEnum@@YAPA_WHHQAPA_WIPA_WK@Z 00401ff0 f   KrnlUtils:KrnlUtils.obj
 0001:000011d0       ?ExtendBuffer@@YAHPAPADPAKKPAX@Z 004021d0 f   KrnlUtils:KrnlUtils.obj
 0001:00001240       _FormatIoStack             00402240 f   KrnlUtils:KrnlUtils.obj
 0001:00001300       _FormatIrp                 00402300 f   KrnlUtils:KrnlUtils.obj
 0001:000013c0       _FreeFmtIrp                004023c0 f   KrnlUtils:KrnlUtils.obj
 0001:000013f0       _FreeFmtStack              004023f0 f   KrnlUtils:KrnlUtils.obj
 0001:00001420       _IoStackSize               00402420 f   KrnlUtils:KrnlUtils.obj
 0001:00001490       _IrpSize                   00402490 f   KrnlUtils:KrnlUtils.obj
 0001:00001500       _MajorFunctionDes          00402500 f   KrnlUtils:KrnlUtils.obj
 0001:00001530       _MinorFunctionDes          00402530 f   KrnlUtils:KrnlUtils.obj
 0001:000015b0       ?StringCbLengthW@@YGJPB_WIPAI@Z 004025b0 f i KrnlUtils:KrnlUtils.obj
 0001:00001620       ?StringCbCopyW@@YGJPA_WIPB_W@Z 00402620 f i KrnlUtils:KrnlUtils.obj
 0001:00001670       ?StringCbPrintfW@@YAJPA_WIPB_WZZ 00402670 f i KrnlUtils:KrnlUtils.obj
 0001:000016d0       ?FormatIoStackWin7X64@@YAHPADPAPA_W@Z 004026d0 f   KrnlUtils:Win7X64.obj
 0001:00002c50       ?FormatIrpWin7X64@@YAHPADPAPA_W@Z 00403c50 f   KrnlUtils:Win7X64.obj
 0001:00003460       ?IoStackSizeWin7X64@@YAKXZ 00404460 f   KrnlUtils:Win7X64.obj
 0001:00003470       ?IrpSizeWin7X64@@YAKXZ     00404470 f   KrnlUtils:Win7X64.obj
 0001:00003480       ?FormatIoStackWlhX64@@YAHPADPAPA_W@Z 00404480 f   KrnlUtils:WlhX64.obj
 0001:00004a00       ?FormatIrpWlhX64@@YAHPADPAPA_W@Z 00405a00 f   KrnlUtils:WlhX64.obj
 0001:00005210       ?IoStackSizeWlhX64@@YAKXZ  00406210 f   KrnlUtils:WlhX64.obj
 0001:00005220       ?IrpSizeWlhX64@@YAKXZ      00406220 f   KrnlUtils:WlhX64.obj
 0001:00005230       ?FormatIoStackWin7X86@@YAHPADPAPA_W@Z 00406230 f   KrnlUtils:Win7X86.obj
 0001:000067d0       ?FormatIrpWin7X86@@YAHPADPAPA_W@Z 004077d0 f   KrnlUtils:Win7X86.obj
 0001:00006f80       ?IoStackSizeWin7X86@@YAKXZ 00407f80 f   KrnlUtils:Win7X86.obj
 0001:00006f90       ?IrpSizeWin7X86@@YAKXZ     00407f90 f   KrnlUtils:Win7X86.obj
 0001:00006fa0       ?FormatIoStackWlhX86@@YAHPADPAPA_W@Z 00407fa0 f   KrnlUtils:WlhX86.obj
 0001:00008540       ?FormatIrpWlhX86@@YAHPADPAPA_W@Z 00409540 f   KrnlUtils:WlhX86.obj
 0001:00008cf0       ?IoStackSizeWlhX86@@YAKXZ  00409cf0 f   KrnlUtils:WlhX86.obj
 0001:00008d00       ?IrpSizeWlhX86@@YAKXZ      00409d00 f   KrnlUtils:WlhX86.obj
 0001:00008d10       ?FormatIoStackWxpX86@@YAHPADPAPA_W@Z 00409d10 f   KrnlUtils:WxpX86.obj
 0001:0000a2b0       ?FormatIrpWxpX86@@YAHPADPAPA_W@Z 0040b2b0 f   KrnlUtils:WxpX86.obj
 0001:0000aa60       ?IoStackSizeWxpX86@@YAKXZ  0040ba60 f   KrnlUtils:WxpX86.obj
 0001:0000aa70       ?IrpSizeWxpX86@@YAKXZ      0040ba70 f   KrnlUtils:WxpX86.obj
 0001:0000aa80       _wprintf                   0040ba80 f   LIBCMTD:wprintf.obj
 0001:0000abc0       __wprintf_l                0040bbc0 f   LIBCMTD:wprintf.obj
 0001:0000abf0       __wprintf_s_l              0040bbf0 f   LIBCMTD:wprintf.obj
 0001:0000ac20       _wprintf_s                 0040bc20 f   LIBCMTD:wprintf.obj
 0001:0000ac50       __wprintf_p_l              0040bc50 f   LIBCMTD:wprintf.obj
 0001:0000ac80       __wprintf_p                0040bc80 f   LIBCMTD:wprintf.obj
 0001:0000acb0       _wcslen                    0040bcb0 f   LIBCMTD:wcslen.obj
 0001:0000ace0       _swscanf                   0040bce0 f   LIBCMTD:swscanf.obj
 0001:0000ae50       __swscanf_l                0040be50 f   LIBCMTD:swscanf.obj
 0001:0000ae80       _swscanf_s                 0040be80 f   LIBCMTD:swscanf.obj
 0001:0000aeb0       __swscanf_s_l              0040beb0 f   LIBCMTD:swscanf.obj
 0001:0000aee0       _memcpy                    0040bee0 f   LIBCMTD:memcpy.obj
 0001:0000b250       _printf                    0040c250 f   LIBCMTD:printf.obj
 0001:0000b390       __printf_l                 0040c390 f   LIBCMTD:printf.obj
 0001:0000b3c0       __printf_s_l               0040c3c0 f   LIBCMTD:printf.obj
 0001:0000b3f0       _printf_s                  0040c3f0 f   LIBCMTD:printf.obj
 0001:0000b420       __printf_p_l               0040c420 f   LIBCMTD:printf.obj
 0001:0000b450       __printf_p                 0040c450 f   LIBCMTD:printf.obj
 0001:0000b480       __set_printf_count_output  0040c480 f   LIBCMTD:printf.obj
 0001:0000b4d0       __get_printf_count_output  0040c4d0 f   LIBCMTD:printf.obj
 0001:0000b4f0       _wcscmp                    0040c4f0 f   LIBCMTD:wcscmp.obj
 0001:0000b560       @__security_check_cookie@4 0040c560 f   LIBCMTD:secchk.obj
 0001:0000b570       __vsnwprintf_l             0040c570 f   LIBCMTD:vsnwprnt.obj
 0001:0000b770       __vsnwprintf               0040c770 f   LIBCMTD:vsnwprnt.obj
 0001:0000b7a0       _wmainCRTStartup           0040c7a0 f   LIBCMTD:wcrt0.obj
 0001:0000ba00       ___iob_func                0040ca00 f   LIBCMTD:_file.obj
 0001:0000ba10       ___initstdio               0040ca10 f   LIBCMTD:_file.obj
 0001:0000bb60       ___endstdio                0040cb60 f   LIBCMTD:_file.obj
 0001:0000bb90       __lock_file                0040cb90 f   LIBCMTD:_file.obj
 0001:0000bbf0       __lock_file2               0040cbf0 f   LIBCMTD:_file.obj
 0001:0000bc30       __unlock_file              0040cc30 f   LIBCMTD:_file.obj
 0001:0000bc90       __unlock_file2             0040cc90 f   LIBCMTD:_file.obj
 0001:0000bcd0       __stbuf                    0040ccd0 f   LIBCMTD:_sftbuf.obj
 0001:0000be30       __ftbuf                    0040ce30 f   LIBCMTD:_sftbuf.obj
 0001:0000bec0       __woutput_l                0040cec0 f   LIBCMTD:woutput.obj
 0001:0000cf60       ??0_LocaleUpdate@@QAE@PAUlocaleinfo_struct@@@Z 0040df60 f i LIBCMTD:woutput.obj
 0001:0000d040       ??1_LocaleUpdate@@QAE@XZ   0040e040 f i LIBCMTD:woutput.obj
 0001:0000d070       ?GetLocaleT@_LocaleUpdate@@QAEPAUlocaleinfo_struct@@XZ 0040e070 f i LIBCMTD:woutput.obj
 0001:0000d1b0       _get_int_arg               0040e1b0 f i LIBCMTD:woutput.obj
 0001:0000d1d0       _get_int64_arg             0040e1d0 f i LIBCMTD:woutput.obj
 0001:0000d1f0       __initp_misc_invarg        0040e1f0 f   LIBCMTD:invarg.obj
 0001:0000d200       __invalid_parameter        0040e200 f   LIBCMTD:invarg.obj
 0001:0000d270       __invoke_watson            0040e270 f   LIBCMTD:invarg.obj
 0001:0000d3c0       __set_invalid_parameter_handler 0040e3c0 f   LIBCMTD:invarg.obj
 0001:0000d410       __get_invalid_parameter_handler 0040e410 f   LIBCMTD:invarg.obj
 0001:0000d440       ?_invalid_parameter@@YAXPBG00II@Z 0040e440 f   LIBCMTD:invarg.obj
 0001:0000d470       ?_invoke_watson@@YAXPBG00II@Z 0040e470 f   LIBCMTD:invarg.obj
 0001:0000d4a0       __dosmaperr                0040e4a0 f   LIBCMTD:dosmap.obj
 0001:0000d4d0       __get_errno_from_oserr     0040e4d0 f   LIBCMTD:dosmap.obj
 0001:0000d550       __set_errno                0040e550 f   LIBCMTD:dosmap.obj
 0001:0000d580       __get_errno                0040e580 f   LIBCMTD:dosmap.obj
 0001:0000d600       __set_doserrno             0040e600 f   LIBCMTD:dosmap.obj
 0001:0000d630       __get_doserrno             0040e630 f   LIBCMTD:dosmap.obj
 0001:0000d6b0       __errno                    0040e6b0 f   LIBCMTD:dosmap.obj
 0001:0000d6e0       ___doserrno                0040e6e0 f   LIBCMTD:dosmap.obj
 0001:0000d710       __CrtSetReportHookW2       0040e710 f   LIBCMTD:dbgrptw.obj
 0001:0000da30       __CrtDbgReportW            0040ea30 f   LIBCMTD:dbgrptw.obj
 0001:0000da70       __CrtDbgReportWV           0040ea70 f i LIBCMTD:dbgrptw.obj
 0001:0000daa0       ___crtMessageWindowW       0040eaa0 f   LIBCMTD:dbgrptw.obj
 0001:0000dea0       __invoke_watson_if_error   0040eea0 f i LIBCMTD:dbgrptw.obj
 0001:0000ded0       __invoke_watson_if_oneof   0040eed0 f i LIBCMTD:dbgrptw.obj
 0001:0000df20       ?_CrtDbgReportW@@YAHHPBGH00ZZ 0040ef20 f   LIBCMTD:dbgrptw.obj
 0001:0000df60       __except_handler4          0040ef60 f   LIBCMTD:chandler4.obj
 0001:0000e180       _vwprintf_helper           0040f180 f   LIBCMTD:vwprintf.obj
 0001:0000e2a0       __vwprintf_l               0040f2a0 f   LIBCMTD:vwprintf.obj
 0001:0000e2c0       __vwprintf_s_l             0040f2c0 f   LIBCMTD:vwprintf.obj
 0001:0000e2e0       __vwprintf_p_l             0040f2e0 f   LIBCMTD:vwprintf.obj
 0001:0000e300       _vwprintf                  0040f300 f   LIBCMTD:vwprintf.obj
 0001:0000e320       _vwprintf_s                0040f320 f   LIBCMTD:vwprintf.obj
 0001:0000e340       __vwprintf_p               0040f340 f   LIBCMTD:vwprintf.obj
 0001:0000e360       __winput_l                 0040f360 f   LIBCMTD:winput.obj
 0001:0000fc10       __INTRN_LOCALE_CONV        00410c10 f i LIBCMTD:winput.obj
 0001:0000fd20       __winput_s_l               00410d20 f   LIBCMTD:winputs.obj
 0001:00011a30       __VEC_memcpy               00412a30 f   LIBCMTD:p4_memcpy.obj
 0001:00011bb0       __get_sse2_info            00412bb0 f   LIBCMTD:cpu_disp.obj
 0001:00011ce0       ___sse2_available_init     00412ce0 f   LIBCMTD:cpu_disp.obj
 0001:00011d00       __output_l                 00412d00 f   LIBCMTD:output.obj
 0001:00013130       _get_short_arg             00414130 f i LIBCMTD:output.obj
 0001:00013150       _vprintf_helper            00414150 f   LIBCMTD:vprintf.obj
 0001:00013270       __vprintf_l                00414270 f   LIBCMTD:vprintf.obj
 0001:00013290       __vprintf_s_l              00414290 f   LIBCMTD:vprintf.obj
 0001:000132b0       __vprintf_p_l              004142b0 f   LIBCMTD:vprintf.obj
 0001:000132d0       _vprintf                   004142d0 f   LIBCMTD:vprintf.obj
 0001:000132f0       _vprintf_s                 004142f0 f   LIBCMTD:vprintf.obj
 0001:00013310       __vprintf_p                00414310 f   LIBCMTD:vprintf.obj
 0001:00013330       ___report_gsfailure        00414330 f   LIBCMTD:gs_report.obj
 0001:00013440       __flsbuf                   00414440 f   LIBCMTD:_flsbuf.obj
 0001:00013700       ?__CxxUnhandledExceptionFilter@@YGJPAU_EXCEPTION_POINTERS@@@Z 00414700 f   LIBCMTD:unhandld.obj
 0001:00013770       ___CxxSetUnhandledExceptionFilter 00414770 f   LIBCMTD:unhandld.obj
 0001:00013790       ___security_init_cookie    00414790 f   LIBCMTD:gs_support.obj
 0001:00013870       __crt_waiting_on_module_handle 00414870 f   LIBCMTD:crt0dat.obj
 0001:000138d0       __cinit                    004148d0 f   LIBCMTD:crt0dat.obj
 0001:00013970       _exit                      00414970 f   LIBCMTD:crt0dat.obj
 0001:00013990       __exit                     00414990 f   LIBCMTD:crt0dat.obj
 0001:000139b0       __cexit                    004149b0 f   LIBCMTD:crt0dat.obj
 0001:000139d0       __c_exit                   004149d0 f   LIBCMTD:crt0dat.obj
 0001:000139f0       __amsg_exit                004149f0 f   LIBCMTD:crt0dat.obj
 0001:00013a30       ___freeCrtMemory           00414a30 f   LIBCMTD:crt0dat.obj
 0001:00013d80       ___crtCorExitProcess       00414d80 f   LIBCMTD:crt0dat.obj
 0001:00013dc0       ___crtExitProcess          00414dc0 f   LIBCMTD:crt0dat.obj
 0001:00013de0       __lockexit                 00414de0 f   LIBCMTD:crt0dat.obj
 0001:00013e00       __unlockexit               00414e00 f   LIBCMTD:crt0dat.obj
 0001:00013e20       __init_pointers            00414e20 f   LIBCMTD:crt0dat.obj
 0001:00013ee0       __initterm_e               00414ee0 f   LIBCMTD:crt0dat.obj
 0001:00013f20       __get_wpgmptr              00414f20 f   LIBCMTD:crt0dat.obj
 0001:00014010       __get_pgmptr               00415010 f   LIBCMTD:crt0dat.obj
 0001:00014100       __initp_misc_winxfltr      00415100 f   LIBCMTD:winxfltr.obj
 0001:00014110       ___CppXcptFilter           00415110 f   LIBCMTD:winxfltr.obj
 0001:00014140       __XcptFilter               00415140 f   LIBCMTD:winxfltr.obj
 0001:00014370       __wsetenvp                 00415370 f   LIBCMTD:wstdenvp.obj
 0001:00014510       __wsetargv                 00415510 f   LIBCMTD:wstdargv.obj
 0001:00014630       __set_wpgmptr              00415630 f i LIBCMTD:wstdargv.obj
 0001:00014900       ___crtGetEnvironmentStringsW 00415900 f   LIBCMTD:w_env.obj
 0001:000149b0       ___crtGetCommandLineW      004159b0 f   LIBCMTD:aw_com.obj
 0001:000149c0       __ioinit                   004159c0 f   LIBCMTD:ioinit.obj
 0001:00014e60       __ioterm                   00415e60 f   LIBCMTD:ioinit.obj
 0001:00014f00       __RTC_Initialize           00415f00 f   LIBCMTD:_initsect_.obj
 0001:00014f30       __RTC_Terminate            00415f30 f   LIBCMTD:_initsect_.obj
 0001:00014f60       __malloc_dbg               00415f60 f   LIBCMTD:dbgheap.obj
 0001:00014f90       __nh_malloc                00415f90 f   LIBCMTD:dbgheap.obj
 0001:00014fb0       __nh_malloc_dbg            00415fb0 f   LIBCMTD:dbgheap.obj
 0001:00015080       __heap_alloc               00416080 f   LIBCMTD:dbgheap.obj
 0001:00015450       __heap_alloc_dbg           00416450 f   LIBCMTD:dbgheap.obj
 0001:000154b0       __calloc_dbg_impl          004164b0 f   LIBCMTD:dbgheap.obj
 0001:00015580       __calloc_dbg               00416580 f   LIBCMTD:dbgheap.obj
 0001:000155e0       __recalloc                 004165e0 f   LIBCMTD:dbgheap.obj
 0001:00015610       __realloc_dbg              00416610 f   LIBCMTD:dbgheap.obj
 0001:00015cb0       __recalloc_dbg             00416cb0 f   LIBCMTD:dbgheap.obj
 0001:00015db0       __expand                   00416db0 f   LIBCMTD:dbgheap.obj
 0001:00015de0       __expand_dbg               00416de0 f   LIBCMTD:dbgheap.obj
 0001:00015ef0       __free_nolock              00416ef0 f   LIBCMTD:dbgheap.obj
 0001:00015f10       __free_dbg                 00416f10 f   LIBCMTD:dbgheap.obj
 0001:00015f90       __free_dbg_nolock          00416f90 f   LIBCMTD:dbgheap.obj
 0001:00016470       __msize                    00417470 f   LIBCMTD:dbgheap.obj
 0001:00016490       __msize_dbg                00417490 f   LIBCMTD:dbgheap.obj
 0001:00016680       __CrtSetBreakAlloc         00417680 f   LIBCMTD:dbgheap.obj
 0001:000166a0       __CrtSetDbgBlockType       004176a0 f   LIBCMTD:dbgheap.obj
 0001:00016790       __CrtSetAllocHook          00417790 f   LIBCMTD:dbgheap.obj
 0001:000167b0       __CrtGetAllocHook          004177b0 f   LIBCMTD:dbgheap.obj
 0001:00016810       __CrtCheckMemory           00417810 f   LIBCMTD:dbgheap.obj
 0001:00016c70       __CrtSetDbgFlag            00417c70 f   LIBCMTD:dbgheap.obj
 0001:00016dc0       __CrtDoForAllClientObjects 00417dc0 f   LIBCMTD:dbgheap.obj
 0001:00016ee0       __CrtIsValidPointer        00417ee0 f   LIBCMTD:dbgheap.obj
 0001:00016ef0       __CrtIsValidHeapPointer    00417ef0 f   LIBCMTD:dbgheap.obj
 0001:00016f90       __CrtIsMemoryBlock         00417f90 f   LIBCMTD:dbgheap.obj
 0001:00017100       __CrtReportBlockType       00418100 f   LIBCMTD:dbgheap.obj
 0001:00017130       __CrtSetDumpClient         00418130 f   LIBCMTD:dbgheap.obj
 0001:00017150       __CrtGetDumpClient         00418150 f   LIBCMTD:dbgheap.obj
 0001:00017160       __CrtMemCheckpoint         00418160 f   LIBCMTD:dbgheap.obj
 0001:00017380       __CrtMemDifference         00418380 f   LIBCMTD:dbgheap.obj
 0001:000175a0       __CrtMemDumpAllObjectsSince 004185a0 f   LIBCMTD:dbgheap.obj
 0001:00017a90       __CrtDumpMemoryLeaks       00418a90 f   LIBCMTD:dbgheap.obj
 0001:00017b00       __CrtMemDumpStatistics     00418b00 f   LIBCMTD:dbgheap.obj
 0001:00017c10       __aligned_malloc           00418c10 f   LIBCMTD:dbgheap.obj
 0001:00017c30       __aligned_malloc_dbg       00418c30 f   LIBCMTD:dbgheap.obj
 0001:00017c60       __aligned_realloc          00418c60 f   LIBCMTD:dbgheap.obj
 0001:00017c90       __aligned_recalloc         00418c90 f   LIBCMTD:dbgheap.obj
 0001:00017cc0       __aligned_realloc_dbg      00418cc0 f   LIBCMTD:dbgheap.obj
 0001:00017cf0       __aligned_recalloc_dbg     00418cf0 f   LIBCMTD:dbgheap.obj
 0001:00017d20       __aligned_offset_malloc    00418d20 f   LIBCMTD:dbgheap.obj
 0001:00017d40       __aligned_offset_malloc_dbg 00418d40 f   LIBCMTD:dbgheap.obj
 0001:00017ee0       __aligned_offset_realloc   00418ee0 f   LIBCMTD:dbgheap.obj
 0001:00017f10       __aligned_offset_recalloc  00418f10 f   LIBCMTD:dbgheap.obj
 0001:00017f40       __aligned_offset_realloc_dbg 00418f40 f   LIBCMTD:dbgheap.obj
 0001:00018210       __aligned_offset_recalloc_dbg 00419210 f   LIBCMTD:dbgheap.obj
 0001:00018320       __aligned_free             00419320 f   LIBCMTD:dbgheap.obj
 0001:00018340       __aligned_free_dbg         00419340 f   LIBCMTD:dbgheap.obj
 0001:000183f0       __CrtSetDebugFillThreshold 004193f0 f   LIBCMTD:dbgheap.obj
 0001:00018410       __CrtSetCheckCount         00419410 f   LIBCMTD:dbgheap.obj
 0001:00018430       __CrtGetCheckCount         00419430 f   LIBCMTD:dbgheap.obj
 0001:00018440       __aligned_msize            00419440 f   LIBCMTD:dbgheap.obj
 0001:00018460       __aligned_msize_dbg        00419460 f   LIBCMTD:dbgheap.obj
 0001:00018570       __encode_pointer           00419570 f   LIBCMTD:tidtable.obj
 0001:00018610       __crt_wait_module_handle   00419610 f i LIBCMTD:tidtable.obj
 0001:00018640       __encoded_null             00419640 f   LIBCMTD:tidtable.obj
 0001:00018660       __decode_pointer           00419660 f   LIBCMTD:tidtable.obj
 0001:00018700       ___crtTlsAlloc@4           00419700 f   LIBCMTD:tidtable.obj
 0001:00018710       ___fls_getvalue@4          00419710 f   LIBCMTD:tidtable.obj
 0001:00018730       ___get_flsindex            00419730 f   LIBCMTD:tidtable.obj
 0001:00018740       ___set_flsgetvalue         00419740 f   LIBCMTD:tidtable.obj
 0001:00018790       ___fls_setvalue@8          00419790 f   LIBCMTD:tidtable.obj
 0001:000187c0       __mtinit                   004197c0 f   LIBCMTD:tidtable.obj
 0001:000189d0       __mtterm                   004199d0 f   LIBCMTD:tidtable.obj
 0001:00018a30       __initptd                  00419a30 f   LIBCMTD:tidtable.obj
 0001:00018b90       __getptd_noexit            00419b90 f   LIBCMTD:tidtable.obj
 0001:00018c50       __getptd                   00419c50 f   LIBCMTD:tidtable.obj
 0001:00018c80       __freefls@4                00419c80 f   LIBCMTD:tidtable.obj
 0001:00018e90       __freeptd                  00419e90 f   LIBCMTD:tidtable.obj
 0001:00018f10       ___threadid                00419f10 f   LIBCMTD:tidtable.obj
 0001:00018f20       ___threadhandle            00419f20 f   LIBCMTD:tidtable.obj
 0001:00018f30       ___heap_select             00419f30 f   LIBCMTD:heapinit.obj
 0001:00018f50       __heap_init                00419f50 f   LIBCMTD:heapinit.obj
 0001:00018fd0       __heap_term                00419fd0 f   LIBCMTD:heapinit.obj
 0001:00019070       __get_heap_handle          0041a070 f   LIBCMTD:heapinit.obj
 0001:000190b0       __FF_MSGBANNER             0041a0b0 f   LIBCMTD:crt0msg.obj
 0001:00019100       __NMSG_WRITE               0041a100 f   LIBCMTD:crt0msg.obj
 0001:000193a0       __GET_RTERRMSG             0041a3a0 f   LIBCMTD:crt0msg.obj
 0001:000193f0       __fcloseall                0041a3f0 f   LIBCMTD:closeall.obj
 0001:00019520       _fflush                    0041a520 f   LIBCMTD:fflush.obj
 0001:000195c0       __fflush_nolock            0041a5c0 f   LIBCMTD:fflush.obj
 0001:00019620       __flush                    0041a620 f   LIBCMTD:fflush.obj
 0001:000196e0       __flushall                 0041a6e0 f   LIBCMTD:fflush.obj
 0001:000198b0       __mtinitlocks              0041a8b0 f   LIBCMTD:mlock.obj
 0001:00019940       __mtdeletelocks            0041a940 f   LIBCMTD:mlock.obj
 0001:00019a00       __mtinitlocknum            0041aa00 f   LIBCMTD:mlock.obj
 0001:00019b50       __lock                     0041ab50 f   LIBCMTD:mlock.obj
 0001:00019b90       __unlock                   0041ab90 f   LIBCMTD:mlock.obj
 0001:00019bb0       __lockerr_exit             0041abb0 f   LIBCMTD:mlock.obj
 0001:00019bd0       __isatty                   0041abd0 f   LIBCMTD:isatty.obj
 0001:00019cb0       __fileno                   0041acb0 f   LIBCMTD:fileno.obj
 0001:00019d30       __initp_misc_cfltcvt_tab   0041ad30 f   LIBCMTD:cmiscdat.obj
 0001:00019d80       __isleadbyte_l             0041ad80 f i LIBCMTD:_wctype.obj
 0001:00019dd0       _isleadbyte                0041add0 f i LIBCMTD:_wctype.obj
 0001:00019df0       __iswalpha_l               0041adf0 f i LIBCMTD:_wctype.obj
 0001:00019e10       _iswalpha                  0041ae10 f i LIBCMTD:_wctype.obj
 0001:00019e30       __iswupper_l               0041ae30 f i LIBCMTD:_wctype.obj
 0001:00019e50       _iswupper                  0041ae50 f i LIBCMTD:_wctype.obj
 0001:00019e70       __iswlower_l               0041ae70 f i LIBCMTD:_wctype.obj
 0001:00019e90       _iswlower                  0041ae90 f i LIBCMTD:_wctype.obj
 0001:00019eb0       __iswdigit_l               0041aeb0 f i LIBCMTD:_wctype.obj
 0001:00019ed0       _iswdigit                  0041aed0 f i LIBCMTD:_wctype.obj
 0001:00019ef0       __iswxdigit_l              0041aef0 f i LIBCMTD:_wctype.obj
 0001:00019f10       _iswxdigit                 0041af10 f i LIBCMTD:_wctype.obj
 0001:00019f30       __iswspace_l               0041af30 f i LIBCMTD:_wctype.obj
 0001:00019f50       _iswspace                  0041af50 f i LIBCMTD:_wctype.obj
 0001:00019f70       __iswpunct_l               0041af70 f i LIBCMTD:_wctype.obj
 0001:00019f90       _iswpunct                  0041af90 f i LIBCMTD:_wctype.obj
 0001:00019fb0       __iswalnum_l               0041afb0 f i LIBCMTD:_wctype.obj
 0001:00019fd0       _iswalnum                  0041afd0 f i LIBCMTD:_wctype.obj
 0001:00019ff0       __iswprint_l               0041aff0 f i LIBCMTD:_wctype.obj
 0001:0001a010       _iswprint                  0041b010 f i LIBCMTD:_wctype.obj
 0001:0001a030       __iswgraph_l               0041b030 f i LIBCMTD:_wctype.obj
 0001:0001a050       _iswgraph                  0041b050 f i LIBCMTD:_wctype.obj
 0001:0001a070       __iswcntrl_l               0041b070 f i LIBCMTD:_wctype.obj
 0001:0001a090       _iswcntrl                  0041b090 f i LIBCMTD:_wctype.obj
 0001:0001a0b0       _iswascii                  0041b0b0 f i LIBCMTD:_wctype.obj
 0001:0001a0d0       __iswcsym_l                0041b0d0 f i LIBCMTD:_wctype.obj
 0001:0001a110       ___iswcsym                 0041b110 f i LIBCMTD:_wctype.obj
 0001:0001a150       __iswcsymf_l               0041b150 f i LIBCMTD:_wctype.obj
 0001:0001a190       ___iswcsymf                0041b190 f i LIBCMTD:_wctype.obj
 0001:0001a1d0       _strlen                    0041b1d0 f   LIBCMTD:strlen.obj
 0001:0001a260       __mbtowc_l                 0041b260 f   LIBCMTD:mbtowc.obj
 0001:0001a480       _mbtowc                    0041b480 f   LIBCMTD:mbtowc.obj
 0001:0001a4a0       __aulldiv                  0041b4a0 f   LIBCMTD:ulldiv.obj
 0001:0001a510       __aullrem                  0041b510 f   LIBCMTD:ullrem.obj
 0001:0001a590       ___updatetmbcinfo          0041b590 f   LIBCMTD:mbctype.obj
 0001:0001a6a0       __setmbcp                  0041b6a0 f   LIBCMTD:mbctype.obj
 0001:0001aa50       __setmbcp_nolock           0041ba50 f   LIBCMTD:mbctype.obj
 0001:0001b240       __getmbcp                  0041c240 f   LIBCMTD:mbctype.obj
 0001:0001b2b0       ___initmbctable            0041c2b0 f   LIBCMTD:mbctype.obj
 0001:0001b2e0       ____setlc_active_func      0041c2e0 f   LIBCMTD:setlocal.obj
 0001:0001b2f0       ____unguarded_readlc_active_add_func 0041c2f0 f   LIBCMTD:setlocal.obj
 0001:0001b300       ___freetlocinfo            0041c300 f   LIBCMTD:setlocal.obj
 0001:0001b5e0       ___addlocaleref            0041c5e0 f   LIBCMTD:setlocal.obj
 0001:0001b700       ___removelocaleref         0041c700 f   LIBCMTD:setlocal.obj
 0001:0001b830       ___updatetlocinfo          0041c830 f   LIBCMTD:setlocal.obj
 0001:0001b980       __configthreadlocale       0041c980 f   LIBCMTD:setlocal.obj
 0001:0001ba90       __locterm                  0041ca90 f   LIBCMTD:setlocal.obj
 0001:0001bb30       __free_locale              0041cb30 f   LIBCMTD:setlocal.obj
 0001:0001bc70       ___free_locale             0041cc70 f   LIBCMTD:setlocal.obj
 0001:0001bc90       __create_locale            0041cc90 f   LIBCMTD:setlocal.obj
 0001:0001bec0       ___create_locale           0041cec0 f   LIBCMTD:setlocal.obj
 0001:0001bee0       __get_current_locale       0041cee0 f   LIBCMTD:setlocal.obj
 0001:0001c000       ___get_current_locale      0041d000 f   LIBCMTD:setlocal.obj
 0001:0001c010       _setlocale                 0041d010 f   LIBCMTD:setlocal.obj
 0001:0001cf20       __expandlocale             0041df20 f   LIBCMTD:setlocal.obj
 0001:0001d1d0       ___init_dummy              0041e1d0 f   LIBCMTD:setlocal.obj
 0001:0001d1e0       __strcats                  0041e1e0 f   LIBCMTD:setlocal.obj
 0001:0001d260       ___lc_strtolc              0041e260 f   LIBCMTD:setlocal.obj
 0001:0001d460       ___lc_lctostr              0041e460 f   LIBCMTD:setlocal.obj
 0001:0001d500       _fputwc                    0041e500 f   LIBCMTD:fputwc.obj
 0001:0001d600       __fputwc_nolock            0041e600 f   LIBCMTD:fputwc.obj
 0001:0001d8f0       _putwc                     0041e8f0 f   LIBCMTD:fputwc.obj
 0001:0001d910       __CrtDefaultAllocHook      0041e910 f   LIBCMTD:dbghook.obj
 0001:0001d920       __crt_debugger_hook        0041e920 f   LIBCMTD:dbghook.obj
 0001:0001d940       _memset                    0041e940 f   LIBCMTD:memset.obj
 0001:0001d9c0       __CrtDbgBreak              0041e9c0 f   LIBCMTD:dbgrptt.obj
 0001:0001d9d0       __CrtSetReportMode         0041e9d0 f   LIBCMTD:dbgrptt.obj
 0001:0001db10       __CrtSetReportFile         0041eb10 f   LIBCMTD:dbgrptt.obj
 0001:0001dc10       __CrtSetReportHook         0041ec10 f   LIBCMTD:dbgrptt.obj
 0001:0001dc30       __CrtGetReportHook         0041ec30 f   LIBCMTD:dbgrptt.obj
 0001:0001dc40       __VCrtDbgReportA           0041ec40 f   LIBCMTD:dbgrptt.obj
 0001:0001e470       __VCrtDbgReportW           0041f470 f   LIBCMTD:dbgrptt.obj
 0001:0001eda0       __initp_misc_winsig        0041fda0 f   LIBCMTD:winsig.obj
 0001:0001edd0       _signal                    0041fdd0 f   LIBCMTD:winsig.obj
 0001:0001f270       _raise                     00420270 f   LIBCMTD:winsig.obj
 0001:0001f5e0       ___get_sigabrt             004205e0 f   LIBCMTD:winsig.obj
 0001:0001f600       ___fpecode                 00420600 f   LIBCMTD:winsig.obj
 0001:0001f610       ___pxcptinfoptrs           00420610 f   LIBCMTD:winsig.obj
 0001:0001f620       ___crtMessageBoxW          00420620 f   LIBCMTD:crtmboxw.obj
 0001:0001f840       __swprintf                 00420840 f   LIBCMTD:swprintf.obj
 0001:0001fa10       ___swprintf_l              00420a10 f   LIBCMTD:swprintf.obj
 0001:0001fa40       _swprintf_s                00420a40 f   LIBCMTD:swprintf.obj
 0001:0001fa70       __snwprintf_s              00420a70 f   LIBCMTD:swprintf.obj
 0001:0001faa0       __swprintf_p               00420aa0 f   LIBCMTD:swprintf.obj
 0001:0001fad0       __swprintf_s_l             00420ad0 f   LIBCMTD:swprintf.obj
 0001:0001fb00       __snwprintf_s_l            00420b00 f   LIBCMTD:swprintf.obj
 0001:0001fb30       __swprintf_p_l             00420b30 f   LIBCMTD:swprintf.obj
 0001:0001fb60       __scwprintf                00420b60 f   LIBCMTD:swprintf.obj
 0001:0001fb80       __scwprintf_p              00420b80 f   LIBCMTD:swprintf.obj
 0001:0001fba0       __scwprintf_l              00420ba0 f   LIBCMTD:swprintf.obj
 0001:0001fbd0       __scwprintf_p_l            00420bd0 f   LIBCMTD:swprintf.obj
 0001:0001fc00       _memcpy_s                  00420c00 f   LIBCMTD:memcpy_s.obj
 0001:0001fd90       _wcscpy_s                  00420d90 f   LIBCMTD:wcscpy_s.obj
 0001:00020070       __alloca_probe             00421070     LIBCMTD:chkstk.obj
 0001:00020070       __chkstk                   00421070 f   LIBCMTD:chkstk.obj
 0001:0002009c       __local_unwind4            0042109c f   LIBCMTD:exsup4.obj
 0001:00020172       __seh_longjmp_unwind4@4    00421172 f   LIBCMTD:exsup4.obj
 0001:0002018e       @_EH4_CallFilterFunc@8     0042118e f   LIBCMTD:exsup4.obj
 0001:000201a5       @_EH4_TransferToHandler@8  004211a5 f   LIBCMTD:exsup4.obj
 0001:000201be       @_EH4_GlobalUnwind@4       004211be f   LIBCMTD:exsup4.obj
 0001:000201d8       @_EH4_LocalUnwind@16       004211d8 f   LIBCMTD:exsup4.obj
 0001:000201f0       __ValidateImageBase        004211f0 f   LIBCMTD:pesect.obj
 0001:00020250       __FindPESection            00421250 f   LIBCMTD:pesect.obj
 0001:000202d0       __IsNonwritableInCurrentImage 004212d0 f   LIBCMTD:pesect.obj
 0001:000203f0       __woutput_s_l              004213f0 f   LIBCMTD:woutputs.obj
 0001:00021720       __validate_param_reuseW    00422720 f   LIBCMTD:woutputp.obj
 0001:00021990       __woutput_p_l              00422990 f   LIBCMTD:woutputp.obj
 0001:000250f0       __wcstombs_l_helper        004260f0 f   LIBCMTD:wcstombs.obj
 0001:000255e0       __wcstombs_l               004265e0 f   LIBCMTD:wcstombs.obj
 0001:00025600       _wcstombs                  00426600 f   LIBCMTD:wcstombs.obj
 0001:00025620       __wcstombs_s_l             00426620 f   LIBCMTD:wcstombs.obj
 0001:00025950       _wcstombs_s                00426950 f   LIBCMTD:wcstombs.obj
 0001:00025980       __isalpha_l                00426980 f i LIBCMTD:_ctype.obj
 0001:00025a10       _isalpha                   00426a10 f i LIBCMTD:_ctype.obj
 0001:00025a50       __isupper_l                00426a50 f i LIBCMTD:_ctype.obj
 0001:00025ad0       _isupper                   00426ad0 f i LIBCMTD:_ctype.obj
 0001:00025b00       __islower_l                00426b00 f i LIBCMTD:_ctype.obj
 0001:00025b80       _islower                   00426b80 f i LIBCMTD:_ctype.obj
 0001:00025bb0       __isdigit_l                00426bb0 f i LIBCMTD:_ctype.obj
 0001:00025c30       _isdigit                   00426c30 f i LIBCMTD:_ctype.obj
 0001:00025c60       __isxdigit_l               00426c60 f i LIBCMTD:_ctype.obj
 0001:00025cf0       _isxdigit                  00426cf0 f i LIBCMTD:_ctype.obj
 0001:00025d30       __isspace_l                00426d30 f i LIBCMTD:_ctype.obj
 0001:00025db0       _isspace                   00426db0 f i LIBCMTD:_ctype.obj
 0001:00025de0       __ispunct_l                00426de0 f i LIBCMTD:_ctype.obj
 0001:00025e60       _ispunct                   00426e60 f i LIBCMTD:_ctype.obj
 0001:00025e90       __isalnum_l                00426e90 f i LIBCMTD:_ctype.obj
 0001:00025f20       _isalnum                   00426f20 f i LIBCMTD:_ctype.obj
 0001:00025f60       __isprint_l                00426f60 f i LIBCMTD:_ctype.obj
 0001:00025ff0       _isprint                   00426ff0 f i LIBCMTD:_ctype.obj
 0001:00026030       __isgraph_l                00427030 f i LIBCMTD:_ctype.obj
 0001:000260c0       _isgraph                   004270c0 f i LIBCMTD:_ctype.obj
 0001:00026100       __iscntrl_l                00427100 f i LIBCMTD:_ctype.obj
 0001:00026180       _iscntrl                   00427180 f i LIBCMTD:_ctype.obj
 0001:000261b0       ___isascii                 004271b0 f i LIBCMTD:_ctype.obj
 0001:000261d0       ___toascii                 004271d0 f i LIBCMTD:_ctype.obj
 0001:000261e0       __iscsymf_l                004271e0 f i LIBCMTD:_ctype.obj
 0001:00026220       ___iscsymf                 00427220 f i LIBCMTD:_ctype.obj
 0001:00026260       __iscsym_l                 00427260 f i LIBCMTD:_ctype.obj
 0001:000262a0       ___iscsym                  004272a0 f i LIBCMTD:_ctype.obj
 0001:000262e0       __wctomb_s_l               004272e0 f   LIBCMTD:wctomb.obj
 0001:000265e0       _wctomb_s                  004275e0 f   LIBCMTD:wctomb.obj
 0001:00026610       __wctomb_l                 00427610 f   LIBCMTD:wctomb.obj
 0001:00026690       _wctomb                    00427690 f   LIBCMTD:wctomb.obj
 0001:000266e0       __iswctype_l               004276e0 f   LIBCMTD:iswctype.obj
 0001:00026790       _iswctype                  00427790 f   LIBCMTD:iswctype.obj
 0001:00026820       _is_wctype                 00427820 f   LIBCMTD:iswctype.obj
 0001:00026840       __allshl                   00427840 f   LIBCMTD:llshl.obj
 0001:00026860       _fgetwc                    00427860 f   LIBCMTD:fgetwc.obj
 0001:00026950       __fgetwc_nolock            00427950 f   LIBCMTD:fgetwc.obj
 0001:00026cb0       _getwc                     00427cb0 f   LIBCMTD:fgetwc.obj
 0001:00026cd0       _ungetwc                   00427cd0 f   LIBCMTD:ungetwc.obj
 0001:00026dc0       __ungetwc_nolock           00427dc0 f   LIBCMTD:ungetwc.obj
 0001:00027100       __output_s_l               00428100 f   LIBCMTD:outputs.obj
 0001:00028690       __validate_param_reuseA    00429690 f   LIBCMTD:outputp.obj
 0001:00028900       __output_p_l               00429900 f   LIBCMTD:outputp.obj
 0001:0002c4c0       _get_crtdouble_arg         0042d4c0 f i LIBCMTD:outputp.obj
 0001:0002c4e0       __lseeki64                 0042d4e0 f   LIBCMTD:lseeki64.obj
 0001:0002c730       __lseeki64_nolock          0042d730 f   LIBCMTD:lseeki64.obj
 0001:0002c820       __write                    0042d820 f   LIBCMTD:write.obj
 0001:0002ca50       __write_nolock             0042da50 f   LIBCMTD:write.obj
 0001:0002d590       __getbuf                   0042e590 f   LIBCMTD:_getbuf.obj
 0001:0002d650       __initp_eh_hooks           0042e650 f   LIBCMTD:hooks.obj
 0001:0002d670       ?terminate@@YAXXZ          0042e670 f   LIBCMTD:hooks.obj
 0001:0002d6f0       ?unexpected@@YAXXZ         0042e6f0 f   LIBCMTD:hooks.obj
 0001:0002d720       ?_inconsistency@@YAXXZ     0042e720 f   LIBCMTD:hooks.obj
 0001:0002d7b0       __onexit                   0042e7b0 f   LIBCMTD:onexit.obj
 0001:0002d980       _atexit                    0042e980 f   LIBCMTD:onexit.obj
 0001:0002d9a0       ___onexitinit              0042e9a0 f   LIBCMTD:onexit.obj
 0001:0002da00       __initp_misc_rand_s        0042ea00 f   LIBCMTD:rand_s.obj
 0001:0002da10       _rand_s                    0042ea10 f   LIBCMTD:rand_s.obj
 0001:0002dc30       ___getlocaleinfo           0042ec30 f   LIBCMTD:inithelp.obj
 0001:0002ded0       __initp_misc_purevirt      0042eed0 f   LIBCMTD:inithelp.obj
 0001:0002dee0       __initp_misc_initcrit      0042eee0 f   LIBCMTD:initcrit.obj
 0001:0002def0       ___crtInitCritSecAndSpinCount 0042eef0 f   LIBCMTD:initcrit.obj
 0001:0002dfa0       __initp_heap_handler       0042efa0 f   LIBCMTD:handler.obj
 0001:0002dfb0       ?_set_new_handler@@YAP6AHI@ZP6AHI@Z@Z 0042efb0 f   LIBCMTD:handler.obj
 0001:0002e000       ?_set_new_handler@@YAP6AHI@ZH@Z 0042f000 f   LIBCMTD:handler.obj
 0001:0002e040       ?_query_new_handler@@YAP6AHI@ZXZ 0042f040 f   LIBCMTD:handler.obj
 0001:0002e060       __callnewh                 0042f060 f   LIBCMTD:handler.obj
 0001:0002e0a0       _V6_HeapAlloc              0042f0a0 f   LIBCMTD:malloc.obj
 0001:0002e140       __malloc_base              0042f140 f   LIBCMTD:malloc.obj
 0001:0002e1d0       __heap_alloc_base          0042f1d0 f i LIBCMTD:malloc.obj
 0001:0002e290       __CrtSetReportHook2        0042f290 f   LIBCMTD:dbgrpt.obj
 0001:0002e5b0       __CrtDbgReport             0042f5b0 f   LIBCMTD:dbgrpt.obj
 0001:0002e5f0       __CrtDbgReportV            0042f5f0 f i LIBCMTD:dbgrpt.obj
 0001:0002e620       ___crtMessageWindowA       0042f620 f   LIBCMTD:dbgrpt.obj
 0001:0002ea20       __expand_base              0042fa20 f   LIBCMTD:expand.obj
 0001:0002ecf0       __realloc_base             0042fcf0 f   LIBCMTD:realloc.obj
 0001:0002f090       __free_base                00430090 f   LIBCMTD:free.obj
 0001:0002f1c0       __heapchk                  004301c0 f   LIBCMTD:heapchk.obj
 0001:0002f290       __heapset                  00430290 f   LIBCMTD:heapchk.obj
 0001:0002f2a0       __get_sbh_threshold        004302a0 f   LIBCMTD:sbheap.obj
 0001:0002f2f0       __set_sbh_threshold        004302f0 f   LIBCMTD:sbheap.obj
 0001:0002f480       __set_amblksiz             00430480 f   LIBCMTD:sbheap.obj
 0001:0002f590       __get_amblksiz             00430590 f   LIBCMTD:sbheap.obj
 0001:0002f680       ___sbh_heap_init           00430680 f   LIBCMTD:sbheap.obj
 0001:0002f6f0       ___sbh_find_block          004306f0 f   LIBCMTD:sbheap.obj
 0001:0002f750       ___sbh_verify_block        00430750 f   LIBCMTD:sbheap.obj
 0001:0002f7b0       ___sbh_free_block          004307b0 f   LIBCMTD:sbheap.obj
 0001:0002fd70       ___sbh_alloc_block         00430d70 f   LIBCMTD:sbheap.obj
 0001:00030290       ___sbh_alloc_new_region    00431290 f   LIBCMTD:sbheap.obj
 0001:000303a0       ___sbh_alloc_new_group     004313a0 f   LIBCMTD:sbheap.obj
 0001:00030590       ___sbh_resize_block        00431590 f   LIBCMTD:sbheap.obj
 0001:00030b60       ___sbh_heapmin             00431b60 f   LIBCMTD:sbheap.obj
 0001:00030c90       ___sbh_heap_check          00431c90 f   LIBCMTD:sbheap.obj
 0001:00031180       _sprintf                   00432180 f   LIBCMTD:sprintf.obj
 0001:00031300       __sprintf_l                00432300 f   LIBCMTD:sprintf.obj
 0001:00031330       _sprintf_s                 00432330 f   LIBCMTD:sprintf.obj
 0001:00031360       __sprintf_s_l              00432360 f   LIBCMTD:sprintf.obj
 0001:00031390       __snprintf_s               00432390 f   LIBCMTD:sprintf.obj
 0001:000313c0       __snprintf_s_l             004323c0 f   LIBCMTD:sprintf.obj
 0001:000313f0       __sprintf_p                004323f0 f   LIBCMTD:sprintf.obj
 0001:00031420       __sprintf_p_l              00432420 f   LIBCMTD:sprintf.obj
 0001:00031450       __scprintf                 00432450 f   LIBCMTD:sprintf.obj
 0001:00031470       __scprintf_p               00432470 f   LIBCMTD:sprintf.obj
 0001:00031490       __scprintf_l               00432490 f   LIBCMTD:sprintf.obj
 0001:000314c0       __scprintf_p_l             004324c0 f   LIBCMTD:sprintf.obj
 0001:000314f0       __chvalidator              004324f0 f   LIBCMTD:isctype.obj
 0001:00031540       __chvalidator_l            00432540 f   LIBCMTD:isctype.obj
 0001:000315f0       __isctype_l                004325f0 f   LIBCMTD:isctype.obj
 0001:00031710       __isctype                  00432710 f   LIBCMTD:isctype.obj
 0001:00031750       __set_error_mode           00432750 f   LIBCMTD:errmode.obj
 0001:00031810       ___set_app_type            00432810 f   LIBCMTD:errmode.obj
 0001:00031820       ___get_app_type            00432820 f   LIBCMTD:errmode.obj
 0001:00031830       ___crtMessageBoxA          00432830 f   LIBCMTD:crtmbox.obj
 0001:00031a50       _strcat_s                  00432a50 f   LIBCMTD:strcat_s.obj
 0001:00031e30       _strncpy_s                 00432e30 f   LIBCMTD:strncpy_s.obj
 0001:00032220       _strcpy_s                  00433220 f   LIBCMTD:strcpy_s.obj
 0001:00032500       _fclose                    00433500 f   LIBCMTD:fclose.obj
 0001:00032610       __fclose_nolock            00433610 f   LIBCMTD:fclose.obj
 0001:00032710       __commit                   00433710 f   LIBCMTD:commit.obj
 0001:00032930       _DebuggerKnownHandle       00433930 f   LIBCMTD:_error_.obj
 0001:000329f0       ?_RTC_Failure@@YAXPAXH@Z   004339f0 f   LIBCMTD:_error_.obj
 0001:00032d00       ?_RTC_StackFailure@@YAXPAXPBD@Z 00433d00 f   LIBCMTD:_error_.obj
 0001:00032e00       ?_RTC_AllocaFailure@@YAXPAXPAU_RTC_ALLOCA_NODE@@H@Z 00433e00 f   LIBCMTD:_error_.obj
 0001:00032fb0       __RTC_UninitUse            00433fb0 f   LIBCMTD:_error_.obj
 0001:000330a0       __fptrap                   004340a0 f   LIBCMTD:crt0fp.obj
 0001:000330c0       ?_JumpToContinuation@@YGXPAXPAUEHRegistrationNode@@@Z 004340c0 f   LIBCMTD:_trnsctrl_.obj
 0001:00033100       ?_CallMemberFunction0@@YGXPAX0@Z 00434100 f   LIBCMTD:_trnsctrl_.obj
 0001:00033110       ?_CallMemberFunction1@@YGXPAX00@Z 00434110 f   LIBCMTD:_trnsctrl_.obj
 0001:00033120       ?_CallMemberFunction2@@YGXPAX00H@Z 00434120 f   LIBCMTD:_trnsctrl_.obj
 0001:00033130       ?_UnwindNestedFrames@@YGXPAUEHRegistrationNode@@PAUEHExceptionRecord@@@Z 00434130 f   LIBCMTD:_trnsctrl_.obj
 0001:00033190       ___CxxFrameHandler         00434190 f   LIBCMTD:_trnsctrl_.obj
 0001:000331d0       ___CxxFrameHandler3        004341d0 f   LIBCMTD:_trnsctrl_.obj
 0001:00033210       ___CxxFrameHandler2        00434210 f   LIBCMTD:_trnsctrl_.obj
 0001:00033250       ___CxxLongjmpUnwind@4      00434250 f   LIBCMTD:_trnsctrl_.obj
 0001:00033280       ?_CallCatchBlock2@@YAPAXPAUEHRegistrationNode@@PBU_s_FuncInfo@@PAXHK@Z 00434280 f   LIBCMTD:_trnsctrl_.obj
 0001:00033340       ?_CallSETranslator@@YAHPAUEHExceptionRecord@@PAUEHRegistrationNode@@PAX2PBU_s_FuncInfo@@H1@Z 00434340 f   LIBCMTD:_trnsctrl_.obj
 0001:000334e0       ?_GetRangeOfTrysToCheck@@YAPBU_s_TryBlockMapEntry@@PBU_s_FuncInfo@@HHPAI1@Z 004344e0 f   LIBCMTD:_trnsctrl_.obj
 0001:00033560       __CreateFrameInfo          00434560 f   LIBCMTD:_trnsctrl_.obj
 0001:00033590       __IsExceptionObjectToBeDestroyed 00434590 f   LIBCMTD:_trnsctrl_.obj
 0001:000335c0       __FindAndUnlinkFrame       004345c0 f   LIBCMTD:_trnsctrl_.obj
 0001:00033620       ___crtLCMapStringA         00434620 f   LIBCMTD:a_map.obj
 0001:00033b80       __MarkAllocaS              00434b80 f i LIBCMTD:a_map.obj
 0001:00033bb0       __freea                    00434bb0 f i LIBCMTD:a_map.obj
 0001:00033c70       ___crtGetStringTypeA       00434c70 f   LIBCMTD:a_str.obj
 0001:00033f00       ___pwctype_func            00434f00 f   LIBCMTD:ctype.obj
 0001:00033f10       ___pctype_func             00434f10 f   LIBCMTD:ctype.obj
 0001:00033f60       ___init_time               00434f60 f   LIBCMTD:inittime.obj
 0001:00034680       ___free_lc_time            00435680 f   LIBCMTD:inittime.obj
 0001:00034990       ___init_numeric            00435990 f   LIBCMTD:initnum.obj
 0001:00034cf0       ___free_lconv_num          00435cf0 f   LIBCMTD:initnum.obj
 0001:00034d60       ___init_monetary           00435d60 f   LIBCMTD:initmon.obj
 0001:00035260       ___free_lconv_mon          00436260 f   LIBCMTD:initmon.obj
 0001:00035350       ___init_ctype              00436350 f   LIBCMTD:initctyp.obj
 0001:00035900       ____mb_cur_max_func        00436900 f   LIBCMTD:initctyp.obj
 0001:00035950       ____mb_cur_max_l_func      00436950 f   LIBCMTD:initctyp.obj
 0001:00035980       ____lc_codepage_func       00436980 f   LIBCMTD:initctyp.obj
 0001:000359d0       ____lc_collate_cp_func     004369d0 f   LIBCMTD:initctyp.obj
 0001:00035a20       ____lc_handle_func         00436a20 f   LIBCMTD:initctyp.obj
 0001:00035a70       ___init_collate            00436a70 f   LIBCMTD:initcoll.obj
 0001:00035a80       __Getdays_l                00436a80 f   LIBCMTD:strftime.obj
 0001:00035c40       __Getdays                  00436c40 f   LIBCMTD:strftime.obj
 0001:00035c60       __Getmonths_l              00436c60 f   LIBCMTD:strftime.obj
 0001:00035e20       __Getmonths                00436e20 f   LIBCMTD:strftime.obj
 0001:00035e40       __Gettnames_l              00436e40 f   LIBCMTD:strftime.obj
 0001:000363b0       __Gettnames                004373b0 f   LIBCMTD:strftime.obj
 0001:000363d0       __strftime_l               004373d0 f   LIBCMTD:strftime.obj
 0001:00036400       _strftime                  00437400 f   LIBCMTD:strftime.obj
 0001:00036430       __Strftime                 00437430 f   LIBCMTD:strftime.obj
 0001:00036460       __Strftime_l               00437460 f   LIBCMTD:strftime.obj
 0001:00038270       _localeconv                00439270 f   LIBCMTD:lconv.obj
 0001:000382c0       _strcmp                    004392c0 f   LIBCMTD:strcmp.obj
 0001:00038350       _strcspn                   00439350 f   LIBCMTD:strcspn.obj
 0001:000383a0       _strncmp                   004393a0 f   LIBCMTD:strncmp.obj
 0001:00038520       _strpbrk                   00439520 f   LIBCMTD:strpbrk.obj
 0001:00038560       _memcmp                    00439560 f   LIBCMTD:memcmp.obj
 0001:00038fd0       ___get_qualified_locale    00439fd0 f   LIBCMTD:getqloc.obj
 0001:00039e70       __flswbuf                  0043ae70 f   LIBCMTD:_flswbuf.obj
 0001:0003a150       __VEC_memzero              0043b150 f   LIBCMTD:p4_memset.obj
 0001:0003a240       __mbstowcs_l_helper        0043b240 f   LIBCMTD:mbstowcs.obj
 0001:0003a590       __mbstowcs_l               0043b590 f   LIBCMTD:mbstowcs.obj
 0001:0003a5b0       _mbstowcs                  0043b5b0 f   LIBCMTD:mbstowcs.obj
 0001:0003a600       __mbstowcs_s_l             0043b600 f   LIBCMTD:mbstowcs.obj
 0001:0003a980       _mbstowcs_s                0043b980 f   LIBCMTD:mbstowcs.obj
 0001:0003a9b0       __vsnprintf_helper         0043b9b0 f   LIBCMTD:vsnprnc.obj
 0001:0003ab80       __vsnprintf_c              0043bb80 f   LIBCMTD:vsnprnc.obj
 0001:0003abd0       __vsnprintf_c_l            0043bbd0 f   LIBCMTD:vsnprnc.obj
 0001:0003ac20       __vsprintf_s_l             0043bc20 f   LIBCMTD:vsnprnc.obj
 0001:0003ae90       _vsprintf_s                0043be90 f   LIBCMTD:vsnprnc.obj
 0001:0003aec0       __vsnprintf_s_l            0043bec0 f   LIBCMTD:vsnprnc.obj
 0001:0003b260       __vsnprintf_s              0043c260 f   LIBCMTD:vsnprnc.obj
 0001:0003b290       __vsprintf_p               0043c290 f   LIBCMTD:vsnprnc.obj
 0001:0003b2e0       __vsprintf_p_l             0043c2e0 f   LIBCMTD:vsnprnc.obj
 0001:0003b330       __itoa_s                   0043c330 f   LIBCMTD:xtoas.obj
 0001:0003b700       __ltoa_s                   0043c700 f   LIBCMTD:xtoas.obj
 0001:0003b740       __ultoa_s                  0043c740 f   LIBCMTD:xtoas.obj
 0001:0003b760       __i64toa_s                 0043c760 f   LIBCMTD:xtoas.obj
 0001:0003bb60       __ui64toa_s                0043cb60 f   LIBCMTD:xtoas.obj
 0001:0003bb80       _wcscat_s                  0043cb80 f   LIBCMTD:wcscat_s.obj
 0001:0003bf70       __vswprintf_helper         0043cf70 f   LIBCMTD:vswprnc.obj
 0001:0003c1a0       __vswprintf_c              0043d1a0 f   LIBCMTD:vswprnc.obj
 0001:0003c1f0       __vswprintf_c_l            0043d1f0 f   LIBCMTD:vswprnc.obj
 0001:0003c240       __vswprintf_s_l            0043d240 f   LIBCMTD:vswprnc.obj
 0001:0003c4b0       _vswprintf_s               0043d4b0 f   LIBCMTD:vswprnc.obj
 0001:0003c4e0       __vsnwprintf_s_l           0043d4e0 f   LIBCMTD:vswprnc.obj
 0001:0003c890       __vsnwprintf_s             0043d890 f   LIBCMTD:vswprnc.obj
 0001:0003c8c0       __vswprintf_p              0043d8c0 f   LIBCMTD:vswprnc.obj
 0001:0003c910       __vswprintf_p_l            0043d910 f   LIBCMTD:vswprnc.obj
 0001:0003c960       __itow_s                   0043d960 f   LIBCMTD:xtows.obj
 0001:0003cd40       __ltow_s                   0043dd40 f   LIBCMTD:xtows.obj
 0001:0003cd80       __ultow_s                  0043dd80 f   LIBCMTD:xtows.obj
 0001:0003cda0       __i64tow_s                 0043dda0 f   LIBCMTD:xtows.obj
 0001:0003d1c0       __ui64tow_s                0043e1c0 f   LIBCMTD:xtows.obj
 0001:0003d1e0       __vswprintf_l              0043e1e0 f   LIBCMTD:vswprint.obj
 0001:0003d3b0       __vswprintf                0043e3b0 f   LIBCMTD:vswprint.obj
 0001:0003d3d0       ___vswprintf_l             0043e3d0 f   LIBCMTD:vswprint.obj
 0001:0003d3f0       __vscwprintf_helper        0043e3f0 f   LIBCMTD:vswprint.obj
 0001:0003d4b0       __vscwprintf               0043e4b0 f   LIBCMTD:vswprint.obj
 0001:0003d4d0       __vscwprintf_l             0043e4d0 f   LIBCMTD:vswprint.obj
 0001:0003d4f0       __vscwprintf_p             0043e4f0 f   LIBCMTD:vswprint.obj
 0001:0003d510       __vscwprintf_p_l           0043e510 f   LIBCMTD:vswprint.obj
 0001:0003d530       __global_unwind2           0043e530 f   LIBCMTD:exsup.obj
 0001:0003d595       __local_unwind2            0043e595 f   LIBCMTD:exsup.obj
 0001:0003d619       __abnormal_termination     0043e619 f   LIBCMTD:exsup.obj
 0001:0003d63c       __NLG_Notify1              0043e63c f   LIBCMTD:exsup.obj
 0001:0003d645       __NLG_Notify               0043e645 f   LIBCMTD:exsup.obj
 0001:0003d65c       __NLG_Dispatch2            0043e65c     LIBCMTD:exsup.obj
 0001:0003d65c       __NLG_Dispatch             0043e65c     LIBCMTD:exsup.obj
 0001:0003d664       __NLG_Call                 0043e664 f   LIBCMTD:exsup.obj
 0001:0003d666       __NLG_Return2              0043e666     LIBCMTD:exsup.obj
 0001:0003d670       _wcstol                    0043e670 f   LIBCMTD:wcstol.obj
 0001:0003daf0       __wcstol_l                 0043eaf0 f   LIBCMTD:wcstol.obj
 0001:0003db20       _wcstoul                   0043eb20 f   LIBCMTD:wcstol.obj
 0001:0003db70       __wcstoul_l                0043eb70 f   LIBCMTD:wcstol.obj
 0001:0003dba0       ___crtGetStringTypeW       0043eba0 f   LIBCMTD:w_str.obj
 0001:0003dc20       __filwbuf                  0043ec20 f   LIBCMTD:_filwbuf.obj
 0001:0003de80       _ungetc                    0043ee80 f   LIBCMTD:ungetc.obj
 0001:0003df70       __ungetc_nolock            0043ef70 f   LIBCMTD:ungetc.obj
 0001:0003e190       __filbuf                   0043f190 f   LIBCMTD:_filbuf.obj
 0001:0003e3e0       _strtol                    0043f3e0 f   LIBCMTD:strtol.obj
 0001:0003e910       __strtol_l                 0043f910 f   LIBCMTD:strtol.obj
 0001:0003e940       _strtoul                   0043f940 f   LIBCMTD:strtol.obj
 0001:0003e990       __strtoul_l                0043f990 f   LIBCMTD:strtol.obj
 0001:0003e9c0       __alloc_osfhnd             0043f9c0 f   LIBCMTD:osfinfo.obj
 0001:0003ec70       __set_osfhnd               0043fc70 f   LIBCMTD:osfinfo.obj
 0001:0003ed40       __free_osfhnd              0043fd40 f   LIBCMTD:osfinfo.obj
 0001:0003ee30       __get_osfhandle            0043fe30 f   LIBCMTD:osfinfo.obj
 0001:0003efa0       __open_osfhandle           0043ffa0 f   LIBCMTD:osfinfo.obj
 0001:0003f1d0       ___lock_fhandle            004401d0 f   LIBCMTD:osfinfo.obj
 0001:0003f2d0       __unlock_fhandle           004402d0 f   LIBCMTD:osfinfo.obj
 0001:0003f300       __putwch                   00440300 f   LIBCMTD:putwch.obj
 0001:0003f390       __putwch_nolock            00440390 f   LIBCMTD:putwch.obj
 0001:0003f490       __cputws                   00440490 f   LIBCMTD:putwch.obj
 0001:0003f5e0       _abort                     004405e0 f   LIBCMTD:abort.obj
 0001:0003f720       __set_abort_behavior       00440720 f   LIBCMTD:abort.obj
 0001:0003f750       ___crtGetLocaleInfoW       00440750 f   LIBCMTD:w_loc.obj
 0001:0003f7c0       ___crtGetLocaleInfoA       004407c0 f   LIBCMTD:a_loc.obj
 0001:0003f9a0       _memmove                   004409a0 f   LIBCMTD:memmove.obj
 0001:0003fd10       __vsprintf_l               00440d10 f   LIBCMTD:vsprintf.obj
 0001:0003fe90       _vsprintf                  00440e90 f   LIBCMTD:vsprintf.obj
 0001:0003feb0       __vscprintf_helper         00440eb0 f   LIBCMTD:vsprintf.obj
 0001:0003ff70       __vscprintf                00440f70 f   LIBCMTD:vsprintf.obj
 0001:0003ff90       __vscprintf_l              00440f90 f   LIBCMTD:vsprintf.obj
 0001:0003ffb0       __vscprintf_p              00440fb0 f   LIBCMTD:vsprintf.obj
 0001:0003ffd0       __vscprintf_p_l            00440fd0 f   LIBCMTD:vsprintf.obj
 0001:0003fff0       __close                    00440ff0 f   LIBCMTD:close.obj
 0001:00040200       __close_nolock             00441200 f   LIBCMTD:close.obj
 0001:000402d0       __freebuf                  004412d0 f   LIBCMTD:_freebuf.obj
 0001:00040360       ?_RTC_GetSrcLine@@YAHPAEPA_WKPAH1K@Z 00441360 f   LIBCMTD:_pdblkup_.obj
 0001:00040800       __RTC_NumErrors            00441800 f   LIBCMTD:_userapi_.obj
 0001:00040810       __RTC_GetErrDesc           00441810 f   LIBCMTD:_userapi_.obj
 0001:00040830       __RTC_SetErrorType         00441830 f   LIBCMTD:_userapi_.obj
 0001:00040860       __RTC_SetErrorFunc         00441860 f   LIBCMTD:_userapi_.obj
 0001:00040880       __RTC_SetErrorFuncW        00441880 f   LIBCMTD:_userapi_.obj
 0001:000408a0       ?_RTC_GetErrorFunc@@YAP6AHHPBDH00ZZPBX@Z 004418a0 f   LIBCMTD:_userapi_.obj
 0001:000408b0       ?_RTC_GetErrorFuncW@@YAP6AHHPB_WH00ZZPBX@Z 004418b0 f   LIBCMTD:_userapi_.obj
 0001:000408c0       ___InternalCxxFrameHandler 004418c0 f   LIBCMTD:frame.obj
 0001:00040ec0       ??0bad_exception@std@@QAE@PBD@Z 00441ec0 f i LIBCMTD:frame.obj
 0001:00040ef0       ??1bad_exception@std@@UAE@XZ 00441ef0 f i LIBCMTD:frame.obj
 0001:00040f10       ??_Ebad_exception@std@@UAEPAXI@Z 00441f10 f i LIBCMTD:frame.obj
 0001:00040f10       ??_Gbad_exception@std@@UAEPAXI@Z 00441f10 f i LIBCMTD:frame.obj
 0001:00040f40       ??0bad_exception@std@@QAE@ABV01@@Z 00441f40 f i LIBCMTD:frame.obj
 0001:000410f0       ___TypeMatch               004420f0 f   LIBCMTD:frame.obj
 0001:000411a0       ___FrameUnwindFilter       004421a0 f   LIBCMTD:frame.obj
 0001:00041220       ___FrameUnwindToState      00442220 f   LIBCMTD:frame.obj
 0001:00041760       ___BuildCatchObjectHelper  00442760 f   LIBCMTD:frame.obj
 0001:000419d0       ___BuildCatchObject        004429d0 f   LIBCMTD:frame.obj
 0001:00041ae0       ___DestructExceptionObject 00442ae0 f   LIBCMTD:frame.obj
 0001:00041b90       ___AdjustPointer           00442b90 f   LIBCMTD:frame.obj
 0001:00041be0       ?__uncaught_exception@@YA_NXZ 00442be0 f   LIBCMTD:frame.obj
 0001:00041c00       ___CxxExceptionFilter      00442c00 f   LIBCMTD:frame.obj
 0001:00041df0       ___CxxRegisterExceptionObject 00442df0 f   LIBCMTD:frame.obj
 0001:00041f20       ___CxxDetectRethrow        00442f20 f   LIBCMTD:frame.obj
 0001:00041fb0       ___CxxUnregisterExceptionObject 00442fb0 f   LIBCMTD:frame.obj
 0001:00042130       ___CxxQueryExceptionSize   00443130 f   LIBCMTD:frame.obj
 0001:00042140       ___CxxCallUnwindDtor       00443140 f   LIBCMTD:frame.obj
 0001:000421c0       ___CxxCallUnwindDelDtor    004431c0 f   LIBCMTD:frame.obj
 0001:00042240       ___CxxCallUnwindStdDelDtor 00443240 f   LIBCMTD:frame.obj
 0001:000422c0       ___CxxCallUnwindVecDtor    004432c0 f   LIBCMTD:frame.obj
 0001:000424f0       ?_is_exception_typeof@@YAHABVtype_info@@PAU_EXCEPTION_POINTERS@@@Z 004434f0 f   LIBCMTD:frame.obj
 0001:000425d0       __CallSettingFrame@12      004435d0 f   LIBCMTD:lowhelpr.obj
 0001:000425f7       __NLG_Return               004435f7     LIBCMTD:lowhelpr.obj
 0001:00042620       _malloc                    00443620 f   LIBCMTD:dbgmalloc.obj
 0001:00042650       ___ansicp                  00443650 f   LIBCMTD:convrtcp.obj
 0001:000426b0       ___convertcp               004436b0 f   LIBCMTD:convrtcp.obj
 0001:00042900       _free                      00443900 f   LIBCMTD:dbgfree.obj
 0001:00042920       __get_daylight             00443920 f   LIBCMTD:timeset.obj
 0001:000429a0       __get_dstbias              004439a0 f   LIBCMTD:timeset.obj
 0001:00042a20       __get_timezone             00443a20 f   LIBCMTD:timeset.obj
 0001:00042aa0       __get_tzname               00443aa0 f   LIBCMTD:timeset.obj
 0001:00042c70       ___daylight                00443c70 f   LIBCMTD:timeset.obj
 0001:00042c80       ___dstbias                 00443c80 f   LIBCMTD:timeset.obj
 0001:00042c90       ___timezone                00443c90 f   LIBCMTD:timeset.obj
 0001:00042ca0       ___tzname                  00443ca0 f   LIBCMTD:timeset.obj
 0001:00042cb0       ___tzset                   00443cb0 f   LIBCMTD:tzset.obj
 0001:00042d50       __tzset                    00443d50 f   LIBCMTD:tzset.obj
 0001:00043300       __set_daylight             00444300 f i LIBCMTD:tzset.obj
 0001:00043320       __set_dstbias              00444320 f i LIBCMTD:tzset.obj
 0001:00043340       __set_timezone             00444340 f i LIBCMTD:tzset.obj
 0001:00043360       __isindst                  00444360 f   LIBCMTD:tzset.obj
 0001:00043a10       __stricmp_l                00444a10 f   LIBCMTD:stricmp.obj
 0001:00043bc0       ___ascii_stricmp           00444bc0 f   LIBCMTD:stricmp.obj
 0001:00043c40       __stricmp                  00444c40 f   LIBCMTD:stricmp.obj
 0001:00043d50       __strnicmp_l               00444d50 f   LIBCMTD:strnicmp.obj
 0001:00043f90       __strnicmp                 00444f90 f   LIBCMTD:strnicmp.obj
 0001:00044120       _atol                      00445120 f   LIBCMTD:atox.obj
 0001:00044140       __atol_l                   00445140 f   LIBCMTD:atox.obj
 0001:00044160       _atoi                      00445160 f   LIBCMTD:atox.obj
 0001:00044180       __atoi_l                   00445180 f   LIBCMTD:atox.obj
 0001:000441a0       __atoi64                   004451a0 f   LIBCMTD:atox.obj
 0001:000441c0       __atoi64_l                 004451c0 f   LIBCMTD:atox.obj
 0001:000441e0       __wchartodigit             004451e0 f   LIBCMTD:wchtodig.obj
 0001:00044510       __read                     00445510 f   LIBCMTD:read.obj
 0001:000447a0       __read_nolock              004457a0 f   LIBCMTD:read.obj
 0001:000456f0       ___initconin               004466f0 f   LIBCMTD:initcon.obj
 0001:00045720       ___initconout              00446720 f   LIBCMTD:initcon.obj
 0001:00045750       ___termcon                 00446750 f   LIBCMTD:initcon.obj
 0001:000457a0       ?_ValidateRead@@YAHPBXI@Z  004467a0 f   LIBCMTD:validate.obj
 0001:000457d0       ?_ValidateWrite@@YAHPAXI@Z 004467d0 f   LIBCMTD:validate.obj
 0001:00045800       ?_ValidateExecute@@YAHP6GHXZ@Z 00446800 f   LIBCMTD:validate.obj
 0001:00045830       __CxxThrowException@8      00446830 f   LIBCMTD:throw.obj
 0001:00045890       ?name@type_info@@QBEPBDPAU__type_info_node@@@Z 00446890 f   LIBCMTD:typinfo.obj
 0001:000458b0       ??1type_info@@UAE@XZ       004468b0 f   LIBCMTD:typinfo.obj
 0001:000458e0       ??_Etype_info@@UAEPAXI@Z   004468e0 f i LIBCMTD:typinfo.obj
 0001:000458e0       ??_Gtype_info@@UAEPAXI@Z   004468e0 f i LIBCMTD:typinfo.obj
 0001:00045910       ?_name_internal_method@type_info@@QBEPBDPAU__type_info_node@@@Z 00446910 f   LIBCMTD:typinfo.obj
 0001:00045930       ?_type_info_dtor_internal_method@type_info@@QAEXXZ 00446930 f   LIBCMTD:typinfo.obj
 0001:00045950       ??8type_info@@QBE_NABV0@@Z 00446950 f   LIBCMTD:typinfo.obj
 0001:00045980       ??9type_info@@QBE_NABV0@@Z 00446980 f   LIBCMTD:typinfo.obj
 0001:000459b0       ?before@type_info@@QBEHABV1@@Z 004469b0 f   LIBCMTD:typinfo.obj
 0001:000459e0       ?raw_name@type_info@@QBEPBDXZ 004469e0 f   LIBCMTD:typinfo.obj
 0001:00045a00       ??0type_info@@AAE@ABV0@@Z  00446a00 f   LIBCMTD:typinfo.obj
 0001:00045a20       ??4type_info@@AAEAAV0@ABV0@@Z 00446a20 f   LIBCMTD:typinfo.obj
 0001:00045a40       ??0exception@std@@QAE@XZ   00446a40 f   LIBCMTD:stdexcpt.obj
 0001:00045a70       ??_Gexception@std@@UAEPAXI@Z 00446a70 f i LIBCMTD:stdexcpt.obj
 0001:00045a70       ??_Eexception@std@@UAEPAXI@Z 00446a70 f i LIBCMTD:stdexcpt.obj
 0001:00045aa0       ??0exception@std@@QAE@ABQBD@Z 00446aa0 f   LIBCMTD:stdexcpt.obj
 0001:00045b30       ??0exception@std@@QAE@ABQBDH@Z 00446b30 f   LIBCMTD:stdexcpt.obj
 0001:00045b60       ??0exception@std@@QAE@ABV01@@Z 00446b60 f   LIBCMTD:stdexcpt.obj
 0001:00045c00       ??4exception@std@@QAEAAV01@ABV01@@Z 00446c00 f   LIBCMTD:stdexcpt.obj
 0001:00045cb0       ??1exception@std@@UAE@XZ   00446cb0 f   LIBCMTD:stdexcpt.obj
 0001:00045ce0       ?what@exception@std@@UBEPBDXZ 00446ce0 f   LIBCMTD:stdexcpt.obj
 0001:00045d10       ??0bad_cast@std@@QAE@PBD@Z 00446d10 f   LIBCMTD:stdexcpt.obj
 0001:00045d40       ??_Gbad_cast@std@@UAEPAXI@Z 00446d40 f i LIBCMTD:stdexcpt.obj
 0001:00045d40       ??_Ebad_cast@std@@UAEPAXI@Z 00446d40 f i LIBCMTD:stdexcpt.obj
 0001:00045d70       ??0bad_cast@std@@QAE@ABV01@@Z 00446d70 f   LIBCMTD:stdexcpt.obj
 0001:00045da0       ??1bad_cast@std@@UAE@XZ    00446da0 f   LIBCMTD:stdexcpt.obj
 0001:00045dc0       ??0bad_typeid@std@@QAE@PBD@Z 00446dc0 f   LIBCMTD:stdexcpt.obj
 0001:00045df0       ??_Gbad_typeid@std@@UAEPAXI@Z 00446df0 f i LIBCMTD:stdexcpt.obj
 0001:00045df0       ??_Ebad_typeid@std@@UAEPAXI@Z 00446df0 f i LIBCMTD:stdexcpt.obj
 0001:00045e20       ??0bad_typeid@std@@QAE@ABV01@@Z 00446e20 f   LIBCMTD:stdexcpt.obj
 0001:00045e50       ??1bad_typeid@std@@UAE@XZ  00446e50 f   LIBCMTD:stdexcpt.obj
 0001:00045e70       ??0__non_rtti_object@std@@QAE@PBD@Z 00446e70 f   LIBCMTD:stdexcpt.obj
 0001:00045ea0       ??_E__non_rtti_object@std@@UAEPAXI@Z 00446ea0 f i LIBCMTD:stdexcpt.obj
 0001:00045ea0       ??_G__non_rtti_object@std@@UAEPAXI@Z 00446ea0 f i LIBCMTD:stdexcpt.obj
 0001:00045ed0       ??0__non_rtti_object@std@@QAE@ABV01@@Z 00446ed0 f   LIBCMTD:stdexcpt.obj
 0001:00045f00       ??1__non_rtti_object@std@@UAE@XZ 00446f00 f   LIBCMTD:stdexcpt.obj
 0001:00045f20       ??3@YAXPAX@Z               00446f20 f   LIBCMTD:dbgdel.obj
 0001:00046010       _getenv                    00447010 f   LIBCMTD:getenv.obj
 0001:00046160       __getenv_helper_nolock     00447160 f   LIBCMTD:getenv.obj
 0001:00046280       _getenv_s                  00447280 f   LIBCMTD:getenv.obj
 0001:000464b0       __dupenv_s                 004474b0 f   LIBCMTD:getenv.obj
 0001:000464e0       __dupenv_s_dbg             004474e0 f   LIBCMTD:getenv.obj
 0001:00046730       __tolower                  00447730 f   LIBCMTD:tolower.obj
 0001:00046740       __tolower_l                00447740 f   LIBCMTD:tolower.obj
 0001:00046920       _tolower                   00447920 f   LIBCMTD:tolower.obj
 0001:00046970       ___ascii_strnicmp          00447970 f   LIBCMTD:_strnicm.obj
 0001:000469e0       __strtoi64                 004479e0 f   LIBCMTD:strtoq.obj
 0001:00046f50       __strtoi64_l               00447f50 f   LIBCMTD:strtoq.obj
 0001:00046f80       __strtoui64                00447f80 f   LIBCMTD:strtoq.obj
 0001:00046fd0       __strtoui64_l              00447fd0 f   LIBCMTD:strtoq.obj
 0001:00047000       ?_Type_info_dtor@type_info@@CAXPAV1@@Z 00448000 f   LIBCMTD:typname.obj
 0001:00047110       ?_Name_base@type_info@@CAPBDPBV1@PAU__type_info_node@@@Z 00448110 f   LIBCMTD:typname.obj
 0001:000472b0       ?_Type_info_dtor_internal@type_info@@CAXPAV1@@Z 004482b0 f   LIBCMTD:typname.obj
 0001:000473c0       ___unDNameHelper           004483c0 f   LIBCMTD:typname.obj
 0001:00047400       ?_Name_base_internal@type_info@@CAPBDPBV1@PAU__type_info_node@@@Z 00448400 f   LIBCMTD:typname.obj
 0001:000475c0       ___clean_type_info_names_internal 004485c0 f   LIBCMTD:typname.obj
 0001:00047680       _strnlen                   00448680 f   LIBCMTD:strlen_s.obj
 0001:000476c0       __mbsnbicoll_l             004486c0 f   LIBCMTD:mbsnbico.obj
 0001:00047900       __mbsnbicoll               00448900 f   LIBCMTD:mbsnbico.obj
 0001:00047920       ___wtomb_environ           00448920 f   LIBCMTD:wtombenv.obj
 0001:00047a10       __allmul                   00448a10 f   LIBCMTD:llmul.obj
 0001:00047a50       ___unDName                 00448a50 f   LIBCMTD:undname.obj
 0001:00047b30       ?Constructor@HeapManager@@QAEXP6APAXI@ZP6AXPAX@Z@Z 00448b30 f i LIBCMTD:undname.obj
 0001:00047b70       ?Destructor@HeapManager@@QAEXXZ 00448b70 f i LIBCMTD:undname.obj
 0001:00047bc0       ___unDNameEx               00448bc0 f   LIBCMTD:undname.obj
 0001:00047ca0       ??0UnDecorator@@QAE@PADPBDHP6APADJ@ZK@Z 00448ca0 f i LIBCMTD:undname.obj
 0001:00047d40       ??BUnDecorator@@QAEPADXZ   00448d40 f i LIBCMTD:undname.obj
 0001:00047f70       ?dbGetString@DName@@QBEPADXZ 00448f70 f   LIBCMTD:undname.obj
 0001:00047fa0       ?getDecoratedName@UnDecorator@@CA?AVDName@@XZ 00448fa0 f   LIBCMTD:undname.obj
 0001:000482b0       ?getSymbolName@UnDecorator@@CA?AVDName@@XZ 004492b0 f i LIBCMTD:undname.obj
 0001:00048330       ?getZName@UnDecorator@@CA?AVDName@@_N0@Z 00449330 f   LIBCMTD:undname.obj
 0001:000485d0       ?getOperatorName@UnDecorator@@CA?AVDName@@_NPA_N@Z 004495d0 f i LIBCMTD:undname.obj
 0001:00048f40       ?getStringEncoding@UnDecorator@@CA?AVDName@@PADH@Z 00449f40 f   LIBCMTD:undname.obj
 0001:00049040       ?getScope@UnDecorator@@CA?AVDName@@XZ 0044a040 f   LIBCMTD:undname.obj
 0001:00049420       ?getSignedDimension@UnDecorator@@CA?AVDName@@XZ 0044a420 f   LIBCMTD:undname.obj
 0001:000494a0       ?getDimension@UnDecorator@@CA?AVDName@@_N@Z 0044a4a0 f   LIBCMTD:undname.obj
 0001:00049750       ?getNumberOfDimensions@UnDecorator@@CAHXZ 0044a750 f   LIBCMTD:undname.obj
 0001:00049850       ?getTemplateName@UnDecorator@@CA?AVDName@@_N@Z 0044a850 f   LIBCMTD:undname.obj
 0001:00049a10       ?getTemplateArgumentList@UnDecorator@@CA?AVDName@@XZ 0044aa10 f   LIBCMTD:undname.obj
 0001:00049c90       ?getTemplateConstant@UnDecorator@@CA?AVDName@@XZ 0044ac90 f   LIBCMTD:undname.obj
 0001:0004a120       ?composeDeclaration@UnDecorator@@CA?AVDName@@ABV2@@Z 0044b120 f i LIBCMTD:undname.obj
 0001:0004b720       ?getTypeEncoding@UnDecorator@@CAHXZ 0044c720 f i LIBCMTD:undname.obj
 0001:0004c160       ?getBasedType@UnDecorator@@CA?AVDName@@XZ 0044d160 f   LIBCMTD:undname.obj
 0001:0004c220       ?getScopedName@UnDecorator@@CA?AVDName@@XZ 0044d220 f   LIBCMTD:undname.obj
 0001:0004c340       ?getCallingConvention@UnDecorator@@CA?AVDName@@XZ 0044d340 f   LIBCMTD:undname.obj
 0001:0004c4a0       ?getReturnType@UnDecorator@@CA?AVDName@@PAV2@@Z 0044d4a0 f   LIBCMTD:undname.obj
 0001:0004c4f0       ?getDataType@UnDecorator@@CA?AVDName@@PAV2@@Z 0044d4f0 f   LIBCMTD:undname.obj
 0001:0004c600       ?getPrimaryDataType@UnDecorator@@CA?AVDName@@ABV2@@Z 0044d600 f   LIBCMTD:undname.obj
 0001:0004c8b0       ?getArgumentTypes@UnDecorator@@CA?AVDName@@XZ 0044d8b0 f   LIBCMTD:undname.obj
 0001:0004ca10       ?getArgumentList@UnDecorator@@CA?AVDName@@XZ 0044da10 f   LIBCMTD:undname.obj
 0001:0004cb60       ?getThrowTypes@UnDecorator@@CA?AVDName@@XZ 0044db60 f   LIBCMTD:undname.obj
 0001:0004cc10       ?getBasicDataType@UnDecorator@@CA?AVDName@@ABV2@@Z 0044dc10 f   LIBCMTD:undname.obj
 0001:0004d1c0       ?getECSUDataType@UnDecorator@@CA?AVDName@@XZ 0044e1c0 f   LIBCMTD:undname.obj
 0001:0004d390       ?getECSUName@UnDecorator@@CA?AVDName@@XZ 0044e390 f i LIBCMTD:undname.obj
 0001:0004d3b0       ?getEnumType@UnDecorator@@CA?AVDName@@XZ 0044e3b0 f i LIBCMTD:undname.obj
 0001:0004d500       ?getFunctionIndirectType@UnDecorator@@CA?AVDName@@ABV2@@Z 0044e500 f   LIBCMTD:undname.obj
 0001:0004d940       ?getPtrRefType@UnDecorator@@CA?AVDName@@ABV2@0D@Z 0044e940 f   LIBCMTD:undname.obj
 0001:0004daa0       ?getExtendedDataIndirectType@UnDecorator@@CA?AVDName@@AADAA_NH@Z 0044eaa0 f   LIBCMTD:undname.obj
 0001:0004dcb0       ?getDataIndirectType@UnDecorator@@CA?AVDName@@ABV2@D0H@Z 0044ecb0 f   LIBCMTD:undname.obj
 0001:0004e3b0       ?getPtrRefDataType@UnDecorator@@CA?AVDName@@ABV2@H@Z 0044f3b0 f i LIBCMTD:undname.obj
 0001:0004e4f0       ?getArrayType@UnDecorator@@CA?AVDName@@ABV2@@Z 0044f4f0 f i LIBCMTD:undname.obj
 0001:0004e720       ?getLexicalFrame@UnDecorator@@CA?AVDName@@XZ 0044f720 f i LIBCMTD:undname.obj
 0001:0004e760       ?getThisType@UnDecorator@@CA?AVDName@@XZ 0044f760 f i LIBCMTD:undname.obj
 0001:0004e7a0       ?getPointerType@UnDecorator@@CA?AVDName@@ABV2@0@Z 0044f7a0 f i LIBCMTD:undname.obj
 0001:0004e7c0       ?getPointerTypeArray@UnDecorator@@CA?AVDName@@ABV2@0@Z 0044f7c0 f i LIBCMTD:undname.obj
 0001:0004e7e0       ?getReferenceType@UnDecorator@@CA?AVDName@@ABV2@0@Z 0044f7e0 f i LIBCMTD:undname.obj
 0001:0004e800       ?getDisplacement@UnDecorator@@CA?AVDName@@XZ 0044f800 f i LIBCMTD:undname.obj
 0001:0004e820       ?getCallIndex@UnDecorator@@CA?AVDName@@XZ 0044f820 f i LIBCMTD:undname.obj
 0001:0004e840       ?getGuardNumber@UnDecorator@@CA?AVDName@@XZ 0044f840 f i LIBCMTD:undname.obj
 0001:0004e860       ?getVbTableType@UnDecorator@@CA?AVDName@@ABV2@@Z 0044f860 f i LIBCMTD:undname.obj
 0001:0004e880       ?getVCallThunkType@UnDecorator@@CA?AVDName@@XZ 0044f880 f i LIBCMTD:undname.obj
 0001:0004e8e0       ?getVfTableType@UnDecorator@@CA?AVDName@@ABV2@@Z 0044f8e0 f i LIBCMTD:undname.obj
 0001:0004eaa0       ?getStorageConvention@UnDecorator@@CA?AVDName@@XZ 0044faa0 f i LIBCMTD:undname.obj
 0001:0004eac0       ?getDataIndirectType@UnDecorator@@CA?AVDName@@XZ 0044fac0 f i LIBCMTD:undname.obj
 0001:0004eb00       ?getVdispMapType@UnDecorator@@CA?AVDName@@ABV2@@Z 0044fb00 f i LIBCMTD:undname.obj
 0001:0004eb70       ?getExternalDataType@UnDecorator@@CA?AVDName@@ABV2@@Z 0044fb70 f i LIBCMTD:undname.obj
 0001:0004ec00       ?doMSKeywords@UnDecorator@@SAHXZ 0044fc00 f i LIBCMTD:undname.obj
 0001:0004ec20       ?doPtr64@UnDecorator@@SAHXZ 0044fc20 f i LIBCMTD:undname.obj
 0001:0004ec40       ?doFunctionReturns@UnDecorator@@SAHXZ 0044fc40 f i LIBCMTD:undname.obj
 0001:0004ec60       ?doAllocationModel@UnDecorator@@SAHXZ 0044fc60 f i LIBCMTD:undname.obj
 0001:0004ec80       ?doAllocationLanguage@UnDecorator@@SAHXZ 0044fc80 f i LIBCMTD:undname.obj
 0001:0004eca0       ?doThisTypes@UnDecorator@@SAHXZ 0044fca0 f i LIBCMTD:undname.obj
 0001:0004ecc0       ?doAccessSpecifiers@UnDecorator@@SAHXZ 0044fcc0 f i LIBCMTD:undname.obj
 0001:0004ece0       ?doThrowTypes@UnDecorator@@SAHXZ 0044fce0 f i LIBCMTD:undname.obj
 0001:0004ed00       ?doMemberTypes@UnDecorator@@SAHXZ 0044fd00 f i LIBCMTD:undname.obj
 0001:0004ed20       ?doNameOnly@UnDecorator@@SAHXZ 0044fd20 f i LIBCMTD:undname.obj
 0001:0004ed40       ?doTypeOnly@UnDecorator@@SAHXZ 0044fd40 f i LIBCMTD:undname.obj
 0001:0004ed60       ?haveTemplateParameters@UnDecorator@@SAHXZ 0044fd60 f i LIBCMTD:undname.obj
 0001:0004ed80       ?doEcsu@UnDecorator@@SAHXZ 0044fd80 f i LIBCMTD:undname.obj
 0001:0004eda0       ?doEllipsis@UnDecorator@@SAHXZ 0044fda0 f i LIBCMTD:undname.obj
 0001:0004edc0       ?UScore@UnDecorator@@SAPBDW4Tokens@@@Z 0044fdc0 f   LIBCMTD:undname.obj
 0001:0004edf0       ?doUnderScore@UnDecorator@@SAHXZ 0044fdf0 f i LIBCMTD:undname.obj
 0001:0004ee10       ??2@YAPAXIAAVHeapManager@@H@Z 0044fe10 f i LIBCMTD:undname.obj
 0001:0004ee30       ?getMemory@HeapManager@@QAEPAXIH@Z 0044fe30 f   LIBCMTD:undname.obj
 0001:0004ef40       ??0Block@HeapManager@@QAE@XZ 0044ff40 f i LIBCMTD:undname.obj
 0001:0004ef60       ??H@YA?AVDName@@DABV0@@Z   0044ff60 f i LIBCMTD:undname.obj
 0001:0004ef90       ??H@YA?AVDName@@W4DNameStatus@@ABV0@@Z 0044ff90 f i LIBCMTD:undname.obj
 0001:0004efc0       ??H@YA?AVDName@@PBDABV0@@Z 0044ffc0 f i LIBCMTD:undname.obj
 0001:0004eff0       ??0DName@@QAE@XZ           0044fff0 f i LIBCMTD:undname.obj
 0001:0004f0b0       ??0DName@@QAE@D@Z          004500b0 f   LIBCMTD:undname.obj
 0001:0004f190       ??0DName@@QAE@ABV0@@Z      00450190 f i LIBCMTD:undname.obj
 0001:0004f1c0       ??0DName@@QAE@PAV0@@Z      004501c0 f   LIBCMTD:undname.obj
 0001:0004f2f0       ??0DName@@QAE@PBD@Z        004502f0 f   LIBCMTD:undname.obj
 0001:0004f3d0       ??0DName@@QAE@AAPBDD@Z     004503d0 f   LIBCMTD:undname.obj
 0001:0004f690       ?doNoIdentCharCheck@UnDecorator@@SAHXZ 00450690 f i LIBCMTD:undname.obj
 0001:0004f6b0       ??0DName@@QAE@_K@Z         004506b0 f   LIBCMTD:undname.obj
 0001:0004f7f0       ??0DName@@QAE@_J@Z         004507f0 f   LIBCMTD:undname.obj
 0001:0004f970       ??0DName@@QAE@W4DNameStatus@@@Z 00450970 f   LIBCMTD:undname.obj
 0001:0004fa90       ?isValid@DName@@QBEHXZ     00450a90 f i LIBCMTD:undname.obj
 0001:0004fac0       ?isEmpty@DName@@QBEHXZ     00450ac0 f i LIBCMTD:undname.obj
 0001:0004fae0       ?status@DName@@QBE?AW4DNameStatus@@XZ 00450ae0 f i LIBCMTD:undname.obj
 0001:0004fb00       ?setPtrRef@DName@@QAEAAV1@XZ 00450b00 f i LIBCMTD:undname.obj
 0001:0004fb30       ?isPtrRef@DName@@QBEHXZ    00450b30 f i LIBCMTD:undname.obj
 0001:0004fb50       ?isUDC@DName@@QBEHXZ       00450b50 f i LIBCMTD:undname.obj
 0001:0004fb90       ?setIsUDC@DName@@QAEXXZ    00450b90 f i LIBCMTD:undname.obj
 0001:0004fbc0       ?isUDTThunk@DName@@QBEHXZ  00450bc0 f i LIBCMTD:undname.obj
 0001:0004fc00       ?setIsArray@DName@@QAEXXZ  00450c00 f i LIBCMTD:undname.obj
 0001:0004fc20       ?isArray@DName@@QBEHXZ     00450c20 f i LIBCMTD:undname.obj
 0001:0004fc40       ?isNoTE@DName@@QBEHXZ      00450c40 f i LIBCMTD:undname.obj
 0001:0004fc60       ?setIsNoTE@DName@@QAEXXZ   00450c60 f i LIBCMTD:undname.obj
 0001:0004fc80       ?isPinPtr@DName@@QBEHXZ    00450c80 f i LIBCMTD:undname.obj
 0001:0004fca0       ?setIsPinPtr@DName@@QAEXXZ 00450ca0 f i LIBCMTD:undname.obj
 0001:0004fcc0       ?isComArray@DName@@QBEHXZ  00450cc0 f i LIBCMTD:undname.obj
 0001:0004fce0       ?setIsComArray@DName@@QAEXXZ 00450ce0 f i LIBCMTD:undname.obj
 0001:0004fd00       ?isVCallThunk@DName@@QBEHXZ 00450d00 f i LIBCMTD:undname.obj
 0001:0004fd20       ?setIsVCallThunk@DName@@QAEXXZ 00450d20 f i LIBCMTD:undname.obj
 0001:0004fd40       ?length@DName@@QBEHXZ      00450d40 f i LIBCMTD:undname.obj
 0001:0004fd70       ?getLastChar@DName@@QBEDXZ 00450d70 f i LIBCMTD:undname.obj
 0001:0004fda0       ?getString@DName@@QBEPADPADH@Z 00450da0 f i LIBCMTD:undname.obj
 0001:0004fe30       ?getString@DName@@QBEPADPAD0@Z 00450e30 f i LIBCMTD:undname.obj
 0001:0004fe70       ??HDName@@QBE?AV0@D@Z      00450e70 f   LIBCMTD:undname.obj
 0001:0004feb0       ??HDName@@QBE?AV0@PBD@Z    00450eb0 f   LIBCMTD:undname.obj
 0001:0004fef0       ??HDName@@QBE?AV0@ABV0@@Z  00450ef0 f   LIBCMTD:undname.obj
 0001:0004ff30       ??HDName@@QBE?AV0@PAV0@@Z  00450f30 f   LIBCMTD:undname.obj
 0001:0004ff70       ??HDName@@QBE?AV0@W4DNameStatus@@@Z 00450f70 f   LIBCMTD:undname.obj
 0001:0004ffb0       ?append@DName@@AAEXPAVDNameNode@@@Z 00450fb0 f   LIBCMTD:undname.obj
 0001:00050040       ??YDName@@QAEAAV0@D@Z      00451040 f   LIBCMTD:undname.obj
 0001:000500d0       ??YDName@@QAEAAV0@PBD@Z    004510d0 f   LIBCMTD:undname.obj
 0001:00050170       ??YDName@@QAEAAV0@ABV0@@Z  00451170 f   LIBCMTD:undname.obj
 0001:000501e0       ??YDName@@QAEAAV0@PAV0@@Z  004511e0 f   LIBCMTD:undname.obj
 0001:000502a0       ??YDName@@QAEAAV0@W4DNameStatus@@@Z 004512a0 f   LIBCMTD:undname.obj
 0001:00050310       ??_5DName@@QAEAAV0@ABV0@@Z 00451310 f   LIBCMTD:undname.obj
 0001:00050370       ??4DName@@QAEAAV0@D@Z      00451370 f i LIBCMTD:undname.obj
 0001:00050450       ??4DName@@QAEAAV0@PBD@Z    00451450 f   LIBCMTD:undname.obj
 0001:00050530       ??4DName@@QAEAAV0@ABV0@@Z  00451530 f   LIBCMTD:undname.obj
 0001:00050560       ??4DName@@QAEAAV0@PAV0@@Z  00451560 f   LIBCMTD:undname.obj
 0001:000506a0       ??4DName@@QAEAAV0@W4DNameStatus@@@Z 004516a0 f   LIBCMTD:undname.obj
 0001:000507a0       ?doPchar@DName@@AAEXPBDH@Z 004517a0 f   LIBCMTD:undname.obj
 0001:000508e0       ?isFull@Replicator@@QBEHXZ 004518e0 f i LIBCMTD:undname.obj
 0001:00050900       ??0Replicator@@QAE@XZ      00451900 f i LIBCMTD:undname.obj
 0001:00050920       ??YReplicator@@QAEAAV0@ABVDName@@@Z 00451920 f   LIBCMTD:undname.obj
 0001:000509b0       ??AReplicator@@QBE?AVDName@@H@Z 004519b0 f   LIBCMTD:undname.obj
 0001:00050a20       ??0DNameNode@@IAE@XZ       00451a20 f   LIBCMTD:undname.obj
 0001:00050a40       ??0charNode@@QAE@D@Z       00451a40 f   LIBCMTD:undname.obj
 0001:00050a70       ?length@charNode@@UBEHXZ   00451a70 f i LIBCMTD:undname.obj
 0001:00050a90       ?getLastChar@charNode@@UBEDXZ 00451a90 f i LIBCMTD:undname.obj
 0001:00050ab0       ?getString@charNode@@UBEPADPAD0@Z 00451ab0 f i LIBCMTD:undname.obj
 0001:00050ae0       ??0pcharNode@@QAE@PBDH@Z   00451ae0 f   LIBCMTD:undname.obj
 0001:00050b70       ?length@pcharNode@@UBEHXZ  00451b70 f i LIBCMTD:undname.obj
 0001:00050b90       ?getLastChar@pcharNode@@UBEDXZ 00451b90 f i LIBCMTD:undname.obj
 0001:00050bd0       ?getString@pcharNode@@UBEPADPAD0@Z 00451bd0 f i LIBCMTD:undname.obj
 0001:00050c00       ?getStringHelper@@YAPADPAD00H@Z 00451c00 f i LIBCMTD:undname.obj
 0001:00050c40       ??0pDNameNode@@QAE@PAVDName@@@Z 00451c40 f   LIBCMTD:undname.obj
 0001:00050ca0       ?length@pDNameNode@@UBEHXZ 00451ca0 f i LIBCMTD:undname.obj
 0001:00050ce0       ?getLastChar@pDNameNode@@UBEDXZ 00451ce0 f i LIBCMTD:undname.obj
 0001:00050d10       ?getString@pDNameNode@@UBEPADPAD0@Z 00451d10 f i LIBCMTD:undname.obj
 0001:00050d50       ??0DNameStatusNode@@AAE@W4DNameStatus@@@Z 00451d50 f   LIBCMTD:undname.obj
[...]
 0001:000056f0       ?StringVPrintfWorkerW@@YGJPA_WIPAIPB_WPAD@Z 004066f0 f   KrnlUtils:Win7X86.obj
 0001:000057a0       ?FormatIosParameters@@YAHPAPADPAKPAU_IO_STACK_LOCATION@@1PAX@Z 004067a0 f   KrnlUtils:Win7X86.obj
 0001:000059b0       ?FmtIopCreate@@YAHPAPADPAKPAU_IO_STACK_LOCATION@@1PAX@Z 004069b0 f   KrnlUtils:Win7X86.obj
 0001:00005b80       ?FmtIopDeviceControl@@YAHPAPADPAKPAU_IO_STACK_LOCATION@@1PAX@Z 00406b80 f   KrnlUtils:Win7X86.obj
 0001:00005d00       ?FmtIopQueryDeviceRelations@@YAHPAPADPAKPAU_IO_STACK_LOCATION@@1PAX@Z 00406d00 f   KrnlUtils:Win7X86.obj
 0001:00005da0       ?DecodeRelType@@YAPA_WPA_WKW4_DEVICE_RELATION_TYPE@@@Z 00406da0 f   KrnlUtils:Win7X86.obj
 0001:00005dd0       ?FmtIopQueryInformation@@YAHPAPADPAKPAU_IO_STACK_LOCATION@@1PAX@Z 00406dd0 f   KrnlUtils:Win7X86.obj
 0001:00005ea0       ?FmtIopQueryPower@@YAHPAPADPAKPAU_IO_STACK_LOCATION@@1PAX@Z 00406ea0 f   KrnlUtils:Win7X86.obj
 0001:000060e0       ?DecodeDevicePowerState@@YAPA_WPA_WKW4_DEVICE_POWER_STATE@@@Z 004070e0 f   KrnlUtils:Win7X86.obj
 0001:00006110       ?DecodePowerAction@@YAPA_WPA_WKW4POWER_ACTION@@@Z 00407110 f   KrnlUtils:Win7X86.obj
 0001:00006140       ?DecodePowerStateType@@YAPA_WPA_WKW4_POWER_STATE_TYPE@@@Z 00407140 f   KrnlUtils:Win7X86.obj
 0001:00006170       ?DecodeSystemPowerState@@YAPA_WPA_WKW4_SYSTEM_POWER_STATE@@@Z 00407170 f   KrnlUtils:Win7X86.obj
 0001:000061a0       ?FmtIopQueryVolumeInformation@@YAHPAPADPAKPAU_IO_STACK_LOCATION@@1PAX@Z 004071a0 f   KrnlUtils:Win7X86.obj
 0001:00006230       ?DecodeFsInfoClass@@YAPA_WPA_WKW4_FSINFOCLASS@@@Z 00407230 f   KrnlUtils:Win7X86.obj
 0001:00006260       ?FmtIopRead@@YAHPAPADPAKPAU_IO_STACK_LOCATION@@1PAX@Z 00407260 f   KrnlUtils:Win7X86.obj
 0001:00006390       ?FmtIopSetInformation@@YAHPAPADPAKPAU_IO_STACK_LOCATION@@1PAX@Z 00407390 f   KrnlUtils:Win7X86.obj
 0001:00006610       ?FmtIopWaitWake@@YAHPAPADPAKPAU_IO_STACK_LOCATION@@1PAX@Z 00407610 f   KrnlUtils:Win7X86.obj
 0001:000066a0       ?FmtIopWrite@@YAHPAPADPAKPAU_IO_STACK_LOCATION@@1PAX@Z 004076a0 f   KrnlUtils:Win7X86.obj
 0001:000067f0       ?FormatIrpGeneric@@YAHPADPAPA_W@Z 004077f0 f   KrnlUtils:Win7X86.obj
 0001:00006fc0       ?FormatIoStackGeneric@@YAHPADPAPA_W@Z 00407fc0 f   KrnlUtils:WlhX86.obj
 0001:000073c0       ?StringLengthWorkerW@@YGJPB_WIPAI@Z 004083c0 f   KrnlUtils:WlhX86.obj
 0001:00007430       ?StringValidateDestW@@YGJPB_WII@Z 00408430 f   KrnlUtils:WlhX86.obj
 0001:00007460       ?StringVPrintfWorkerW@@YGJPA_WIPAIPB_WPAD@Z 00408460 f   KrnlUtils:WlhX86.obj
 0001:00007510       ?FormatIosParameters@@YAHPAPADPAKPAU_IO_STACK_LOCATION@@1PAX@Z 00408510 f   KrnlUtils:WlhX86.obj
 0001:00007720       ?FmtIopCreate@@YAHPAPADPAKPAU_IO_STACK_LOCATION@@1PAX@Z 00408720 f   KrnlUtils:WlhX86.obj
 0001:000078f0       ?FmtIopDeviceControl@@YAHPAPADPAKPAU_IO_STACK_LOCATION@@1PAX@Z 004088f0 f   KrnlUtils:WlhX86.obj
 0001:00007a70       ?FmtIopQueryDeviceRelations@@YAHPAPADPAKPAU_IO_STACK_LOCATION@@1PAX@Z 00408a70 f   KrnlUtils:WlhX86.obj
 0001:00007b10       ?DecodeRelType@@YAPA_WPA_WKW4_DEVICE_RELATION_TYPE@@@Z 00408b10 f   KrnlUtils:WlhX86.obj
 0001:00007b40       ?FmtIopQueryInformation@@YAHPAPADPAKPAU_IO_STACK_LOCATION@@1PAX@Z 00408b40 f   KrnlUtils:WlhX86.obj
 0001:00007c10       ?FmtIopQueryPower@@YAHPAPADPAKPAU_IO_STACK_LOCATION@@1PAX@Z 00408c10 f   KrnlUtils:WlhX86.obj
 0001:00007e50       ?DecodeDevicePowerState@@YAPA_WPA_WKW4_DEVICE_POWER_STATE@@@Z 00408e50 f   KrnlUtils:WlhX86.obj
 0001:00007e80       ?DecodePowerAction@@YAPA_WPA_WKW4POWER_ACTION@@@Z 00408e80 f   KrnlUtils:WlhX86.obj
 0001:00007eb0       ?DecodePowerStateType@@YAPA_WPA_WKW4_POWER_STATE_TYPE@@@Z 00408eb0 f   KrnlUtils:WlhX86.obj
 0001:00007ee0       ?DecodeSystemPowerState@@YAPA_WPA_WKW4_SYSTEM_POWER_STATE@@@Z 00408ee0 f   KrnlUtils:WlhX86.obj
 0001:00007f10       ?FmtIopQueryVolumeInformation@@YAHPAPADPAKPAU_IO_STACK_LOCATION@@1PAX@Z 00408f10 f   KrnlUtils:WlhX86.obj
 0001:00007fa0       ?DecodeFsInfoClass@@YAPA_WPA_WKW4_FSINFOCLASS@@@Z 00408fa0 f   KrnlUtils:WlhX86.obj
 0001:00007fd0       ?FmtIopRead@@YAHPAPADPAKPAU_IO_STACK_LOCATION@@1PAX@Z 00408fd0 f   KrnlUtils:WlhX86.obj
 0001:00008100       ?FmtIopSetInformation@@YAHPAPADPAKPAU_IO_STACK_LOCATION@@1PAX@Z 00409100 f   KrnlUtils:WlhX86.obj
 0001:00008380       ?FmtIopWaitWake@@YAHPAPADPAKPAU_IO_STACK_LOCATION@@1PAX@Z 00409380 f   KrnlUtils:WlhX86.obj
 0001:00008410       ?FmtIopWrite@@YAHPAPADPAKPAU_IO_STACK_LOCATION@@1PAX@Z 00409410 f   KrnlUtils:WlhX86.obj
 0001:00008560       ?FormatIrpGeneric@@YAHPADPAPA_W@Z 00409560 f   KrnlUtils:WlhX86.obj
 0001:00008d30       ?FormatIoStackGeneric@@YAHPADPAPA_W@Z 00409d30 f   KrnlUtils:WxpX86.obj
 0001:00009130       ?StringLengthWorkerW@@YGJPB_WIPAI@Z 0040a130 f   KrnlUtils:WxpX86.obj
 0001:000091a0       ?StringValidateDestW@@YGJPB_WII@Z 0040a1a0 f   KrnlUtils:WxpX86.obj
 0001:000091d0       ?StringVPrintfWorkerW@@YGJPA_WIPAIPB_WPAD@Z 0040a1d0 f   KrnlUtils:WxpX86.obj
 0001:00009280       ?FormatIosParameters@@YAHPAPADPAKPAU_IO_STACK_LOCATION@@1PAX@Z 0040a280 f   KrnlUtils:WxpX86.obj
 0001:00009490       ?FmtIopCreate@@YAHPAPADPAKPAU_IO_STACK_LOCATION@@1PAX@Z 0040a490 f   KrnlUtils:WxpX86.obj
 0001:00009660       ?FmtIopDeviceControl@@YAHPAPADPAKPAU_IO_STACK_LOCATION@@1PAX@Z 0040a660 f   KrnlUtils:WxpX86.obj
 0001:000097e0       ?FmtIopQueryDeviceRelations@@YAHPAPADPAKPAU_IO_STACK_LOCATION@@1PAX@Z 0040a7e0 f   KrnlUtils:WxpX86.obj
 0001:00009880       ?DecodeRelType@@YAPA_WPA_WKW4_DEVICE_RELATION_TYPE@@@Z 0040a880 f   KrnlUtils:WxpX86.obj
 0001:000098b0       ?FmtIopQueryInformation@@YAHPAPADPAKPAU_IO_STACK_LOCATION@@1PAX@Z 0040a8b0 f   KrnlUtils:WxpX86.obj
 0001:00009980       ?FmtIopQueryPower@@YAHPAPADPAKPAU_IO_STACK_LOCATION@@1PAX@Z 0040a980 f   KrnlUtils:WxpX86.obj
 0001:00009bc0       ?DecodeDevicePowerState@@YAPA_WPA_WKW4_DEVICE_POWER_STATE@@@Z 0040abc0 f   KrnlUtils:WxpX86.obj
 0001:00009bf0       ?DecodePowerAction@@YAPA_WPA_WKW4POWER_ACTION@@@Z 0040abf0 f   KrnlUtils:WxpX86.obj
 0001:00009c20       ?DecodePowerStateType@@YAPA_WPA_WKW4_POWER_STATE_TYPE@@@Z 0040ac20 f   KrnlUtils:WxpX86.obj
 0001:00009c50       ?DecodeSystemPowerState@@YAPA_WPA_WKW4_SYSTEM_POWER_STATE@@@Z 0040ac50 f   KrnlUtils:WxpX86.obj
 0001:00009c80       ?FmtIopQueryVolumeInformation@@YAHPAPADPAKPAU_IO_STACK_LOCATION@@1PAX@Z 0040ac80 f   KrnlUtils:WxpX86.obj
 0001:00009d10       ?DecodeFsInfoClass@@YAPA_WPA_WKW4_FSINFOCLASS@@@Z 0040ad10 f   KrnlUtils:WxpX86.obj
 0001:00009d40       ?FmtIopRead@@YAHPAPADPAKPAU_IO_STACK_LOCATION@@1PAX@Z 0040ad40 f   KrnlUtils:WxpX86.obj
 0001:00009e70       ?FmtIopSetInformation@@YAHPAPADPAKPAU_IO_STACK_LOCATION@@1PAX@Z 0040ae70 f   KrnlUtils:WxpX86.obj
 0001:0000a0f0       ?FmtIopWaitWake@@YAHPAPADPAKPAU_IO_STACK_LOCATION@@1PAX@Z 0040b0f0 f   KrnlUtils:WxpX86.obj
 0001:0000a180       ?FmtIopWrite@@YAHPAPADPAKPAU_IO_STACK_LOCATION@@1PAX@Z 0040b180 f   KrnlUtils:WxpX86.obj
 0001:0000a2d0       ?FormatIrpGeneric@@YAHPADPAPA_W@Z 0040b2d0 f   KrnlUtils:WxpX86.obj
 0001:0000ad10       _vscan_fn                  0040bd10 f   LIBCMTD:swscanf.obj
 0001:0000b7c0       ___tmainCRTStartup         0040c7c0 f   LIBCMTD:wcrt0.obj
 0001:0000b950       _fast_error_exit           0040c950 f   LIBCMTD:wcrt0.obj
 0001:0000b980       _check_managed_app         0040c980 f   LIBCMTD:wcrt0.obj
 0001:0000d080       _write_char                0040e080 f   LIBCMTD:woutput.obj
 0001:0000d0e0       _write_multi_char          0040e0e0 f   LIBCMTD:woutput.obj
 0001:0000d120       _write_string              0040e120 f   LIBCMTD:woutput.obj
 0001:0000e120       _ValidateLocalCookies      0040f120 f   LIBCMTD:chandler4.obj
 0001:0000fb10       ___check_float_string      00410b10 f   LIBCMTD:winput.obj
 0001:0000fc30       __hextodec                 00410c30 f   LIBCMTD:winput.obj
 0001:0000fc80       __inc                      00410c80 f   LIBCMTD:winput.obj
 0001:0000fca0       __un_inc                   00410ca0 f   LIBCMTD:winput.obj
 0001:0000fcd0       __whiteout                 00410cd0 f   LIBCMTD:winput.obj
 0001:00011840       ___check_float_string      00412840 f   LIBCMTD:winputs.obj
 0001:00011940       __hextodec                 00412940 f   LIBCMTD:winputs.obj
 0001:00011990       __inc                      00412990 f   LIBCMTD:winputs.obj
 0001:000119b0       __un_inc                   004129b0 f   LIBCMTD:winputs.obj
 0001:000119e0       __whiteout                 004129e0 f   LIBCMTD:winputs.obj
 0001:00011b20       _fastcopy_I                00412b20 f   LIBCMTD:p4_memcpy.obj
 0001:00011c30       _has_osfxsr_set            00412c30 f   LIBCMTD:cpu_disp.obj
 0001:00012fc0       _write_char                00413fc0 f   LIBCMTD:output.obj
 0001:00013060       _write_multi_char          00414060 f   LIBCMTD:output.obj
 0001:000130a0       _write_string              004140a0 f   LIBCMTD:output.obj
 0001:00013b80       _doexit                    00414b80 f   LIBCMTD:crt0dat.obj
 0001:00013eb0       __initterm                 00414eb0 f   LIBCMTD:crt0dat.obj
 0001:00014310       _xcptlookup                00415310 f   LIBCMTD:winxfltr.obj
 0001:00014640       _wparse_cmdline            00415640 f   LIBCMTD:wstdargv.obj
 0001:00015010       __nh_malloc_dbg_impl       00416010 f   LIBCMTD:dbgheap.obj
 0001:000150a0       __heap_alloc_dbg_impl      004160a0 f   LIBCMTD:dbgheap.obj
 0001:000156b0       _realloc_help              004166b0 f   LIBCMTD:dbgheap.obj
 0001:000167c0       _CheckBytes                004177c0 f   LIBCMTD:dbgheap.obj
 0001:000175e0       ?_CrtMemDumpAllObjectsSince_stat@@YAXPBU_CrtMemState@@PAUlocaleinfo_struct@@@Z 004185e0 f   LIBCMTD:dbgheap.obj
 0001:000178f0       __printMemBlockData        004188f0 f   LIBCMTD:dbgheap.obj
 0001:00019700       _flsall                    0041a700 f   LIBCMTD:fflush.obj
 0001:0001a940       ?getSystemCP@@YAHH@Z       0041b940 f   LIBCMTD:mbctype.obj
 0001:0001ada0       ?CPtoLCID@@YAHH@Z          0041bda0 f   LIBCMTD:mbctype.obj
 0001:0001ae20       ?setSBCS@@YAXPAUthreadmbcinfostruct@@@Z 0041be20 f   LIBCMTD:mbctype.obj
 0001:0001af00       ?setSBUpLow@@YAXPAUthreadmbcinfostruct@@@Z 0041bf00 f   LIBCMTD:mbctype.obj
 0001:0001b900       __updatetlocinfoEx_nolock  0041c900 f   LIBCMTD:setlocal.obj
 0001:0001be70       __copytlocinfo_nolock      0041ce70 f   LIBCMTD:setlocal.obj
 0001:0001c290       _sync_legacy_variables_lk  0041d290 f   LIBCMTD:setlocal.obj
 0001:0001c310       __setlocale_nolock         0041d310 f   LIBCMTD:setlocal.obj
 0001:0001c700       __setlocale_set_cat        0041d700 f   LIBCMTD:setlocal.obj
 0001:0001cc30       __setlocale_get_all        0041dc30 f   LIBCMTD:setlocal.obj
 0001:0001f180       _ctrlevent_capture@4       00420180 f   LIBCMTD:winsig.obj
 0001:0001f580       _siglookup                 00420580 f   LIBCMTD:winsig.obj
 0001:0002012c       __unwind_handler4          0042112c f   LIBCMTD:exsup4.obj
 0001:000215f0       _write_char                004225f0 f   LIBCMTD:woutputs.obj
 0001:00021650       _write_multi_char          00422650 f   LIBCMTD:woutputs.obj
 0001:00021690       _write_string              00422690 f   LIBCMTD:woutputs.obj
 0001:00024fc0       _write_char                00425fc0 f   LIBCMTD:woutputp.obj
 0001:00025020       _write_multi_char          00426020 f   LIBCMTD:woutputp.obj
 0001:00025060       _write_string              00426060 f   LIBCMTD:woutputp.obj
 0001:00025580       ?wcsncnt@@YAIPB_WI@Z       00426580 f   LIBCMTD:wcstombs.obj
 0001:00028520       _write_char                00429520 f   LIBCMTD:outputs.obj
 0001:000285c0       _write_multi_char          004295c0 f   LIBCMTD:outputs.obj
 0001:00028600       _write_string              00429600 f   LIBCMTD:outputs.obj
 0001:0002c350       _write_char                0042d350 f   LIBCMTD:outputp.obj
 0001:0002c3f0       _write_multi_char          0042d3f0 f   LIBCMTD:outputp.obj
 0001:0002c430       _write_string              0042d430 f   LIBCMTD:outputp.obj
 0001:0002d830       __onexit_nolock            0042e830 f   LIBCMTD:onexit.obj
 0001:0002ec40       __is_LFH_enabled           0042fc40 f   LIBCMTD:expand.obj
 0001:00032960       ?DebuggerProbe@@YAHK@Z     00433960 f   LIBCMTD:_error_.obj
 0001:00032a50       ?failwithmessage@@YAXPAXHHPBD@Z 00433a50 f   LIBCMTD:_error_.obj
 0001:00032c60       ?DebuggerRuntime@@YAHKHPAXPB_W@Z 00433c60 f   LIBCMTD:_error_.obj
 0001:00032f40       ?_getMemBlockDataString@@YAXPAD00I@Z 00433f40 f   LIBCMTD:_error_.obj
 0001:000332f0       ?CatchGuardHandler@@YA?AW4_EXCEPTION_DISPOSITION@@PAUEHExceptionRecord@@PAUCatchGuardRN@@PAX2@Z 004342f0 f   LIBCMTD:_trnsctrl_.obj
 0001:00033430       ?TranslatorGuardHandler@@YA?AW4_EXCEPTION_DISPOSITION@@PAUEHExceptionRecord@@PAUTranslatorGuardRN@@PAX2@Z 00434430 f   LIBCMTD:_trnsctrl_.obj
 0001:00033680       ?__crtLCMapStringA_stat@@YAHPAUlocaleinfo_struct@@KKPBDHPADHHH@Z 00434680 f   LIBCMTD:a_map.obj
 0001:00033c20       ?strncnt@@YAHPBDH@Z        00434c20 f   LIBCMTD:a_map.obj
 0001:00033cd0       ?__crtGetStringTypeA_stat@@YAHPAUlocaleinfo_struct@@KPBDHPAGHHH@Z 00434cd0 f   LIBCMTD:a_str.obj
 0001:00034050       __get_lc_time              00435050 f   LIBCMTD:inittime.obj
 0001:00034c70       _fix_grouping              00435c70 f   LIBCMTD:initnum.obj
 0001:000351e0       _fix_grouping              004361e0 f   LIBCMTD:initmon.obj
 0001:000368d0       ?_expandtime@@YAHPAUlocaleinfo_struct@@DPBUtm@@PAPADPAIPAU__lc_time_data@@I@Z 004378d0 f   LIBCMTD:strftime.obj
 0001:000378a0       ?_store_str@@YAXPADPAPADPAI@Z 004388a0 f   LIBCMTD:strftime.obj
 0001:000378f0       ?_store_num@@YAXHHPAPADPAII@Z 004388f0 f   LIBCMTD:strftime.obj
 0001:000379a0       ?_store_number@@YAXHPAPADPAI@Z 004389a0 f   LIBCMTD:strftime.obj
 0001:00037a50       ?_store_winword@@YAHPAUlocaleinfo_struct@@HPBUtm@@PAPADPAIPAU__lc_time_data@@@Z 00438a50 f   LIBCMTD:strftime.obj
 0001:00038720       _cmpBYTE                   00439720 f   LIBCMTD:memcmp.obj
 0001:00038750       _cmpResult                 00439750 f   LIBCMTD:memcmp.obj
 0001:00038770       _unaligned_memcmp          00439770 f   LIBCMTD:memcmp.obj
 0001:00038e80       _cmpWORD                   00439e80 f   LIBCMTD:memcmp.obj
 0001:00038f00       _cmpDWORD                  00439f00 f   LIBCMTD:memcmp.obj
 0001:00039280       _TranslateName             0043a280 f   LIBCMTD:getqloc.obj
 0001:00039310       _GetLcidFromLangCountry    0043a310 f   LIBCMTD:getqloc.obj
 0001:000393d0       _LangCountryEnumProc@4     0043a3d0 f   LIBCMTD:getqloc.obj
 0001:00039810       _GetLcidFromLanguage       0043a810 f   LIBCMTD:getqloc.obj
 0001:00039890       _LanguageEnumProc@4        0043a890 f   LIBCMTD:getqloc.obj
 0001:00039a30       _GetLcidFromCountry        0043aa30 f   LIBCMTD:getqloc.obj
 0001:00039a80       _CountryEnumProc@4         0043aa80 f   LIBCMTD:getqloc.obj
 0001:00039b80       _GetLcidFromDefault        0043ab80 f   LIBCMTD:getqloc.obj
 0001:00039bc0       _ProcessCodePage           0043abc0 f   LIBCMTD:getqloc.obj
 0001:00039c90       _TestDefaultCountry        0043ac90 f   LIBCMTD:getqloc.obj
 0001:00039ce0       _TestDefaultLanguage       0043ace0 f   LIBCMTD:getqloc.obj
 0001:00039d80       _LcidFromHexString         0043ad80 f   LIBCMTD:getqloc.obj
 0001:00039e00       _GetPrimaryLen             0043ae00 f   LIBCMTD:getqloc.obj
 0001:0003a1e0       _fastzero_I                0043b1e0 f   LIBCMTD:p4_memset.obj
 0001:0003b390       _xtoa_s@20                 0043c390 f   LIBCMTD:xtoas.obj
 0001:0003b7b0       @x64toa_s@24               0043c7b0 f   LIBCMTD:xtoas.obj
 0001:0003c9c0       _xtow_s@20                 0043d9c0 f   LIBCMTD:xtows.obj
 0001:0003cdf0       @x64tow_s@24               0043ddf0 f   LIBCMTD:xtows.obj
 0001:0003d550       __unwind_handler           0043e550 f   LIBCMTD:exsup.obj
 0001:0003d6c0       ?wcstoxl@@YAKPAUlocaleinfo_struct@@PB_WPAPB_WHH@Z 0043e6c0 f   LIBCMTD:wcstol.obj
 0001:0003dbf0       ?__crtGetStringTypeW_stat@@YAHPAUlocaleinfo_struct@@KPB_WHPAGHH@Z 0043ebf0 f   LIBCMTD:w_str.obj
 0001:0003e430       ?strtoxl@@YAKPAUlocaleinfo_struct@@PBDPAPBDHH@Z 0043f430 f   LIBCMTD:strtol.obj
 0001:0003f7a0       ?__crtGetLocaleInfoW_stat@@YAHPAUlocaleinfo_struct@@KKPA_WHH@Z 004407a0 f   LIBCMTD:w_loc.obj
 0001:0003f810       ?__crtGetLocaleInfoA_stat@@YAHPAUlocaleinfo_struct@@KKPADHH@Z 00440810 f   LIBCMTD:a_loc.obj
 0001:00040620       ?GetPdbDll@@YAPAUHINSTANCE__@@XZ 00441620 f   LIBCMTD:_pdblkup_.obj
 0001:00040a20       ?FindHandler@@YAXPAUEHExceptionRecord@@PAUEHRegistrationNode@@PAU_CONTEXT@@PAXPBU_s_FuncInfo@@EH1@Z 00441a20 f   LIBCMTD:frame.obj
 0001:00040f70       ?FindHandlerForForeignException@@YAXPAUEHExceptionRecord@@PAUEHRegistrationNode@@PAU_CONTEXT@@PAXPBU_s_FuncInfo@@HH1@Z 00441f70 f   LIBCMTD:frame.obj
 0001:000413a0       ?CatchIt@@YAXPAUEHExceptionRecord@@PAUEHRegistrationNode@@PAU_CONTEXT@@PAXPBU_s_FuncInfo@@PBU_s_HandlerType@@PBU_s_CatchableType@@PBU_s_TryBlockMapEntry@@H1E@Z 004423a0 f   LIBCMTD:frame.obj
 0001:00041460       ?CallCatchBlock@@YAPAXPAUEHExceptionRecord@@PAUEHRegistrationNode@@PAU_CONTEXT@@PBU_s_FuncInfo@@PAXHK@Z 00442460 f   LIBCMTD:frame.obj
 0001:000416f0       ?ExFilterRethrow@@YAHPAU_EXCEPTION_POINTERS@@@Z 004426f0 f   LIBCMTD:frame.obj
 0001:00042350       ?IsInExceptionSpec@@YAEPAUEHExceptionRecord@@PBU_s_ESTypeList@@@Z 00443350 f   LIBCMTD:frame.obj
 0001:00042410       ?CallUnexpected@@YAXPBU_s_ESTypeList@@@Z 00443410 f   LIBCMTD:frame.obj
 0001:0004245e       __catch$?CallUnexpected@@YAXPBU_s_ESTypeList@@@Z$0 0044345e f   LIBCMTD:frame.obj
 0001:000424a0       ?Is_bad_exception_allowed@@YAEPBU_s_ESTypeList@@@Z 004434a0 f   LIBCMTD:frame.obj
 0001:00042dd0       __tzset_nolock             00443dd0 f   LIBCMTD:tzset.obj
 0001:000433e0       __isindst_nolock           004443e0 f   LIBCMTD:tzset.obj
 0001:00043740       _cvtdate                   00444740 f   LIBCMTD:tzset.obj
 0001:00046310       __getenv_s_helper          00447310 f   LIBCMTD:getenv.obj
 0001:00046580       __dupenv_s_helper          00447580 f   LIBCMTD:getenv.obj
 0001:00046a30       ?strtoxq@@YA_KPAUlocaleinfo_struct@@PBDPAPBDHH@Z 00447a30 f   LIBCMTD:strtoq.obj
 0001:00051010       ?und_strlen@@YAIPBD@Z      00452010 f   LIBCMTD:undname.obj
 0001:00051050       ?und_memcpy@@YAXPADPBDI@Z  00452050 f   LIBCMTD:undname.obj
 0001:00051090       ?und_strncmp@@YAIPBD0I@Z   00452090 f   LIBCMTD:undname.obj
 0001:00051150       ?__crtCompareStringA_stat@@YAHPAUlocaleinfo_struct@@KKPBDH1HH@Z 00452150 f   LIBCMTD:a_cmp.obj
 0001:00051660       ?strncnt@@YAHPBDH@Z        00452660 f   LIBCMTD:a_cmp.obj
 0001:00051e20       _findenv                   00452e20 f   LIBCMTD:setenv.obj
 0001:00051ea0       _copy_environ              00452ea0 f   LIBCMTD:setenv.obj
 0001:000524f0       __unwindfunclet$?getSystemCP@@YAHH@Z$0 004534f0 f   LIBCMTD:mbctype.obj
 0001:000524f8       __ehhandler$?getSystemCP@@YAHH@Z 004534f8 f   LIBCMTD:mbctype.obj
 0001:00052520       __unwindfunclet$?wcstoxl@@YAKPAUlocaleinfo_struct@@PB_WPAPB_WHH@Z$0 00453520 f   LIBCMTD:wcstol.obj
 0001:00052528       __ehhandler$?wcstoxl@@YAKPAUlocaleinfo_struct@@PB_WPAPB_WHH@Z 00453528 f   LIBCMTD:wcstol.obj
 0001:00052550       __unwindfunclet$?strtoxl@@YAKPAUlocaleinfo_struct@@PBDPAPBDHH@Z$0 00453550 f   LIBCMTD:strtol.obj
 0001:00052558       __ehhandler$?strtoxl@@YAKPAUlocaleinfo_struct@@PBDPAPBDHH@Z 00453558 f   LIBCMTD:strtol.obj
 0001:00052580       __ehhandler$?CallUnexpected@@YAXPBU_s_ESTypeList@@@Z 00453580 f   LIBCMTD:frame.obj
 0001:000525a0       __unwindfunclet$?strtoxq@@YA_KPAUlocaleinfo_struct@@PBDPAPBDHH@Z$0 004535a0 f   LIBCMTD:strtoq.obj
 0001:000525a8       __ehhandler$?strtoxq@@YA_KPAUlocaleinfo_struct@@PBDPAPBDHH@Z 004535a8 f   LIBCMTD:strtoq.obj
 0001:000525d0       __unwindfunclet$?make@DNameStatusNode@@SAPAV1@W4DNameStatus@@@Z$0 004535d0 f   LIBCMTD:undname.obj
 0001:000525de       __ehhandler$?make@DNameStatusNode@@SAPAV1@W4DNameStatus@@@Z 004535de f   LIBCMTD:undname.obj
