 TestClt

 Timestamp is 5180d98b (Wed May 01 10:59:55 2013)

 Preferred load address is 0000000140000000

 Start         Length     Name                   Class
 0001:00000000 000664f4H .text                   CODE
 0001:00066500 000000b0H .text$00                CODE
 0001:000665b0 00000eb6H .text$x                 CODE
 0002:00000000 00000320H .idata$5                DATA
 0002:00000320 00000008H .CRT$XCA                DATA
 0002:00000328 00000008H .CRT$XCZ                DATA
 0002:00000330 00000008H .CRT$XIA                DATA
 0002:00000338 00000018H .CRT$XIC                DATA
 0002:00000350 00000008H .CRT$XIY                DATA
 0002:00000358 00000008H .CRT$XIZ                DATA
 0002:00000360 00000008H .CRT$XPA                DATA
 0002:00000368 00000010H .CRT$XPX                DATA
 0002:00000378 00000008H .CRT$XPXA               DATA
 0002:00000380 00000008H .CRT$XPZ                DATA
 0002:00000388 00000008H .CRT$XTA                DATA
 0002:00000390 00000008H .CRT$XTZ                DATA
 0002:000003a0 0001742eH .rdata                  DATA
 0002:000177d0 0000006dH .rdata$debug            DATA
 0002:00017840 000002f4H .rdata$r                DATA
 0002:00017b38 00000008H .rtc$IAA                DATA
 0002:00017b40 00000008H .rtc$IZZ                DATA
 0002:00017b48 00000008H .rtc$TAA                DATA
 0002:00017b50 00000008H .rtc$TZZ                DATA
 0002:00017b58 000033acH .xdata                  DATA
 0002:0001af08 00000084H .xdata$x                DATA
 0002:0001af8c 00000014H .idata$2                DATA
 0002:0001afa0 00000014H .idata$3                DATA
 0002:0001afb8 00000320H .idata$4                DATA
 0002:0001b2d8 00000718H .idata$6                DATA
 0002:0001b9f0 00000000H .edata                  DATA
 0003:00000000 00002ce8H .data                   DATA
 0003:00002d00 00002370H .bss                    DATA
 0004:00000000 0000369cH .pdata                  DATA

  Address         Publics by Value              Rva+Base               Lib:Object

 0000:00000000       ___safe_se_handler_count   0000000000000000     <absolute>
 0000:00000000       ___safe_se_handler_table   0000000000000000     <absolute>
 0000:00000000       __ImageBase                0000000140000000     <linker-defined>
 0001:00000000       wmain                      0000000140001000 f   TestClt.obj
 0001:00000100       CheckParams                0000000140001100 f   TestClt.obj
 0001:00000270       DCGetMJFFlags              0000000140001270 f   TestClt.obj
 0001:000002a0       DCSetMJFFlags              00000001400012a0 f   TestClt.obj
 0001:000003c0       DeviceControl              00000001400013c0 f   TestClt.obj
 0001:00000450       DumpIoStackLocData         0000000140001450 f   TestClt.obj
 0001:000004e0       DumpIrp                    00000001400014e0 f   TestClt.obj
 0001:00000600       DumpIrpData                0000000140001600 f   TestClt.obj
 0001:00000690       DumpMemory                 0000000140001690 f   TestClt.obj
 0001:000007a0       GetData                    00000001400017a0 f   TestClt.obj
 0001:000009a0       GetProcessHeapWrap         00000001400019a0 f   TestClt.obj
 0001:00000a00       HeapAllocWrap              0000000140001a00 f   TestClt.obj
 0001:00000a60       ListDevices                0000000140001a60 f   TestClt.obj
 0001:00000b00       OpenDevice                 0000000140001b00 f   TestClt.obj
 0001:00000d50       PrintAccDevList            0000000140001d50 f   TestClt.obj
 0001:00000ee0       PrintHelp                  0000000140001ee0 f   TestClt.obj
 0001:00000fa0       PrintMultiSz               0000000140001fa0 f   TestClt.obj
 0001:00001000       SendIoCtl                  0000000140002000 f   TestClt.obj
 0001:000010a0       StringCbPrintfW            00000001400020a0 f i TestClt.obj
 0001:0000112e       HeapFree                   000000014000212e f   kernel32:KERNEL32.dll
 0001:00001134       CloseHandle                0000000140002134 f   kernel32:KERNEL32.dll
 0001:0000113a       ReadFile                   000000014000213a f   kernel32:KERNEL32.dll
 0001:00001140       GetLastError               0000000140002140 f   kernel32:KERNEL32.dll
 0001:00001146       GetProcessHeap             0000000140002146 f   kernel32:KERNEL32.dll
 0001:0000114c       HeapAlloc                  000000014000214c f   kernel32:KERNEL32.dll
 0001:00001152       CreateFileW                0000000140002152 f   kernel32:KERNEL32.dll
 0001:00001158       DeviceIoControl            0000000140002158 f   kernel32:KERNEL32.dll
 0001:00001160       ?AllocFromHeap@@YAPEAXPEAX_K@Z 0000000140002160 f   KrnlUtils:KrnlUtils.obj
 0001:000011b0       ?AppendString@@YAHPEA_WPEAPEADPEA_K2PEAX@Z 00000001400021b0 f   KrnlUtils:KrnlUtils.obj
 0001:000012e0       ?CopyToBuffer@@YAHPEAPEADPEA_KPEAD_K1PEAX@Z 00000001400022e0 f   KrnlUtils:KrnlUtils.obj
 0001:00001380       ?DecodeEnum@@YAPEA_WHHQEAPEA_WIPEA_W_K@Z 0000000140002380 f   KrnlUtils:KrnlUtils.obj
 0001:00001650       ?ExtendBuffer@@YAHPEAPEADPEA_K_KPEAX@Z 0000000140002650 f   KrnlUtils:KrnlUtils.obj
 0001:000016f0       FormatIoStack              00000001400026f0 f   KrnlUtils:KrnlUtils.obj
 0001:000017d0       FormatIrp                  00000001400027d0 f   KrnlUtils:KrnlUtils.obj
 0001:000018b0       FreeFmtIrp                 00000001400028b0 f   KrnlUtils:KrnlUtils.obj
 0001:000018f0       FreeFmtStack               00000001400028f0 f   KrnlUtils:KrnlUtils.obj
 0001:00001930       IoStackSize                0000000140002930 f   KrnlUtils:KrnlUtils.obj
 0001:000019c0       IrpSize                    00000001400029c0 f   KrnlUtils:KrnlUtils.obj
 0001:00001a50       MajorFunctionDes           0000000140002a50 f   KrnlUtils:KrnlUtils.obj
 0001:00001aa0       MinorFunctionDes           0000000140002aa0 f   KrnlUtils:KrnlUtils.obj
 0001:00001b60       ?StringCbLengthW@@YAJPEB_W_KPEA_K@Z 0000000140002b60 f i KrnlUtils:KrnlUtils.obj
 0001:00001c00       ?StringCbCopyW@@YAJPEA_W_KPEB_W@Z 0000000140002c00 f i KrnlUtils:KrnlUtils.obj
 0001:00001c80       ?StringCbPrintfW@@YAJPEA_W_KPEB_WZZ 0000000140002c80 f i KrnlUtils:KrnlUtils.obj
 0001:00001d10       ?FormatIoStackWin7X64@@YAHPEADPEAPEA_W@Z 0000000140002d10 f   KrnlUtils:Win7X64.obj
 0001:00003940       ?FormatIrpWin7X64@@YAHPEADPEAPEA_W@Z 0000000140004940 f   KrnlUtils:Win7X64.obj
 0001:000042b0       ?IoStackSizeWin7X64@@YA_KXZ 00000001400052b0 f   KrnlUtils:Win7X64.obj
 0001:000042d0       ?IrpSizeWin7X64@@YA_KXZ    00000001400052d0 f   KrnlUtils:Win7X64.obj
 0001:000042e0       ?FormatIoStackWlhX64@@YAHPEADPEAPEA_W@Z 00000001400052e0 f   KrnlUtils:WlhX64.obj
 0001:00005f10       ?FormatIrpWlhX64@@YAHPEADPEAPEA_W@Z 0000000140006f10 f   KrnlUtils:WlhX64.obj
 0001:00006880       ?IoStackSizeWlhX64@@YA_KXZ 0000000140007880 f   KrnlUtils:WlhX64.obj
 0001:000068a0       ?IrpSizeWlhX64@@YA_KXZ     00000001400078a0 f   KrnlUtils:WlhX64.obj
 0001:000068b0       ?FormatIoStackWin7X86@@YAHPEADPEAPEA_W@Z 00000001400078b0 f   KrnlUtils:Win7X86.obj
 0001:000084e0       ?FormatIrpWin7X86@@YAHPEADPEAPEA_W@Z 00000001400094e0 f   KrnlUtils:Win7X86.obj
 0001:00008e50       ?IoStackSizeWin7X86@@YA_KXZ 0000000140009e50 f   KrnlUtils:Win7X86.obj
 0001:00008e70       ?IrpSizeWin7X86@@YA_KXZ    0000000140009e70 f   KrnlUtils:Win7X86.obj
 0001:00008e80       ?FormatIoStackWlhX86@@YAHPEADPEAPEA_W@Z 0000000140009e80 f   KrnlUtils:WlhX86.obj
 0001:0000aab0       ?FormatIrpWlhX86@@YAHPEADPEAPEA_W@Z 000000014000bab0 f   KrnlUtils:WlhX86.obj
 0001:0000b420       ?IoStackSizeWlhX86@@YA_KXZ 000000014000c420 f   KrnlUtils:WlhX86.obj
 0001:0000b440       ?IrpSizeWlhX86@@YA_KXZ     000000014000c440 f   KrnlUtils:WlhX86.obj
 0001:0000b450       ?FormatIoStackWxpX86@@YAHPEADPEAPEA_W@Z 000000014000c450 f   KrnlUtils:WxpX86.obj
 0001:0000d080       ?FormatIrpWxpX86@@YAHPEADPEAPEA_W@Z 000000014000e080 f   KrnlUtils:WxpX86.obj
 0001:0000d9f0       ?IoStackSizeWxpX86@@YA_KXZ 000000014000e9f0 f   KrnlUtils:WxpX86.obj
 0001:0000da10       ?IrpSizeWxpX86@@YA_KXZ     000000014000ea10 f   KrnlUtils:WxpX86.obj
 0001:0000da20       wprintf                    000000014000ea20 f   LIBCMTD:wprintf.obj
 0001:0000db70       _wprintf_l                 000000014000eb70 f   LIBCMTD:wprintf.obj
 0001:0000dbb0       _wprintf_s_l               000000014000ebb0 f   LIBCMTD:wprintf.obj
 0001:0000dbf0       wprintf_s                  000000014000ebf0 f   LIBCMTD:wprintf.obj
 0001:0000dc30       _wprintf_p_l               000000014000ec30 f   LIBCMTD:wprintf.obj
 0001:0000dc70       _wprintf_p                 000000014000ec70 f   LIBCMTD:wprintf.obj
 0001:0000dcb0       wcslen                     000000014000ecb0 f   LIBCMTD:wcslen.obj
 0001:0000dd00       swscanf                    000000014000ed00 f   LIBCMTD:swscanf.obj
 0001:0000df70       _swscanf_l                 000000014000ef70 f   LIBCMTD:swscanf.obj
 0001:0000dfc0       swscanf_s                  000000014000efc0 f   LIBCMTD:swscanf.obj
 0001:0000e010       _swscanf_s_l               000000014000f010 f   LIBCMTD:swscanf.obj
 0001:0000e070       memcpy                     000000014000f070 f   LIBCMTD:memcpy.obj
 0001:0000e070       memmove                    000000014000f070     LIBCMTD:memcpy.obj
 0001:0000e3b0       printf                     000000014000f3b0 f   LIBCMTD:printf.obj
 0001:0000e500       _printf_l                  000000014000f500 f   LIBCMTD:printf.obj
 0001:0000e540       _printf_s_l                000000014000f540 f   LIBCMTD:printf.obj
 0001:0000e580       printf_s                   000000014000f580 f   LIBCMTD:printf.obj
 0001:0000e5c0       _printf_p_l                000000014000f5c0 f   LIBCMTD:printf.obj
 0001:0000e600       _printf_p                  000000014000f600 f   LIBCMTD:printf.obj
 0001:0000e640       _set_printf_count_output   000000014000f640 f   LIBCMTD:printf.obj
 0001:0000e6b0       _get_printf_count_output   000000014000f6b0 f   LIBCMTD:printf.obj
 0001:0000e6e0       wcscmp                     000000014000f6e0 f   LIBCMTD:wcscmp.obj
 0001:0000e760       __GSHandlerCheck           000000014000f760 f   LIBCMTD:gshandler.obj
 0001:0000e7a0       __GSHandlerCheckCommon     000000014000f7a0 f   LIBCMTD:gshandler.obj
 0001:0000e8b0       __security_check_cookie    000000014000f8b0 f   LIBCMTD:amdsecgs.obj
 0001:0000e8d0       _vsnwprintf_l              000000014000f8d0 f   LIBCMTD:vsnwprnt.obj
 0001:0000eba0       _vsnwprintf                000000014000fba0 f   LIBCMTD:vsnwprnt.obj
 0001:0000ebe0       wmainCRTStartup            000000014000fbe0 f   LIBCMTD:wcrt0.obj
 0001:0000ee00       __C_specific_handler       000000014000fe00 f   LIBCMTD:chandler.obj
 0001:0000f1a0       __iob_func                 00000001400101a0 f   LIBCMTD:_file.obj
 0001:0000f1b0       __initstdio                00000001400101b0 f   LIBCMTD:_file.obj
 0001:0000f370       __endstdio                 0000000140010370 f   LIBCMTD:_file.obj
 0001:0000f3b0       _lock_file                 00000001400103b0 f   LIBCMTD:_file.obj
 0001:0000f430       _lock_file2                0000000140010430 f   LIBCMTD:_file.obj
 0001:0000f480       _unlock_file               0000000140010480 f   LIBCMTD:_file.obj
 0001:0000f500       _unlock_file2              0000000140010500 f   LIBCMTD:_file.obj
 0001:0000f550       _stbuf                     0000000140010550 f   LIBCMTD:_sftbuf.obj
 0001:0000f710       _ftbuf                     0000000140010710 f   LIBCMTD:_sftbuf.obj
 0001:0000f7d0       _woutput_l                 00000001400107d0 f   LIBCMTD:woutput.obj
 0001:00010bc0       ??0_LocaleUpdate@@QEAA@PEAUlocaleinfo_struct@@@Z 0000000140011bc0 f i LIBCMTD:woutput.obj
 0001:00010d20       ??1_LocaleUpdate@@QEAA@XZ  0000000140011d20 f i LIBCMTD:woutput.obj
 0001:00010d60       ?GetLocaleT@_LocaleUpdate@@QEAAPEAUlocaleinfo_struct@@XZ 0000000140011d60 f i LIBCMTD:woutput.obj
 0001:00010f10       get_int_arg                0000000140011f10 f i LIBCMTD:woutput.obj
 0001:00010f70       get_int64_arg              0000000140011f70 f i LIBCMTD:woutput.obj
 0001:00010fe0       _initp_misc_invarg         0000000140011fe0 f   LIBCMTD:invarg.obj
 0001:00011000       _invalid_parameter         0000000140012000 f   LIBCMTD:invarg.obj
 0001:000110a0       _invoke_watson             00000001400120a0 f   LIBCMTD:invarg.obj
 0001:00011240       _set_invalid_parameter_handler 0000000140012240 f   LIBCMTD:invarg.obj
 0001:000112a0       _get_invalid_parameter_handler 00000001400122a0 f   LIBCMTD:invarg.obj
 0001:000112e0       ?_invalid_parameter@@YAXPEBG00I_K@Z 00000001400122e0 f   LIBCMTD:invarg.obj
 0001:00011320       ?_invoke_watson@@YAXPEBG00I_K@Z 0000000140012320 f   LIBCMTD:invarg.obj
 0001:00011360       _dosmaperr                 0000000140012360 f   LIBCMTD:dosmap.obj
 0001:00011390       _get_errno_from_oserr      0000000140012390 f   LIBCMTD:dosmap.obj
 0001:00011420       _set_errno                 0000000140012420 f   LIBCMTD:dosmap.obj
 0001:00011460       _get_errno                 0000000140012460 f   LIBCMTD:dosmap.obj
 0001:00011510       _set_doserrno              0000000140012510 f   LIBCMTD:dosmap.obj
 0001:00011550       _get_doserrno              0000000140012550 f   LIBCMTD:dosmap.obj
 0001:00011600       _errno                     0000000140012600 f   LIBCMTD:dosmap.obj
 0001:00011630       __doserrno                 0000000140012630 f   LIBCMTD:dosmap.obj
 0001:00011660       _CrtSetReportHookW2        0000000140012660 f   LIBCMTD:dbgrptw.obj
 0001:00011a40       _CrtDbgReportW             0000000140012a40 f   LIBCMTD:dbgrptw.obj
 0001:00011ab0       _CrtDbgReportWV            0000000140012ab0 f i LIBCMTD:dbgrptw.obj
 0001:00011b00       __crtMessageWindowW        0000000140012b00 f   LIBCMTD:dbgrptw.obj
 0001:00012100       _invoke_watson_if_error    0000000140013100 f i LIBCMTD:dbgrptw.obj
 0001:00012150       _invoke_watson_if_oneof    0000000140013150 f i LIBCMTD:dbgrptw.obj
 0001:000121c0       ?_CrtDbgReportW@@YAHHPEBGH00ZZ 00000001400131c0 f   LIBCMTD:dbgrptw.obj
 0001:00012230       vwprintf_helper            0000000140013230 f   LIBCMTD:vwprintf.obj
 0001:00012350       _vwprintf_l                0000000140013350 f   LIBCMTD:vwprintf.obj
 0001:00012390       _vwprintf_s_l              0000000140013390 f   LIBCMTD:vwprintf.obj
 0001:000123d0       _vwprintf_p_l              00000001400133d0 f   LIBCMTD:vwprintf.obj
 0001:00012410       vwprintf                   0000000140013410 f   LIBCMTD:vwprintf.obj
 0001:00012440       vwprintf_s                 0000000140013440 f   LIBCMTD:vwprintf.obj
 0001:00012470       _vwprintf_p                0000000140013470 f   LIBCMTD:vwprintf.obj
 0001:000124a0       _winput_l                  00000001400134a0 f   LIBCMTD:winput.obj
 0001:000144e0       _INTRN_LOCALE_CONV         00000001400154e0 f i LIBCMTD:winput.obj
 0001:00014610       _winput_s_l                0000000140015610 f   LIBCMTD:winputs.obj
 0001:00016d60       _output_l                  0000000140017d60 f   LIBCMTD:output.obj
 0001:00018610       get_short_arg              0000000140019610 f i LIBCMTD:output.obj
 0001:00018680       vprintf_helper             0000000140019680 f   LIBCMTD:vprintf.obj
 0001:000187a0       _vprintf_l                 00000001400197a0 f   LIBCMTD:vprintf.obj
 0001:000187e0       _vprintf_s_l               00000001400197e0 f   LIBCMTD:vprintf.obj
 0001:00018820       _vprintf_p_l               0000000140019820 f   LIBCMTD:vprintf.obj
 0001:00018860       vprintf                    0000000140019860 f   LIBCMTD:vprintf.obj
 0001:00018890       vprintf_s                  0000000140019890 f   LIBCMTD:vprintf.obj
 0001:000188c0       _vprintf_p                 00000001400198c0 f   LIBCMTD:vprintf.obj
 0001:000188f0       __report_gsfailure         00000001400198f0 f   LIBCMTD:gs_report.obj
 0001:00018a40       _flsbuf                    0000000140019a40 f   LIBCMTD:_flsbuf.obj
 0001:00018db0       ?__CxxUnhandledExceptionFilter@@YAJPEAU_EXCEPTION_POINTERS@@@Z 0000000140019db0 f   LIBCMTD:unhandld.obj
 0001:00018e30       __CxxSetUnhandledExceptionFilter 0000000140019e30 f   LIBCMTD:unhandld.obj
 0001:00018e50       __security_init_cookie     0000000140019e50 f   LIBCMTD:gs_support.obj
 0001:00018f50       _initp_misc_winxfltr       0000000140019f50 f   LIBCMTD:winxfltr.obj
 0001:00018f60       __CppXcptFilter            0000000140019f60 f   LIBCMTD:winxfltr.obj
 0001:00018f90       _XcptFilter                0000000140019f90 f   LIBCMTD:winxfltr.obj
 0001:00019270       _crt_waiting_on_module_handle 000000014001a270 f   LIBCMTD:crt0dat.obj
 0001:000192e0       _cinit                     000000014001a2e0 f   LIBCMTD:crt0dat.obj
 0001:00019390       exit                       000000014001a390 f   LIBCMTD:crt0dat.obj
 0001:000193b0       _exit                      000000014001a3b0 f   LIBCMTD:crt0dat.obj
 0001:000193d0       _cexit                     000000014001a3d0 f   LIBCMTD:crt0dat.obj
 0001:000193f0       _c_exit                    000000014001a3f0 f   LIBCMTD:crt0dat.obj
 0001:00019410       _amsg_exit                 000000014001a410 f   LIBCMTD:crt0dat.obj
 0001:00019450       __freeCrtMemory            000000014001a450 f   LIBCMTD:crt0dat.obj
 0001:000197e0       __crtCorExitProcess        000000014001a7e0 f   LIBCMTD:crt0dat.obj
 0001:00019830       __crtExitProcess           000000014001a830 f   LIBCMTD:crt0dat.obj
 0001:00019850       _lockexit                  000000014001a850 f   LIBCMTD:crt0dat.obj
 0001:00019870       _unlockexit                000000014001a870 f   LIBCMTD:crt0dat.obj
 0001:00019890       _init_pointers             000000014001a890 f   LIBCMTD:crt0dat.obj
 0001:00019960       _initterm_e                000000014001a960 f   LIBCMTD:crt0dat.obj
 0001:000199c0       _get_wpgmptr               000000014001a9c0 f   LIBCMTD:crt0dat.obj
 0001:00019b20       _get_pgmptr                000000014001ab20 f   LIBCMTD:crt0dat.obj
 0001:00019c80       _wsetenvp                  000000014001ac80 f   LIBCMTD:wstdenvp.obj
 0001:00019e80       _wsetargv                  000000014001ae80 f   LIBCMTD:wstdargv.obj
 0001:0001a000       _set_wpgmptr               000000014001b000 f i LIBCMTD:wstdargv.obj
 0001:0001a3d0       __crtGetEnvironmentStringsW 000000014001b3d0 f   LIBCMTD:w_env.obj
 0001:0001a4b0       __crtGetCommandLineW       000000014001b4b0 f   LIBCMTD:aw_com.obj
 0001:0001a4c0       _ioinit                    000000014001b4c0 f   LIBCMTD:ioinit.obj
 0001:0001ab80       _ioterm                    000000014001bb80 f   LIBCMTD:ioinit.obj
 0001:0001ac60       _RTC_Initialize            000000014001bc60 f   LIBCMTD:_initsect_.obj
 0001:0001aca0       _RTC_Terminate             000000014001bca0 f   LIBCMTD:_initsect_.obj
 0001:0001ace0       _malloc_dbg                000000014001bce0 f   LIBCMTD:dbgheap.obj
 0001:0001ad30       _nh_malloc                 000000014001bd30 f   LIBCMTD:dbgheap.obj
 0001:0001ad70       _nh_malloc_dbg             000000014001bd70 f   LIBCMTD:dbgheap.obj
 0001:0001ae80       _heap_alloc                000000014001be80 f   LIBCMTD:dbgheap.obj
 0001:0001b360       _heap_alloc_dbg            000000014001c360 f   LIBCMTD:dbgheap.obj
 0001:0001b3e0       _calloc_dbg_impl           000000014001c3e0 f   LIBCMTD:dbgheap.obj
 0001:0001b510       _calloc_dbg                000000014001c510 f   LIBCMTD:dbgheap.obj
 0001:0001b5a0       _recalloc                  000000014001c5a0 f   LIBCMTD:dbgheap.obj
 0001:0001b5f0       _realloc_dbg               000000014001c5f0 f   LIBCMTD:dbgheap.obj
 0001:0001bef0       _recalloc_dbg              000000014001cef0 f   LIBCMTD:dbgheap.obj
 0001:0001c070       _expand                    000000014001d070 f   LIBCMTD:dbgheap.obj
 0001:0001c0b0       _expand_dbg                000000014001d0b0 f   LIBCMTD:dbgheap.obj
 0001:0001c1d0       _free_nolock               000000014001d1d0 f   LIBCMTD:dbgheap.obj
 0001:0001c1f0       _free_dbg                  000000014001d1f0 f   LIBCMTD:dbgheap.obj
 0001:0001c230       _free_dbg_nolock           000000014001d230 f   LIBCMTD:dbgheap.obj
 0001:0001c8b0       _msize                     000000014001d8b0 f   LIBCMTD:dbgheap.obj
 0001:0001c8d0       _msize_dbg                 000000014001d8d0 f   LIBCMTD:dbgheap.obj
 0001:0001cae0       _CrtSetBreakAlloc          000000014001dae0 f   LIBCMTD:dbgheap.obj
 0001:0001cb10       _CrtSetDbgBlockType        000000014001db10 f   LIBCMTD:dbgheap.obj
 0001:0001cbd0       _CrtSetAllocHook           000000014001dbd0 f   LIBCMTD:dbgheap.obj
 0001:0001cc00       _CrtGetAllocHook           000000014001dc00 f   LIBCMTD:dbgheap.obj
 0001:0001cc80       _CrtCheckMemory            000000014001dc80 f   LIBCMTD:dbgheap.obj
 0001:0001d220       _CrtSetDbgFlag             000000014001e220 f   LIBCMTD:dbgheap.obj
 0001:0001d350       _CrtDoForAllClientObjects  000000014001e350 f   LIBCMTD:dbgheap.obj
 0001:0001d470       _CrtIsValidPointer         000000014001e470 f   LIBCMTD:dbgheap.obj
 0001:0001d4b0       _CrtIsValidHeapPointer     000000014001e4b0 f   LIBCMTD:dbgheap.obj
 0001:0001d500       _CrtIsMemoryBlock          000000014001e500 f   LIBCMTD:dbgheap.obj
 0001:0001d680       _CrtReportBlockType        000000014001e680 f   LIBCMTD:dbgheap.obj
 0001:0001d6c0       _CrtSetDumpClient          000000014001e6c0 f   LIBCMTD:dbgheap.obj
 0001:0001d6f0       _CrtGetDumpClient          000000014001e6f0 f   LIBCMTD:dbgheap.obj
 0001:0001d700       _CrtMemCheckpoint          000000014001e700 f   LIBCMTD:dbgheap.obj
 0001:0001d980       _CrtMemDifference          000000014001e980 f   LIBCMTD:dbgheap.obj
 0001:0001dc90       _CrtMemDumpAllObjectsSince 000000014001ec90 f   LIBCMTD:dbgheap.obj
 0001:0001e300       _CrtDumpMemoryLeaks        000000014001f300 f   LIBCMTD:dbgheap.obj
 0001:0001e380       _CrtMemDumpStatistics      000000014001f380 f   LIBCMTD:dbgheap.obj
 0001:0001e510       _aligned_malloc            000000014001f510 f   LIBCMTD:dbgheap.obj
 0001:0001e540       _aligned_malloc_dbg        000000014001f540 f   LIBCMTD:dbgheap.obj
 0001:0001e580       _aligned_realloc           000000014001f580 f   LIBCMTD:dbgheap.obj
 0001:0001e5c0       _aligned_recalloc          000000014001f5c0 f   LIBCMTD:dbgheap.obj
 0001:0001e610       _aligned_realloc_dbg       000000014001f610 f   LIBCMTD:dbgheap.obj
 0001:0001e660       _aligned_recalloc_dbg      000000014001f660 f   LIBCMTD:dbgheap.obj
 0001:0001e6c0       _aligned_offset_malloc     000000014001f6c0 f   LIBCMTD:dbgheap.obj
 0001:0001e700       _aligned_offset_malloc_dbg 000000014001f700 f   LIBCMTD:dbgheap.obj
 0001:0001e990       _aligned_offset_realloc    000000014001f990 f   LIBCMTD:dbgheap.obj
 0001:0001e9e0       _aligned_offset_recalloc   000000014001f9e0 f   LIBCMTD:dbgheap.obj
 0001:0001ea40       _aligned_offset_realloc_dbg 000000014001fa40 f   LIBCMTD:dbgheap.obj
 0001:0001ee80       _aligned_offset_recalloc_dbg 000000014001fe80 f   LIBCMTD:dbgheap.obj
 0001:0001f020       _aligned_free              0000000140020020 f   LIBCMTD:dbgheap.obj
 0001:0001f040       _aligned_free_dbg          0000000140020040 f   LIBCMTD:dbgheap.obj
 0001:0001f120       _CrtSetDebugFillThreshold  0000000140020120 f   LIBCMTD:dbgheap.obj
 0001:0001f150       _CrtSetCheckCount          0000000140020150 f   LIBCMTD:dbgheap.obj
 0001:0001f170       _CrtGetCheckCount          0000000140020170 f   LIBCMTD:dbgheap.obj
 0001:0001f180       _aligned_msize             0000000140020180 f   LIBCMTD:dbgheap.obj
 0001:0001f1b0       _aligned_msize_dbg         00000001400201b0 f   LIBCMTD:dbgheap.obj
 0001:0001f360       _encode_pointer            0000000140020360 f   LIBCMTD:tidtable.obj
 0001:0001f390       _encoded_null              0000000140020390 f   LIBCMTD:tidtable.obj
 0001:0001f3a0       _decode_pointer            00000001400203a0 f   LIBCMTD:tidtable.obj
 0001:0001f3d0       __crtTlsAlloc              00000001400203d0 f   LIBCMTD:tidtable.obj
 0001:0001f3f0       __fls_getvalue             00000001400203f0 f   LIBCMTD:tidtable.obj
 0001:0001f410       __get_flsindex             0000000140020410 f   LIBCMTD:tidtable.obj
 0001:0001f420       __set_flsgetvalue          0000000140020420 f   LIBCMTD:tidtable.obj
 0001:0001f430       __fls_setvalue             0000000140020430 f   LIBCMTD:tidtable.obj
 0001:0001f460       _mtinit                    0000000140020460 f   LIBCMTD:tidtable.obj
 0001:0001f530       _mtterm                    0000000140020530 f   LIBCMTD:tidtable.obj
 0001:0001f560       _initptd                   0000000140020560 f   LIBCMTD:tidtable.obj
 0001:0001f650       _getptd_noexit             0000000140020650 f   LIBCMTD:tidtable.obj
 0001:0001f730       _getptd                    0000000140020730 f   LIBCMTD:tidtable.obj
 0001:0001f760       _freefls                   0000000140020760 f   LIBCMTD:tidtable.obj
 0001:0001f970       _freeptd                   0000000140020970 f   LIBCMTD:tidtable.obj
 0001:0001f9c0       __threadid                 00000001400209c0 f   LIBCMTD:tidtable.obj
 0001:0001f9d0       __threadhandle             00000001400209d0 f   LIBCMTD:tidtable.obj
 0001:0001f9e0       _heap_init                 00000001400209e0 f   LIBCMTD:heapinit.obj
 0001:0001fa60       _heap_term                 0000000140020a60 f   LIBCMTD:heapinit.obj
 0001:0001fa90       _get_heap_handle           0000000140020a90 f   LIBCMTD:heapinit.obj
 0001:0001fae0       _FF_MSGBANNER              0000000140020ae0 f   LIBCMTD:crt0msg.obj
 0001:0001fb30       _NMSG_WRITE                0000000140020b30 f   LIBCMTD:crt0msg.obj
 0001:0001fea0       _GET_RTERRMSG              0000000140020ea0 f   LIBCMTD:crt0msg.obj
 0001:0001ff10       _local_unwind              0000000140020f10 f   LIBCMTD:jmpuwind.obj
 0001:0001ff40       _NLG_Notify                0000000140020f40 f   LIBCMTD:jmpuwind.obj
 0001:0001ff60       __NLG_Dispatch2            0000000140020f60 f   LIBCMTD:jmpuwind.obj
 0001:0001ff70       __NLG_Return2              0000000140020f70 f   LIBCMTD:jmpuwind.obj
 0001:0001ff80       _ValidateImageBase         0000000140020f80 f   LIBCMTD:pesect.obj
 0001:00020000       _FindPESection             0000000140021000 f   LIBCMTD:pesect.obj
 0001:000200b0       _IsNonwritableInCurrentImage 00000001400210b0 f   LIBCMTD:pesect.obj
 0001:00020140       _fcloseall                 0000000140021140 f   LIBCMTD:closeall.obj
 0001:00020240       fflush                     0000000140021240 f   LIBCMTD:fflush.obj
 0001:00020290       _fflush_nolock             0000000140021290 f   LIBCMTD:fflush.obj
 0001:00020310       _flush                     0000000140021310 f   LIBCMTD:fflush.obj
 0001:00020400       _flushall                  0000000140021400 f   LIBCMTD:fflush.obj
 0001:00020590       _mtinitlocks               0000000140021590 f   LIBCMTD:mlock.obj
 0001:00020660       _mtdeletelocks             0000000140021660 f   LIBCMTD:mlock.obj
 0001:00020780       _mtinitlocknum             0000000140021780 f   LIBCMTD:mlock.obj
 0001:000208b0       _lock                      00000001400218b0 f   LIBCMTD:mlock.obj
 0001:00020910       _unlock                    0000000140021910 f   LIBCMTD:mlock.obj
 0001:00020940       _lockerr_exit              0000000140021940 f   LIBCMTD:mlock.obj
 0001:00020970       _isatty                    0000000140021970 f   LIBCMTD:isatty.obj
 0001:00020a90       _fileno                    0000000140021a90 f   LIBCMTD:fileno.obj
 0001:00020b40       _initp_misc_cfltcvt_tab    0000000140021b40 f   LIBCMTD:cmiscdat.obj
 0001:00020ba0       _isleadbyte_l              0000000140021ba0 f i LIBCMTD:_wctype.obj
 0001:00020c00       isleadbyte                 0000000140021c00 f i LIBCMTD:_wctype.obj
 0001:00020c20       _iswalpha_l                0000000140021c20 f i LIBCMTD:_wctype.obj
 0001:00020c50       iswalpha                   0000000140021c50 f i LIBCMTD:_wctype.obj
 0001:00020c70       _iswupper_l                0000000140021c70 f i LIBCMTD:_wctype.obj
 0001:00020ca0       iswupper                   0000000140021ca0 f i LIBCMTD:_wctype.obj
 0001:00020cc0       _iswlower_l                0000000140021cc0 f i LIBCMTD:_wctype.obj
 0001:00020cf0       iswlower                   0000000140021cf0 f i LIBCMTD:_wctype.obj
 0001:00020d10       _iswdigit_l                0000000140021d10 f i LIBCMTD:_wctype.obj
 0001:00020d40       iswdigit                   0000000140021d40 f i LIBCMTD:_wctype.obj
 0001:00020d60       _iswxdigit_l               0000000140021d60 f i LIBCMTD:_wctype.obj
 0001:00020d90       iswxdigit                  0000000140021d90 f i LIBCMTD:_wctype.obj
 0001:00020db0       _iswspace_l                0000000140021db0 f i LIBCMTD:_wctype.obj
 0001:00020de0       iswspace                   0000000140021de0 f i LIBCMTD:_wctype.obj
 0001:00020e00       _iswpunct_l                0000000140021e00 f i LIBCMTD:_wctype.obj
 0001:00020e30       iswpunct                   0000000140021e30 f i LIBCMTD:_wctype.obj
 0001:00020e50       _iswalnum_l                0000000140021e50 f i LIBCMTD:_wctype.obj
 0001:00020e80       iswalnum                   0000000140021e80 f i LIBCMTD:_wctype.obj
 0001:00020ea0       _iswprint_l                0000000140021ea0 f i LIBCMTD:_wctype.obj
 0001:00020ed0       iswprint                   0000000140021ed0 f i LIBCMTD:_wctype.obj
 0001:00020ef0       _iswgraph_l                0000000140021ef0 f i LIBCMTD:_wctype.obj
 0001:00020f20       iswgraph                   0000000140021f20 f i LIBCMTD:_wctype.obj
 0001:00020f40       _iswcntrl_l                0000000140021f40 f i LIBCMTD:_wctype.obj
 0001:00020f70       iswcntrl                   0000000140021f70 f i LIBCMTD:_wctype.obj
 0001:00020f90       iswascii                   0000000140021f90 f i LIBCMTD:_wctype.obj
 0001:00020fc0       _iswcsym_l                 0000000140021fc0 f i LIBCMTD:_wctype.obj
 0001:00021010       __iswcsym                  0000000140022010 f i LIBCMTD:_wctype.obj
 0001:00021050       _iswcsymf_l                0000000140022050 f i LIBCMTD:_wctype.obj
 0001:000210a0       __iswcsymf                 00000001400220a0 f i LIBCMTD:_wctype.obj
 0001:000210f0       strlen                     00000001400220f0 f   LIBCMTD:strlen.obj
 0001:000211a0       _mbtowc_l                  00000001400221a0 f   LIBCMTD:mbtowc.obj
 0001:000214c0       mbtowc                     00000001400224c0 f   LIBCMTD:mbtowc.obj
 0001:000214f0       __updatetmbcinfo           00000001400224f0 f   LIBCMTD:mbctype.obj
 0001:000215f0       _setmbcp                   00000001400225f0 f   LIBCMTD:mbctype.obj
 0001:000219d0       _setmbcp_nolock            00000001400229d0 f   LIBCMTD:mbctype.obj
 0001:00022430       _getmbcp                   0000000140023430 f   LIBCMTD:mbctype.obj
 0001:000224b0       __initmbctable             00000001400234b0 f   LIBCMTD:mbctype.obj
 0001:000224e0       ___setlc_active_func       00000001400234e0 f   LIBCMTD:setlocal.obj
 0001:000224f0       ___unguarded_readlc_active_add_func 00000001400234f0 f   LIBCMTD:setlocal.obj
 0001:00022500       __freetlocinfo             0000000140023500 f   LIBCMTD:setlocal.obj
 0001:00022880       __addlocaleref             0000000140023880 f   LIBCMTD:setlocal.obj
 0001:000229d0       __removelocaleref          00000001400239d0 f   LIBCMTD:setlocal.obj
 0001:00022b40       __updatetlocinfo           0000000140023b40 f   LIBCMTD:setlocal.obj
 0001:00022c80       _configthreadlocale        0000000140023c80 f   LIBCMTD:setlocal.obj
 0001:00022de0       _locterm                   0000000140023de0 f   LIBCMTD:setlocal.obj
 0001:00022e30       _free_locale               0000000140023e30 f   LIBCMTD:setlocal.obj
 0001:00022f40       __free_locale              0000000140023f40 f   LIBCMTD:setlocal.obj
 0001:00022f60       _create_locale             0000000140023f60 f   LIBCMTD:setlocal.obj
 0001:00023230       __create_locale            0000000140024230 f   LIBCMTD:setlocal.obj
 0001:00023250       _get_current_locale        0000000140024250 f   LIBCMTD:setlocal.obj
 0001:00023330       __get_current_locale       0000000140024330 f   LIBCMTD:setlocal.obj
 0001:00023340       setlocale                  0000000140024340 f   LIBCMTD:setlocal.obj
 0001:000245e0       _expandlocale              00000001400255e0 f   LIBCMTD:setlocal.obj
 0001:00024990       __init_dummy               0000000140025990 f   LIBCMTD:setlocal.obj
 0001:000249a0       _strcats                   00000001400259a0 f   LIBCMTD:setlocal.obj
 0001:00024a50       __lc_strtolc               0000000140025a50 f   LIBCMTD:setlocal.obj
 0001:00024cd0       __lc_lctostr               0000000140025cd0 f   LIBCMTD:setlocal.obj
 0001:00024da0       fputwc                     0000000140025da0 f   LIBCMTD:fputwc.obj
 0001:00024e90       _fputwc_nolock             0000000140025e90 f   LIBCMTD:fputwc.obj
 0001:00025290       putwc                      0000000140026290 f   LIBCMTD:fputwc.obj
 0001:000252c0       _CrtDefaultAllocHook       00000001400262c0 f   LIBCMTD:dbghook.obj
 0001:000252e0       __crt_debugger_hook        00000001400262e0 f   LIBCMTD:dbghook.obj
 0001:000252f0       _CrtDbgBreak               00000001400262f0 f   LIBCMTD:dbgrptt.obj
 0001:00025300       _CrtSetReportMode          0000000140026300 f   LIBCMTD:dbgrptt.obj
 0001:000254b0       _CrtSetReportFile          00000001400264b0 f   LIBCMTD:dbgrptt.obj
 0001:00025610       _CrtSetReportHook          0000000140026610 f   LIBCMTD:dbgrptt.obj
 0001:00025640       _CrtGetReportHook          0000000140026640 f   LIBCMTD:dbgrptt.obj
 0001:00025650       _VCrtDbgReportA            0000000140026650 f   LIBCMTD:dbgrptt.obj
 0001:00026060       _VCrtDbgReportW            0000000140027060 f   LIBCMTD:dbgrptt.obj
 0001:00026bd0       _initp_misc_winsig         0000000140027bd0 f   LIBCMTD:winsig.obj
 0001:00026c10       signal                     0000000140027c10 f   LIBCMTD:winsig.obj
 0001:000270f0       raise                      00000001400280f0 f   LIBCMTD:winsig.obj
 0001:00027530       __get_sigabrt              0000000140028530 f   LIBCMTD:winsig.obj
 0001:00027550       __fpecode                  0000000140028550 f   LIBCMTD:winsig.obj
 0001:00027570       __pxcptinfoptrs            0000000140028570 f   LIBCMTD:winsig.obj
 0001:00027590       __crtMessageBoxW           0000000140028590 f   LIBCMTD:crtmboxw.obj
 0001:00027860       _swprintf                  0000000140028860 f   LIBCMTD:swprintf.obj
 0001:00027b20       __swprintf_l               0000000140028b20 f   LIBCMTD:swprintf.obj
 0001:00027b60       swprintf_s                 0000000140028b60 f   LIBCMTD:swprintf.obj
 0001:00027bb0       _snwprintf_s               0000000140028bb0 f   LIBCMTD:swprintf.obj
 0001:00027c10       _swprintf_p                0000000140028c10 f   LIBCMTD:swprintf.obj
 0001:00027c60       _swprintf_s_l              0000000140028c60 f   LIBCMTD:swprintf.obj
 0001:00027cb0       _snwprintf_s_l             0000000140028cb0 f   LIBCMTD:swprintf.obj
 0001:00027d10       _swprintf_p_l              0000000140028d10 f   LIBCMTD:swprintf.obj
 0001:00027d60       _scwprintf                 0000000140028d60 f   LIBCMTD:swprintf.obj
 0001:00027da0       _scwprintf_p               0000000140028da0 f   LIBCMTD:swprintf.obj
 0001:00027de0       _scwprintf_l               0000000140028de0 f   LIBCMTD:swprintf.obj
 0001:00027e20       _scwprintf_p_l             0000000140028e20 f   LIBCMTD:swprintf.obj
 0001:00027e60       memcpy_s                   0000000140028e60 f   LIBCMTD:memcpy_s.obj
 0001:000280b0       wcscpy_s                   00000001400290b0 f   LIBCMTD:wcscpy_s.obj
 0001:00028520       _woutput_s_l               0000000140029520 f   LIBCMTD:woutputs.obj
 0001:00029c50       _validate_param_reuseW     000000014002ac50 f   LIBCMTD:woutputp.obj
 0001:00029fc0       _woutput_p_l               000000014002afc0 f   LIBCMTD:woutputp.obj
 0001:0002e240       _wcstombs_l_helper         000000014002f240 f   LIBCMTD:wcstombs.obj
 0001:0002ea10       _wcstombs_l                000000014002fa10 f   LIBCMTD:wcstombs.obj
 0001:0002ea50       wcstombs                   000000014002fa50 f   LIBCMTD:wcstombs.obj
 0001:0002ea80       _wcstombs_s_l              000000014002fa80 f   LIBCMTD:wcstombs.obj
 0001:0002ef60       wcstombs_s                 000000014002ff60 f   LIBCMTD:wcstombs.obj
 0001:0002efb0       _isalpha_l                 000000014002ffb0 f i LIBCMTD:_ctype.obj
 0001:0002f050       isalpha                    0000000140030050 f i LIBCMTD:_ctype.obj
 0001:0002f090       _isupper_l                 0000000140030090 f i LIBCMTD:_ctype.obj
 0001:0002f130       isupper                    0000000140030130 f i LIBCMTD:_ctype.obj
 0001:0002f170       _islower_l                 0000000140030170 f i LIBCMTD:_ctype.obj
 0001:0002f210       islower                    0000000140030210 f i LIBCMTD:_ctype.obj
 0001:0002f250       _isdigit_l                 0000000140030250 f i LIBCMTD:_ctype.obj
 0001:0002f2f0       isdigit                    00000001400302f0 f i LIBCMTD:_ctype.obj
 0001:0002f330       _isxdigit_l                0000000140030330 f i LIBCMTD:_ctype.obj
 0001:0002f3d0       isxdigit                   00000001400303d0 f i LIBCMTD:_ctype.obj
 0001:0002f410       _isspace_l                 0000000140030410 f i LIBCMTD:_ctype.obj
 0001:0002f4b0       isspace                    00000001400304b0 f i LIBCMTD:_ctype.obj
 0001:0002f4f0       _ispunct_l                 00000001400304f0 f i LIBCMTD:_ctype.obj
 0001:0002f590       ispunct                    0000000140030590 f i LIBCMTD:_ctype.obj
 0001:0002f5d0       _isalnum_l                 00000001400305d0 f i LIBCMTD:_ctype.obj
 0001:0002f670       isalnum                    0000000140030670 f i LIBCMTD:_ctype.obj
 0001:0002f6b0       _isprint_l                 00000001400306b0 f i LIBCMTD:_ctype.obj
 0001:0002f750       isprint                    0000000140030750 f i LIBCMTD:_ctype.obj
 0001:0002f790       _isgraph_l                 0000000140030790 f i LIBCMTD:_ctype.obj
 0001:0002f830       isgraph                    0000000140030830 f i LIBCMTD:_ctype.obj
 0001:0002f870       _iscntrl_l                 0000000140030870 f i LIBCMTD:_ctype.obj
 0001:0002f910       iscntrl                    0000000140030910 f i LIBCMTD:_ctype.obj
 0001:0002f950       __isascii                  0000000140030950 f i LIBCMTD:_ctype.obj
 0001:0002f980       __toascii                  0000000140030980 f i LIBCMTD:_ctype.obj
 0001:0002f990       _iscsymf_l                 0000000140030990 f i LIBCMTD:_ctype.obj
 0001:0002f9e0       __iscsymf                  00000001400309e0 f i LIBCMTD:_ctype.obj
 0001:0002fa20       _iscsym_l                  0000000140030a20 f i LIBCMTD:_ctype.obj
 0001:0002fa70       __iscsym                   0000000140030a70 f i LIBCMTD:_ctype.obj
 0001:0002fab0       _wctomb_s_l                0000000140030ab0 f   LIBCMTD:wctomb.obj
 0001:0002ff50       wctomb_s                   0000000140030f50 f   LIBCMTD:wctomb.obj
 0001:0002ffa0       _wctomb_l                  0000000140030fa0 f   LIBCMTD:wctomb.obj
 0001:00030050       wctomb                     0000000140031050 f   LIBCMTD:wctomb.obj
 0001:000300d0       memset                     00000001400310d0 f   LIBCMTD:memset.obj
 0001:000301c0       _iswctype_l                00000001400311c0 f   LIBCMTD:iswctype.obj
 0001:000302c0       iswctype                   00000001400312c0 f   LIBCMTD:iswctype.obj
 0001:00030370       is_wctype                  0000000140031370 f   LIBCMTD:iswctype.obj
 0001:000303a0       fgetwc                     00000001400313a0 f   LIBCMTD:fgetwc.obj
 0001:00030480       _fgetwc_nolock             0000000140031480 f   LIBCMTD:fgetwc.obj
 0001:00030900       getwc                      0000000140031900 f   LIBCMTD:fgetwc.obj
 0001:00030920       ungetwc                    0000000140031920 f   LIBCMTD:ungetwc.obj
 0001:00030a00       _ungetwc_nolock            0000000140031a00 f   LIBCMTD:ungetwc.obj
 0001:00030eb0       _output_s_l                0000000140031eb0 f   LIBCMTD:outputs.obj
 0001:00032900       _validate_param_reuseA     0000000140033900 f   LIBCMTD:outputp.obj
 0001:00032c70       _output_p_l                0000000140033c70 f   LIBCMTD:outputp.obj
 0001:00037490       get_crtdouble_arg          0000000140038490 f i LIBCMTD:outputp.obj
 0001:00037500       _lseeki64                  0000000140038500 f   LIBCMTD:lseeki64.obj
 0001:00037790       _lseeki64_nolock           0000000140038790 f   LIBCMTD:lseeki64.obj
 0001:000378c0       _write                     00000001400388c0 f   LIBCMTD:write.obj
 0001:00037b40       _write_nolock              0000000140038b40 f   LIBCMTD:write.obj
 0001:00038bb0       _getbuf                    0000000140039bb0 f   LIBCMTD:_getbuf.obj
 0001:00038cb0       _initp_eh_hooks            0000000140039cb0 f   LIBCMTD:hooks.obj
 0001:00038ce0       ?terminate@@YAXXZ          0000000140039ce0 f   LIBCMTD:hooks.obj
 0001:00038d10       ?unexpected@@YAXXZ         0000000140039d10 f   LIBCMTD:hooks.obj
 0001:00038d40       ?_inconsistency@@YAXXZ     0000000140039d40 f   LIBCMTD:hooks.obj
 0001:00038d70       _onexit                    0000000140039d70 f   LIBCMTD:onexit.obj
 0001:00038f60       atexit                     0000000140039f60 f   LIBCMTD:onexit.obj
 0001:00038fa0       __onexitinit               0000000140039fa0 f   LIBCMTD:onexit.obj
 0001:00039010       _initp_misc_rand_s         000000014003a010 f   LIBCMTD:rand_s.obj
 0001:00039030       rand_s                     000000014003a030 f   LIBCMTD:rand_s.obj
 0001:00039300       __getlocaleinfo            000000014003a300 f   LIBCMTD:inithelp.obj
 0001:00039690       _initp_misc_purevirt       000000014003a690 f   LIBCMTD:inithelp.obj
 0001:000396b0       _initp_misc_initcrit       000000014003a6b0 f   LIBCMTD:initcrit.obj
 0001:000396d0       __crtInitCritSecAndSpinCount 000000014003a6d0 f   LIBCMTD:initcrit.obj
 0001:00039720       _initp_heap_handler        000000014003a720 f   LIBCMTD:handler.obj
 0001:00039740       ?_set_new_handler@@YAP6AH_K@ZP6AH0@Z@Z 000000014003a740 f   LIBCMTD:handler.obj
 0001:00039790       ?_set_new_handler@@YAP6AH_K@ZH@Z 000000014003a790 f   LIBCMTD:handler.obj
 0001:000397e0       ?_query_new_handler@@YAP6AH_K@ZXZ 000000014003a7e0 f   LIBCMTD:handler.obj
 0001:00039800       _callnewh                  000000014003a800 f   LIBCMTD:handler.obj
 0001:00039840       _malloc_base               000000014003a840 f   LIBCMTD:malloc.obj
 0001:000398e0       _heap_alloc_base           000000014003a8e0 f i LIBCMTD:malloc.obj
 0001:00039950       _CrtSetReportHook2         000000014003a950 f   LIBCMTD:dbgrpt.obj
 0001:00039d30       _CrtDbgReport              000000014003ad30 f   LIBCMTD:dbgrpt.obj
 0001:00039da0       _CrtDbgReportV             000000014003ada0 f i LIBCMTD:dbgrpt.obj
 0001:00039df0       __crtMessageWindowA        000000014003adf0 f   LIBCMTD:dbgrpt.obj
 0001:0003a3e0       _expand_base               000000014003b3e0 f   LIBCMTD:expand.obj
 0001:0003a5b0       _realloc_base              000000014003b5b0 f   LIBCMTD:realloc.obj
 0001:0003a6c0       _free_base                 000000014003b6c0 f   LIBCMTD:free.obj
 0001:0003a720       _heapchk                   000000014003b720 f   LIBCMTD:heapchk.obj
 0001:0003a780       _heapset                   000000014003b780 f   LIBCMTD:heapchk.obj
 0001:0003a7a0       sprintf                    000000014003b7a0 f   LIBCMTD:sprintf.obj
 0001:0003aa00       _sprintf_l                 000000014003ba00 f   LIBCMTD:sprintf.obj
 0001:0003aa40       sprintf_s                  000000014003ba40 f   LIBCMTD:sprintf.obj
 0001:0003aa90       _sprintf_s_l               000000014003ba90 f   LIBCMTD:sprintf.obj
 0001:0003aae0       _snprintf_s                000000014003bae0 f   LIBCMTD:sprintf.obj
 0001:0003ab40       _snprintf_s_l              000000014003bb40 f   LIBCMTD:sprintf.obj
 0001:0003aba0       _sprintf_p                 000000014003bba0 f   LIBCMTD:sprintf.obj
 0001:0003abf0       _sprintf_p_l               000000014003bbf0 f   LIBCMTD:sprintf.obj
 0001:0003ac40       _scprintf                  000000014003bc40 f   LIBCMTD:sprintf.obj
 0001:0003ac80       _scprintf_p                000000014003bc80 f   LIBCMTD:sprintf.obj
 0001:0003acc0       _scprintf_l                000000014003bcc0 f   LIBCMTD:sprintf.obj
 0001:0003ad00       _scprintf_p_l              000000014003bd00 f   LIBCMTD:sprintf.obj
 0001:0003ad40       _chvalidator               000000014003bd40 f   LIBCMTD:isctype.obj
 0001:0003ada0       _chvalidator_l             000000014003bda0 f   LIBCMTD:isctype.obj
 0001:0003ae90       _isctype_l                 000000014003be90 f   LIBCMTD:isctype.obj
 0001:0003b020       _isctype                   000000014003c020 f   LIBCMTD:isctype.obj
 0001:0003b070       _set_error_mode            000000014003c070 f   LIBCMTD:errmode.obj
 0001:0003b170       __set_app_type             000000014003c170 f   LIBCMTD:errmode.obj
 0001:0003b180       __get_app_type             000000014003c180 f   LIBCMTD:errmode.obj
 0001:0003b190       __crtMessageBoxA           000000014003c190 f   LIBCMTD:crtmbox.obj
 0001:0003b460       strcat_s                   000000014003c460 f   LIBCMTD:strcat_s.obj
 0001:0003ba40       strncpy_s                  000000014003ca40 f   LIBCMTD:strncpy_s.obj
 0001:0003c080       strcpy_s                   000000014003d080 f   LIBCMTD:strcpy_s.obj
 0001:0003c4f0       fclose                     000000014003d4f0 f   LIBCMTD:fclose.obj
 0001:0003c5f0       _fclose_nolock             000000014003d5f0 f   LIBCMTD:fclose.obj
 0001:0003c730       _commit                    000000014003d730 f   LIBCMTD:commit.obj
 0001:0003c9a0       DebuggerKnownHandle        000000014003d9a0 f   LIBCMTD:_error_.obj
 0001:0003ca20       ?_RTC_Failure@@YAXPEAXH@Z  000000014003da20 f   LIBCMTD:_error_.obj
 0001:0003cd30       ?_RTC_StackFailure@@YAXPEAXPEBD@Z 000000014003dd30 f   LIBCMTD:_error_.obj
 0001:0003ce40       ?_RTC_AllocaFailure@@YAXPEAXPEAU_RTC_ALLOCA_NODE@@H@Z 000000014003de40 f   LIBCMTD:_error_.obj
 0001:0003d090       _RTC_UninitUse             000000014003e090 f   LIBCMTD:_error_.obj
 0001:0003d1a0       _fptrap                    000000014003e1a0 f   LIBCMTD:crt0fp.obj
 0001:0003d1c0       ?_GetEstablisherFrame@@YAPEA_KPEA_KPEAU_xDISPATCHER_CONTEXT@@PEBU_s_FuncInfo@@0@Z 000000014003e1c0 f   LIBCMTD:trnsctrl.obj
 0001:0003d340       _GetImageBase              000000014003e340 f   LIBCMTD:trnsctrl.obj
 0001:0003d360       _GetThrowImageBase         000000014003e360 f   LIBCMTD:trnsctrl.obj
 0001:0003d380       _SetImageBase              000000014003e380 f   LIBCMTD:trnsctrl.obj
 0001:0003d3b0       _SetThrowImageBase         000000014003e3b0 f   LIBCMTD:trnsctrl.obj
 0001:0003d3e0       _MoveContext               000000014003e3e0 f   LIBCMTD:trnsctrl.obj
 0001:0003d410       ?_ExecutionInCatch@@YAHPEAU_xDISPATCHER_CONTEXT@@PEBU_s_FuncInfo@@@Z 000000014003e410 f   LIBCMTD:trnsctrl.obj
 0001:0003d500       ?__FrameUnwindToEmptyState@@YAXPEA_KPEAU_xDISPATCHER_CONTEXT@@PEBU_s_FuncInfo@@@Z 000000014003e500 f   LIBCMTD:trnsctrl.obj
 0001:0003d5a0       __CxxFrameHandler3         000000014003e5a0 f   LIBCMTD:trnsctrl.obj
 0001:0003d670       __CxxFrameHandler2         000000014003e670 f   LIBCMTD:trnsctrl.obj
 0001:0003d6b0       __CxxFrameHandler          000000014003e6b0 f   LIBCMTD:trnsctrl.obj
 0001:0003d780       ?__SehTransFilter@@YAHPEAU_EXCEPTION_POINTERS@@PEAUEHExceptionRecord@@PEA_KPEAU_CONTEXT@@PEAU_xDISPATCHER_CONTEXT@@PEBU_s_FuncInfo@@PEAH@Z 000000014003e780 f   LIBCMTD:trnsctrl.obj
 0001:0003d830       _CallSETranslator          000000014003e830 f   LIBCMTD:trnsctrl.obj
 0001:0003d8b0       ?_GetRangeOfTrysToCheck@@YAPEBU_s_TryBlockMapEntry@@PEA_KPEBU_s_FuncInfo@@HHPEAI2PEAU_xDISPATCHER_CONTEXT@@@Z 000000014003e8b0 f   LIBCMTD:trnsctrl.obj
 0001:0003dad0       _CreateFrameInfo           000000014003ead0 f   LIBCMTD:trnsctrl.obj
 0001:0003db50       _IsExceptionObjectToBeDestroyed 000000014003eb50 f   LIBCMTD:trnsctrl.obj
 0001:0003dbb0       _FindAndUnlinkFrame        000000014003ebb0 f   LIBCMTD:trnsctrl.obj
 0001:0003dc40       _UnwindNestedFrames        000000014003ec40 f   LIBCMTD:trnsctrl.obj
 0001:0003dd50       __crtLCMapStringA          000000014003ed50 f   LIBCMTD:a_map.obj
 0001:0003e5b0       _MarkAllocaS               000000014003f5b0 f i LIBCMTD:a_map.obj
 0001:0003e5e0       _freea                     000000014003f5e0 f i LIBCMTD:a_map.obj
 0001:0003e6d0       __crtGetStringTypeA        000000014003f6d0 f   LIBCMTD:a_str.obj
 0001:0003ea90       __pwctype_func             000000014003fa90 f   LIBCMTD:ctype.obj
 0001:0003eaa0       __pctype_func              000000014003faa0 f   LIBCMTD:ctype.obj
 0001:0003eb00       __init_time                000000014003fb00 f   LIBCMTD:inittime.obj
 0001:0003f630       __free_lc_time             0000000140040630 f   LIBCMTD:inittime.obj
 0001:0003f9d0       __init_numeric             00000001400409d0 f   LIBCMTD:initnum.obj
 0001:0003fe80       __free_lconv_num           0000000140040e80 f   LIBCMTD:initnum.obj
 0001:0003ff10       __init_monetary            0000000140040f10 f   LIBCMTD:initmon.obj
 0001:00040620       __free_lconv_mon           0000000140041620 f   LIBCMTD:initmon.obj
 0001:00040740       __init_ctype               0000000140041740 f   LIBCMTD:initctyp.obj
 0001:00040fa0       ___mb_cur_max_func         0000000140041fa0 f   LIBCMTD:initctyp.obj
 0001:00041000       ___mb_cur_max_l_func       0000000140042000 f   LIBCMTD:initctyp.obj
 0001:00041040       ___lc_codepage_func        0000000140042040 f   LIBCMTD:initctyp.obj
 0001:000410a0       ___lc_collate_cp_func      00000001400420a0 f   LIBCMTD:initctyp.obj
 0001:00041100       ___lc_handle_func          0000000140042100 f   LIBCMTD:initctyp.obj
 0001:00041160       __init_collate             0000000140042160 f   LIBCMTD:initcoll.obj
 0001:00041170       _Getdays_l                 0000000140042170 f   LIBCMTD:strftime.obj
 0001:000413d0       _Getdays                   00000001400423d0 f   LIBCMTD:strftime.obj
 0001:000413e0       _Getmonths_l               00000001400423e0 f   LIBCMTD:strftime.obj
 0001:00041640       _Getmonths                 0000000140042640 f   LIBCMTD:strftime.obj
 0001:00041650       _Gettnames_l               0000000140042650 f   LIBCMTD:strftime.obj
 0001:00041d80       _Gettnames                 0000000140042d80 f   LIBCMTD:strftime.obj
 0001:00041d90       _strftime_l                0000000140042d90 f   LIBCMTD:strftime.obj
 0001:00041de0       strftime                   0000000140042de0 f   LIBCMTD:strftime.obj
 0001:00041e30       _Strftime                  0000000140042e30 f   LIBCMTD:strftime.obj
 0001:00041e80       _Strftime_l                0000000140042e80 f   LIBCMTD:strftime.obj
 0001:00044a40       localeconv                 0000000140045a40 f   LIBCMTD:lconv.obj
 0001:00044ab0       strcmp                     0000000140045ab0 f   LIBCMTD:strcmp.obj
 0001:00044b60       strcspn                    0000000140045b60 f   LIBCMTD:strcspn.obj
 0001:00044c90       strncmp                    0000000140045c90 f   LIBCMTD:strncmp.obj
 0001:00044d50       strpbrk                    0000000140045d50 f   LIBCMTD:strpbrk.obj
 0001:00044e70       memcmp                     0000000140045e70 f   LIBCMTD:memcmp.obj
 0001:00044f40       __get_qualified_locale     0000000140045f40 f   LIBCMTD:getqloc.obj
 0001:000461a0       _flswbuf                   00000001400471a0 f   LIBCMTD:_flswbuf.obj
 0001:00046530       __GSHandlerCheck_SEH       0000000140047530 f   LIBCMTD:gshandlerseh.obj
 0001:000465f0       _mbstowcs_l_helper         00000001400475f0 f   LIBCMTD:mbstowcs.obj
 0001:00046b20       _mbstowcs_l                0000000140047b20 f   LIBCMTD:mbstowcs.obj
 0001:00046b60       mbstowcs                   0000000140047b60 f   LIBCMTD:mbstowcs.obj
 0001:00046bc0       _mbstowcs_s_l              0000000140047bc0 f   LIBCMTD:mbstowcs.obj
 0001:00047150       mbstowcs_s                 0000000140048150 f   LIBCMTD:mbstowcs.obj
 0001:000471a0       _vsnprintf_helper          00000001400481a0 f   LIBCMTD:vsnprnc.obj
 0001:00047450       _vsnprintf_c               0000000140048450 f   LIBCMTD:vsnprnc.obj
 0001:000474c0       _vsnprintf_c_l             00000001400484c0 f   LIBCMTD:vsnprnc.obj
 0001:00047530       _vsprintf_s_l              0000000140048530 f   LIBCMTD:vsnprnc.obj
 0001:00047880       vsprintf_s                 0000000140048880 f   LIBCMTD:vsnprnc.obj
 0001:000478c0       _vsnprintf_s_l             00000001400488c0 f   LIBCMTD:vsnprnc.obj
 0001:00047e30       _vsnprintf_s               0000000140048e30 f   LIBCMTD:vsnprnc.obj
 0001:00047e80       _vsprintf_p                0000000140048e80 f   LIBCMTD:vsnprnc.obj
 0001:00047ef0       _vsprintf_p_l              0000000140048ef0 f   LIBCMTD:vsnprnc.obj
 0001:00047f60       _itoa_s                    0000000140048f60 f   LIBCMTD:xtoas.obj
 0001:00048560       _ltoa_s                    0000000140049560 f   LIBCMTD:xtoas.obj
 0001:000485c0       _ultoa_s                   00000001400495c0 f   LIBCMTD:xtoas.obj
 0001:00048600       _i64toa_s                  0000000140049600 f   LIBCMTD:xtoas.obj
 0001:00048be0       _ui64toa_s                 0000000140049be0 f   LIBCMTD:xtoas.obj
 0001:00048c20       wcscat_s                   0000000140049c20 f   LIBCMTD:wcscat_s.obj
 0001:00049210       _vswprintf_helper          000000014004a210 f   LIBCMTD:vswprnc.obj
 0001:00049540       _vswprintf_c               000000014004a540 f   LIBCMTD:vswprnc.obj
 0001:000495b0       _vswprintf_c_l             000000014004a5b0 f   LIBCMTD:vswprnc.obj
 0001:00049620       _vswprintf_s_l             000000014004a620 f   LIBCMTD:vswprnc.obj
 0001:00049980       vswprintf_s                000000014004a980 f   LIBCMTD:vswprnc.obj
 0001:000499c0       _vsnwprintf_s_l            000000014004a9c0 f   LIBCMTD:vswprnc.obj
 0001:00049f40       _vsnwprintf_s              000000014004af40 f   LIBCMTD:vswprnc.obj
 0001:00049f90       _vswprintf_p               000000014004af90 f   LIBCMTD:vswprnc.obj
 0001:0004a000       _vswprintf_p_l             000000014004b000 f   LIBCMTD:vswprnc.obj
 0001:0004a070       _itow_s                    000000014004b070 f   LIBCMTD:xtows.obj
 0001:0004a680       _ltow_s                    000000014004b680 f   LIBCMTD:xtows.obj
 0001:0004a6e0       _ultow_s                   000000014004b6e0 f   LIBCMTD:xtows.obj
 0001:0004a720       _i64tow_s                  000000014004b720 f   LIBCMTD:xtows.obj
 0001:0004ad20       _ui64tow_s                 000000014004bd20 f   LIBCMTD:xtows.obj
 0001:0004ad60       _vswprintf_l               000000014004bd60 f   LIBCMTD:vswprint.obj
 0001:0004b010       _vswprintf                 000000014004c010 f   LIBCMTD:vswprint.obj
 0001:0004b040       __vswprintf_l              000000014004c040 f   LIBCMTD:vswprint.obj
 0001:0004b080       _vscwprintf_helper         000000014004c080 f   LIBCMTD:vswprint.obj
 0001:0004b1b0       _vscwprintf                000000014004c1b0 f   LIBCMTD:vswprint.obj
 0001:0004b1e0       _vscwprintf_l              000000014004c1e0 f   LIBCMTD:vswprint.obj
 0001:0004b220       _vscwprintf_p              000000014004c220 f   LIBCMTD:vswprint.obj
 0001:0004b250       _vscwprintf_p_l            000000014004c250 f   LIBCMTD:vswprint.obj
 0001:0004b290       wcstol                     000000014004c290 f   LIBCMTD:wcstol.obj
 0001:0004b8b0       _wcstol_l                  000000014004c8b0 f   LIBCMTD:wcstol.obj
 0001:0004b8f0       wcstoul                    000000014004c8f0 f   LIBCMTD:wcstol.obj
 0001:0004b960       _wcstoul_l                 000000014004c960 f   LIBCMTD:wcstol.obj
 0001:0004b9a0       __crtGetStringTypeW        000000014004c9a0 f   LIBCMTD:w_str.obj
 0001:0004ba70       _filwbuf                   000000014004ca70 f   LIBCMTD:_filwbuf.obj
 0001:0004bd90       ungetc                     000000014004cd90 f   LIBCMTD:ungetc.obj
 0001:0004be70       _ungetc_nolock             000000014004ce70 f   LIBCMTD:ungetc.obj
 0001:0004c150       _filbuf                    000000014004d150 f   LIBCMTD:_filbuf.obj
 0001:0004c460       strtol                     000000014004d460 f   LIBCMTD:strtol.obj
 0001:0004cba0       _strtol_l                  000000014004dba0 f   LIBCMTD:strtol.obj
 0001:0004cbe0       strtoul                    000000014004dbe0 f   LIBCMTD:strtol.obj
 0001:0004cc50       _strtoul_l                 000000014004dc50 f   LIBCMTD:strtol.obj
 0001:0004cc90       _alloc_osfhnd              000000014004dc90 f   LIBCMTD:osfinfo.obj
 0001:0004cf80       _set_osfhnd                000000014004df80 f   LIBCMTD:osfinfo.obj
 0001:0004d090       _free_osfhnd               000000014004e090 f   LIBCMTD:osfinfo.obj
 0001:0004d1c0       _get_osfhandle             000000014004e1c0 f   LIBCMTD:osfinfo.obj
 0001:0004d3b0       _open_osfhandle            000000014004e3b0 f   LIBCMTD:osfinfo.obj
 0001:0004d620       __lock_fhandle             000000014004e620 f   LIBCMTD:osfinfo.obj
 0001:0004d700       _unlock_fhandle            000000014004e700 f   LIBCMTD:osfinfo.obj
 0001:0004d740       _putwch                    000000014004e740 f   LIBCMTD:putwch.obj
 0001:0004d780       _putwch_nolock             000000014004e780 f   LIBCMTD:putwch.obj
 0001:0004d8d0       _cputws                    000000014004e8d0 f   LIBCMTD:putwch.obj
 0001:0004da10       abort                      000000014004ea10 f   LIBCMTD:abort.obj
 0001:0004dae0       _set_abort_behavior        000000014004eae0 f   LIBCMTD:abort.obj
 0001:0004db20       __crtGetLocaleInfoW        000000014004eb20 f   LIBCMTD:w_loc.obj
 0001:0004dbe0       __crtGetLocaleInfoA        000000014004ebe0 f   LIBCMTD:a_loc.obj
 0001:0004de90       _vsprintf_l                000000014004ee90 f   LIBCMTD:vsprintf.obj
 0001:0004e0d0       vsprintf                   000000014004f0d0 f   LIBCMTD:vsprintf.obj
 0001:0004e100       _vscprintf_helper          000000014004f100 f   LIBCMTD:vsprintf.obj
 0001:0004e230       _vscprintf                 000000014004f230 f   LIBCMTD:vsprintf.obj
 0001:0004e260       _vscprintf_l               000000014004f260 f   LIBCMTD:vsprintf.obj
 0001:0004e2a0       _vscprintf_p               000000014004f2a0 f   LIBCMTD:vsprintf.obj
 0001:0004e2d0       _vscprintf_p_l             000000014004f2d0 f   LIBCMTD:vsprintf.obj
 0001:0004e310       _close                     000000014004f310 f   LIBCMTD:close.obj
 0001:0004e570       _close_nolock              000000014004f570 f   LIBCMTD:close.obj
 0001:0004e660       _freebuf                   000000014004f660 f   LIBCMTD:_freebuf.obj
 0001:0004e720       ?_RTC_GetSrcLine@@YAHPEAEPEA_WKPEAH1K@Z 000000014004f720 f   LIBCMTD:_pdblkup_.obj
 0001:0004ed50       _RTC_NumErrors             000000014004fd50 f   LIBCMTD:_userapi_.obj
 0001:0004ed60       _RTC_GetErrDesc            000000014004fd60 f   LIBCMTD:_userapi_.obj
 0001:0004ed80       _RTC_SetErrorType          000000014004fd80 f   LIBCMTD:_userapi_.obj
 0001:0004eda0       _RTC_SetErrorFunc          000000014004fda0 f   LIBCMTD:_userapi_.obj
 0001:0004edc0       _RTC_SetErrorFuncW         000000014004fdc0 f   LIBCMTD:_userapi_.obj
 0001:0004ede0       ?_RTC_GetErrorFunc@@YAP6AHHPEBDH00ZZPEBX@Z 000000014004fde0 f   LIBCMTD:_userapi_.obj
 0001:0004edf0       ?_RTC_GetErrorFuncW@@YAP6AHHPEB_WH00ZZPEBX@Z 000000014004fdf0 f   LIBCMTD:_userapi_.obj
 0001:0004ee00       ?__StateFromIp@@YAHPEBU_s_FuncInfo@@PEAU_xDISPATCHER_CONTEXT@@_J@Z 000000014004fe00 f   LIBCMTD:ehstate.obj
 0001:0004eee0       ?__StateFromControlPc@@YAHPEBU_s_FuncInfo@@PEAU_xDISPATCHER_CONTEXT@@@Z 000000014004fee0 f   LIBCMTD:ehstate.obj
 0001:0004ef10       ?__GetCurrentState@@YAHPEA_KPEAU_xDISPATCHER_CONTEXT@@PEBU_s_FuncInfo@@@Z 000000014004ff10 f   LIBCMTD:ehstate.obj
 0001:0004ef70       ?__SetState@@YAXPEA_KPEAU_xDISPATCHER_CONTEXT@@PEBU_s_FuncInfo@@H@Z 000000014004ff70 f   LIBCMTD:ehstate.obj
 0001:0004efa0       ?__SetUnwindTryBlock@@YAXPEA_KPEAU_xDISPATCHER_CONTEXT@@PEBU_s_FuncInfo@@H@Z 000000014004ffa0 f   LIBCMTD:ehstate.obj
 0001:0004f010       ?__GetUnwindTryBlock@@YAHPEA_KPEAU_xDISPATCHER_CONTEXT@@PEBU_s_FuncInfo@@@Z 0000000140050010 f   LIBCMTD:ehstate.obj
 0001:0004f060       __InternalCxxFrameHandler  0000000140050060 f   LIBCMTD:frame.obj
 0001:0004fc30       ??0bad_exception@std@@QEAA@PEBD@Z 0000000140050c30 f i LIBCMTD:frame.obj
 0001:0004fc70       ??1bad_exception@std@@UEAA@XZ 0000000140050c70 f i LIBCMTD:frame.obj
 0001:0004fca0       ??_Ebad_exception@std@@UEAAPEAXI@Z 0000000140050ca0 f i LIBCMTD:frame.obj
 0001:0004fca0       ??_Gbad_exception@std@@UEAAPEAXI@Z 0000000140050ca0 f i LIBCMTD:frame.obj
 0001:0004fce0       ??0bad_exception@std@@QEAA@AEBV01@@Z 0000000140050ce0 f i LIBCMTD:frame.obj
 0001:00050070       __TypeMatch                0000000140051070 f   LIBCMTD:frame.obj
 0001:00050250       __FrameUnwindFilter        0000000140051250 f   LIBCMTD:frame.obj
 0001:000502e0       __FrameUnwindToState       00000001400512e0 f   LIBCMTD:frame.obj
 0001:00050620       __CxxCallCatchBlock        0000000140051620 f   LIBCMTD:frame.obj
 0001:000509d0       __BuildCatchObjectHelper   00000001400519d0 f   LIBCMTD:frame.obj
 0001:00050d20       __BuildCatchObject         0000000140051d20 f   LIBCMTD:frame.obj
 0001:00050e60       __DestructExceptionObject  0000000140051e60 f   LIBCMTD:frame.obj
 0001:00050ed0       __AdjustPointer            0000000140051ed0 f   LIBCMTD:frame.obj
 0001:00050f50       ?__uncaught_exception@@YA_NXZ 0000000140051f50 f   LIBCMTD:frame.obj
 0001:00050f80       __CxxExceptionFilter       0000000140051f80 f   LIBCMTD:frame.obj
 0001:000512a0       __CxxRegisterExceptionObject 00000001400522a0 f   LIBCMTD:frame.obj
 0001:00051420       __CxxDetectRethrow         0000000140052420 f   LIBCMTD:frame.obj
 0001:000514d0       __CxxUnregisterExceptionObject 00000001400524d0 f   LIBCMTD:frame.obj
 0001:00051680       __CxxQueryExceptionSize    0000000140052680 f   LIBCMTD:frame.obj
 0001:00051690       __CxxCallUnwindDtor        0000000140052690 f   LIBCMTD:frame.obj
 0001:000516b0       __CxxCallUnwindDelDtor     00000001400526b0 f   LIBCMTD:frame.obj
 0001:000516d0       __CxxCallUnwindStdDelDtor  00000001400526d0 f   LIBCMTD:frame.obj
 0001:000516f0       __CxxCallUnwindVecDtor     00000001400526f0 f   LIBCMTD:frame.obj
 0001:00051910       ?_is_exception_typeof@@YAHAEBVtype_info@@PEAU_EXCEPTION_POINTERS@@@Z 0000000140052910 f   LIBCMTD:frame.obj
 0001:00051a50       malloc                     0000000140052a50 f   LIBCMTD:dbgmalloc.obj
 0001:00051a90       __ansicp                   0000000140052a90 f   LIBCMTD:convrtcp.obj
 0001:00051b00       __convertcp                0000000140052b00 f   LIBCMTD:convrtcp.obj
 0001:00051e70       free                       0000000140052e70 f   LIBCMTD:dbgfree.obj
 0001:00051e90       _get_daylight              0000000140052e90 f   LIBCMTD:timeset.obj
 0001:00051f50       _get_dstbias               0000000140052f50 f   LIBCMTD:timeset.obj
 0001:00052010       _get_timezone              0000000140053010 f   LIBCMTD:timeset.obj
 0001:000520d0       _get_tzname                00000001400530d0 f   LIBCMTD:timeset.obj
 0001:00052360       __daylight                 0000000140053360 f   LIBCMTD:timeset.obj
 0001:00052370       __dstbias                  0000000140053370 f   LIBCMTD:timeset.obj
 0001:00052380       __timezone                 0000000140053380 f   LIBCMTD:timeset.obj
 0001:00052390       __tzname                   0000000140053390 f   LIBCMTD:timeset.obj
 0001:000523a0       __tzset                    00000001400533a0 f   LIBCMTD:tzset.obj
 0001:000523f0       _tzset                     00000001400533f0 f   LIBCMTD:tzset.obj
 0001:00052a20       _set_daylight              0000000140053a20 f i LIBCMTD:tzset.obj
 0001:00052a40       _set_dstbias               0000000140053a40 f i LIBCMTD:tzset.obj
 0001:00052a60       _set_timezone              0000000140053a60 f i LIBCMTD:tzset.obj
 0001:00052a80       _isindst                   0000000140053a80 f   LIBCMTD:tzset.obj
 0001:00053320       _stricmp_l                 0000000140054320 f   LIBCMTD:stricmp.obj
 0001:000535a0       __ascii_stricmp            00000001400545a0 f   LIBCMTD:stricmp.obj
 0001:00053630       _stricmp                   0000000140054630 f   LIBCMTD:stricmp.obj
 0001:000537b0       _strnicmp_l                00000001400547b0 f   LIBCMTD:strnicmp.obj
 0001:00053b40       __ascii_strnicmp           0000000140054b40 f   LIBCMTD:strnicmp.obj
 0001:00053c10       _strnicmp                  0000000140054c10 f   LIBCMTD:strnicmp.obj
 0001:00053e40       atol                       0000000140054e40 f   LIBCMTD:atox.obj
 0001:00053e60       _atol_l                    0000000140054e60 f   LIBCMTD:atox.obj
 0001:00053e90       atoi                       0000000140054e90 f   LIBCMTD:atox.obj
 0001:00053eb0       _atoi_l                    0000000140054eb0 f   LIBCMTD:atox.obj
 0001:00053ee0       _atoi64                    0000000140054ee0 f   LIBCMTD:atox.obj
 0001:00053f00       _atoi64_l                  0000000140054f00 f   LIBCMTD:atox.obj
 0001:00053f30       _wchartodigit              0000000140054f30 f   LIBCMTD:wchtodig.obj
 0001:000542a0       _read                      00000001400552a0 f   LIBCMTD:read.obj
 0001:000545c0       _read_nolock               00000001400555c0 f   LIBCMTD:read.obj
 0001:00055db0       __initconin                0000000140056db0 f   LIBCMTD:initcon.obj
 0001:00055e00       __initconout               0000000140056e00 f   LIBCMTD:initcon.obj
 0001:00055e50       __termcon                  0000000140056e50 f   LIBCMTD:initcon.obj
 0001:00055ea0       ?_ValidateRead@@YAHPEBXI@Z 0000000140056ea0 f   LIBCMTD:validate.obj
 0001:00055ed0       ?_ValidateWrite@@YAHPEAXI@Z 0000000140056ed0 f   LIBCMTD:validate.obj
 0001:00055f00       ?_ValidateExecute@@YAHP6A_JXZ@Z 0000000140056f00 f   LIBCMTD:validate.obj
 0001:00055f30       _CxxThrowException         0000000140056f30 f   LIBCMTD:throw.obj
 0001:00055ff0       ?name@type_info@@QEBAPEBDPEAU__type_info_node@@@Z 0000000140056ff0 f   LIBCMTD:typinfo.obj
 0001:00056020       ??1type_info@@UEAA@XZ      0000000140057020 f   LIBCMTD:typinfo.obj
 0001:00056050       ??_Gtype_info@@UEAAPEAXI@Z 0000000140057050 f i LIBCMTD:typinfo.obj
 0001:00056050       ??_Etype_info@@UEAAPEAXI@Z 0000000140057050 f i LIBCMTD:typinfo.obj
 0001:00056090       ?_name_internal_method@type_info@@QEBAPEBDPEAU__type_info_node@@@Z 0000000140057090 f   LIBCMTD:typinfo.obj
 0001:000560c0       ?_type_info_dtor_internal_method@type_info@@QEAAXXZ 00000001400570c0 f   LIBCMTD:typinfo.obj
 0001:000560e0       ??8type_info@@QEBA_NAEBV0@@Z 00000001400570e0 f   LIBCMTD:typinfo.obj
 0001:00056130       ??9type_info@@QEBA_NAEBV0@@Z 0000000140057130 f   LIBCMTD:typinfo.obj
 0001:00056180       ?before@type_info@@QEBAHAEBV1@@Z 0000000140057180 f   LIBCMTD:typinfo.obj
 0001:000561d0       ?raw_name@type_info@@QEBAPEBDXZ 00000001400571d0 f   LIBCMTD:typinfo.obj
 0001:000561e0       ??0type_info@@AEAA@AEBV0@@Z 00000001400571e0 f   LIBCMTD:typinfo.obj
 0001:00056200       ??4type_info@@AEAAAEAV0@AEBV0@@Z 0000000140057200 f   LIBCMTD:typinfo.obj
 0001:00056210       ??0exception@std@@QEAA@XZ  0000000140057210 f   LIBCMTD:stdexcpt.obj
 0001:00056250       ??_Gexception@std@@UEAAPEAXI@Z 0000000140057250 f i LIBCMTD:stdexcpt.obj
 0001:00056250       ??_Eexception@std@@UEAAPEAXI@Z 0000000140057250 f i LIBCMTD:stdexcpt.obj
 0001:00056290       ??0exception@std@@QEAA@AEBQEBD@Z 0000000140057290 f   LIBCMTD:stdexcpt.obj
 0001:00056330       ??0exception@std@@QEAA@AEBQEBDH@Z 0000000140057330 f   LIBCMTD:stdexcpt.obj
 0001:00056380       ??0exception@std@@QEAA@AEBV01@@Z 0000000140057380 f   LIBCMTD:stdexcpt.obj
 0001:00056450       ??4exception@std@@QEAAAEAV01@AEBV01@@Z 0000000140057450 f   LIBCMTD:stdexcpt.obj
 0001:00056520       ??1exception@std@@UEAA@XZ  0000000140057520 f   LIBCMTD:stdexcpt.obj
 0001:00056560       ?what@exception@std@@UEBAPEBDXZ 0000000140057560 f   LIBCMTD:stdexcpt.obj
 0001:00056590       ??0bad_cast@std@@QEAA@PEBD@Z 0000000140057590 f   LIBCMTD:stdexcpt.obj
 0001:000565d0       ??_Gbad_cast@std@@UEAAPEAXI@Z 00000001400575d0 f i LIBCMTD:stdexcpt.obj
 0001:000565d0       ??_Ebad_cast@std@@UEAAPEAXI@Z 00000001400575d0 f i LIBCMTD:stdexcpt.obj
 0001:00056610       ??0bad_cast@std@@QEAA@AEBV01@@Z 0000000140057610 f   LIBCMTD:stdexcpt.obj
 0001:00056650       ??1bad_cast@std@@UEAA@XZ   0000000140057650 f   LIBCMTD:stdexcpt.obj
 0001:00056680       ??0bad_typeid@std@@QEAA@PEBD@Z 0000000140057680 f   LIBCMTD:stdexcpt.obj
 0001:000566c0       ??_Gbad_typeid@std@@UEAAPEAXI@Z 00000001400576c0 f i LIBCMTD:stdexcpt.obj
 0001:000566c0       ??_Ebad_typeid@std@@UEAAPEAXI@Z 00000001400576c0 f i LIBCMTD:stdexcpt.obj
 0001:00056700       ??0bad_typeid@std@@QEAA@AEBV01@@Z 0000000140057700 f   LIBCMTD:stdexcpt.obj
 0001:00056740       ??1bad_typeid@std@@UEAA@XZ 0000000140057740 f   LIBCMTD:stdexcpt.obj
 0001:00056770       ??0__non_rtti_object@std@@QEAA@PEBD@Z 0000000140057770 f   LIBCMTD:stdexcpt.obj
 0001:000567b0       ??_G__non_rtti_object@std@@UEAAPEAXI@Z 00000001400577b0 f i LIBCMTD:stdexcpt.obj
 0001:000567b0       ??_E__non_rtti_object@std@@UEAAPEAXI@Z 00000001400577b0 f i LIBCMTD:stdexcpt.obj
 0001:000567f0       ??0__non_rtti_object@std@@QEAA@AEBV01@@Z 00000001400577f0 f   LIBCMTD:stdexcpt.obj
 0001:00056830       ??1__non_rtti_object@std@@UEAA@XZ 0000000140057830 f   LIBCMTD:stdexcpt.obj
 0001:00056860       ??3@YAXPEAX@Z              0000000140057860 f   LIBCMTD:dbgdel.obj
 0001:00056920       _GetNextInstrOffset        0000000140057920 f   LIBCMTD:handlers.obj
 0001:00056930       getenv                     0000000140057930 f   LIBCMTD:getenv.obj
 0001:00056ab0       _getenv_helper_nolock      0000000140057ab0 f   LIBCMTD:getenv.obj
 0001:00056c10       getenv_s                   0000000140057c10 f   LIBCMTD:getenv.obj
 0001:00056ea0       _dupenv_s                  0000000140057ea0 f   LIBCMTD:getenv.obj
 0001:00056ef0       _dupenv_s_dbg              0000000140057ef0 f   LIBCMTD:getenv.obj
 0001:000571c0       _tolower                   00000001400581c0 f   LIBCMTD:tolower.obj
 0001:000571d0       _tolower_l                 00000001400581d0 f   LIBCMTD:tolower.obj
 0001:00057470       tolower                    0000000140058470 f   LIBCMTD:tolower.obj
 0001:000574c0       _strtoi64                  00000001400584c0 f   LIBCMTD:strtoq.obj
 0001:00057bb0       _strtoi64_l                0000000140058bb0 f   LIBCMTD:strtoq.obj
 0001:00057bf0       _strtoui64                 0000000140058bf0 f   LIBCMTD:strtoq.obj
 0001:00057c60       _strtoui64_l               0000000140058c60 f   LIBCMTD:strtoq.obj
 0001:00057ca0       ?_Type_info_dtor@type_info@@CAXPEAV1@@Z 0000000140058ca0 f   LIBCMTD:typname.obj
 0001:00057da0       ?_Name_base@type_info@@CAPEBDPEBV1@PEAU__type_info_node@@@Z 0000000140058da0 f   LIBCMTD:typname.obj
 0001:00057f60       ?_Type_info_dtor_internal@type_info@@CAXPEAV1@@Z 0000000140058f60 f   LIBCMTD:typname.obj
 0001:00058060       __unDNameHelper            0000000140059060 f   LIBCMTD:typname.obj
 0001:000580d0       ?_Name_base_internal@type_info@@CAPEBDPEBV1@PEAU__type_info_node@@@Z 00000001400590d0 f   LIBCMTD:typname.obj
 0001:000582a0       __clean_type_info_names_internal 00000001400592a0 f   LIBCMTD:typname.obj
 0001:00058320       strnlen                    0000000140059320 f   LIBCMTD:strlen_s.obj
 0001:00058380       _mbsnbicoll_l              0000000140059380 f   LIBCMTD:mbsnbico.obj
 0001:00058720       _mbsnbicoll                0000000140059720 f   LIBCMTD:mbsnbico.obj
 0001:00058750       __wtomb_environ            0000000140059750 f   LIBCMTD:wtombenv.obj
 0001:000588b0       __unDName                  00000001400598b0 f   LIBCMTD:undname.obj
 0001:00058990       ?Constructor@HeapManager@@QEAAXP6APEAX_K@ZP6AXPEAX@Z@Z 0000000140059990 f i LIBCMTD:undname.obj
 0001:000589f0       ?Destructor@HeapManager@@QEAAXXZ 00000001400599f0 f i LIBCMTD:undname.obj
 0001:00058a50       __unDNameEx                0000000140059a50 f   LIBCMTD:undname.obj
 0001:00058b30       ??0UnDecorator@@QEAA@PEADPEBDHP6APEADJ@ZK@Z 0000000140059b30 f i LIBCMTD:undname.obj
 0001:00058c00       ??BUnDecorator@@QEAAPEADXZ 0000000140059c00 f i LIBCMTD:undname.obj
 0001:00058ec0       ?dbGetString@DName@@QEBAPEADXZ 0000000140059ec0 f   LIBCMTD:undname.obj
 0001:00058ef0       ?getDecoratedName@UnDecorator@@CA?AVDName@@XZ 0000000140059ef0 f   LIBCMTD:undname.obj
 0001:000592e0       ?getSymbolName@UnDecorator@@CA?AVDName@@XZ 000000014005a2e0 f i LIBCMTD:undname.obj
 0001:00059360       ?getZName@UnDecorator@@CA?AVDName@@_N0@Z 000000014005a360 f   LIBCMTD:undname.obj
 0001:000596e0       ?getOperatorName@UnDecorator@@CA?AVDName@@_NPEA_N@Z 000000014005a6e0 f i LIBCMTD:undname.obj
 0001:0005a350       ?getStringEncoding@UnDecorator@@CA?AVDName@@PEADH@Z 000000014005b350 f   LIBCMTD:undname.obj
 0001:0005a490       ?getScope@UnDecorator@@CA?AVDName@@XZ 000000014005b490 f   LIBCMTD:undname.obj
 0001:0005a910       ?getSignedDimension@UnDecorator@@CA?AVDName@@XZ 000000014005b910 f   LIBCMTD:undname.obj
 0001:0005a9a0       ?getDimension@UnDecorator@@CA?AVDName@@_N@Z 000000014005b9a0 f   LIBCMTD:undname.obj
 0001:0005ad30       ?getNumberOfDimensions@UnDecorator@@CAHXZ 000000014005bd30 f   LIBCMTD:undname.obj
 0001:0005ae50       ?getTemplateName@UnDecorator@@CA?AVDName@@_N@Z 000000014005be50 f   LIBCMTD:undname.obj
 0001:0005b0c0       ?getTemplateArgumentList@UnDecorator@@CA?AVDName@@XZ 000000014005c0c0 f   LIBCMTD:undname.obj
 0001:0005b3f0       ?getTemplateConstant@UnDecorator@@CA?AVDName@@XZ 000000014005c3f0 f   LIBCMTD:undname.obj
 0001:0005b990       ?composeDeclaration@UnDecorator@@CA?AVDName@@AEBV2@@Z 000000014005c990 f i LIBCMTD:undname.obj
 0001:0005da50       ?getTypeEncoding@UnDecorator@@CAHXZ 000000014005ea50 f i LIBCMTD:undname.obj
 0001:0005e630       ?getBasedType@UnDecorator@@CA?AVDName@@XZ 000000014005f630 f   LIBCMTD:undname.obj
 0001:0005e720       ?getScopedName@UnDecorator@@CA?AVDName@@XZ 000000014005f720 f   LIBCMTD:undname.obj
 0001:0005e890       ?getCallingConvention@UnDecorator@@CA?AVDName@@XZ 000000014005f890 f   LIBCMTD:undname.obj
 0001:0005ea30       ?getReturnType@UnDecorator@@CA?AVDName@@PEAV2@@Z 000000014005fa30 f   LIBCMTD:undname.obj
 0001:0005ea90       ?getDataType@UnDecorator@@CA?AVDName@@PEAV2@@Z 000000014005fa90 f   LIBCMTD:undname.obj
 0001:0005ec10       ?getPrimaryDataType@UnDecorator@@CA?AVDName@@AEBV2@@Z 000000014005fc10 f   LIBCMTD:undname.obj
 0001:0005eee0       ?getArgumentTypes@UnDecorator@@CA?AVDName@@XZ 000000014005fee0 f   LIBCMTD:undname.obj
 0001:0005f0a0       ?getArgumentList@UnDecorator@@CA?AVDName@@XZ 00000001400600a0 f   LIBCMTD:undname.obj
 0001:0005f240       ?getThrowTypes@UnDecorator@@CA?AVDName@@XZ 0000000140060240 f   LIBCMTD:undname.obj
 0001:0005f330       ?getBasicDataType@UnDecorator@@CA?AVDName@@AEBV2@@Z 0000000140060330 f   LIBCMTD:undname.obj
 0001:0005fa70       ?getECSUDataType@UnDecorator@@CA?AVDName@@XZ 0000000140060a70 f   LIBCMTD:undname.obj
 0001:0005fcb0       ?getECSUName@UnDecorator@@CA?AVDName@@XZ 0000000140060cb0 f i LIBCMTD:undname.obj
 0001:0005fcd0       ?getEnumType@UnDecorator@@CA?AVDName@@XZ 0000000140060cd0 f i LIBCMTD:undname.obj
 0001:0005fe50       ?getFunctionIndirectType@UnDecorator@@CA?AVDName@@AEBV2@@Z 0000000140060e50 f   LIBCMTD:undname.obj
 0001:000603a0       ?getPtrRefType@UnDecorator@@CA?AVDName@@AEBV2@0D@Z 00000001400613a0 f   LIBCMTD:undname.obj
 0001:000605b0       ?getExtendedDataIndirectType@UnDecorator@@CA?AVDName@@AEADAEA_NH@Z 00000001400615b0 f   LIBCMTD:undname.obj
 0001:00060890       ?getDataIndirectType@UnDecorator@@CA?AVDName@@AEBV2@D0H@Z 0000000140061890 f   LIBCMTD:undname.obj
 0001:00061230       ?getPtrRefDataType@UnDecorator@@CA?AVDName@@AEBV2@H@Z 0000000140062230 f i LIBCMTD:undname.obj
 0001:000613b0       ?getArrayType@UnDecorator@@CA?AVDName@@AEBV2@@Z 00000001400623b0 f i LIBCMTD:undname.obj
 0001:000616a0       ?getLexicalFrame@UnDecorator@@CA?AVDName@@XZ 00000001400626a0 f i LIBCMTD:undname.obj
 0001:000616e0       ?getThisType@UnDecorator@@CA?AVDName@@XZ 00000001400626e0 f i LIBCMTD:undname.obj
 0001:00061730       ?getPointerType@UnDecorator@@CA?AVDName@@AEBV2@0@Z 0000000140062730 f i LIBCMTD:undname.obj
 0001:00061770       ?getPointerTypeArray@UnDecorator@@CA?AVDName@@AEBV2@0@Z 0000000140062770 f i LIBCMTD:undname.obj
 0001:000617b0       ?getReferenceType@UnDecorator@@CA?AVDName@@AEBV2@0@Z 00000001400627b0 f i LIBCMTD:undname.obj
 0001:000617f0       ?getDisplacement@UnDecorator@@CA?AVDName@@XZ 00000001400627f0 f i LIBCMTD:undname.obj
 0001:00061810       ?getCallIndex@UnDecorator@@CA?AVDName@@XZ 0000000140062810 f i LIBCMTD:undname.obj
 0001:00061830       ?getGuardNumber@UnDecorator@@CA?AVDName@@XZ 0000000140062830 f i LIBCMTD:undname.obj
 0001:00061850       ?getVbTableType@UnDecorator@@CA?AVDName@@AEBV2@@Z 0000000140062850 f i LIBCMTD:undname.obj
 0001:00061880       ?getVCallThunkType@UnDecorator@@CA?AVDName@@XZ 0000000140062880 f i LIBCMTD:undname.obj
 0001:00061900       ?getVfTableType@UnDecorator@@CA?AVDName@@AEBV2@@Z 0000000140062900 f i LIBCMTD:undname.obj
 0001:00061b30       ?getStorageConvention@UnDecorator@@CA?AVDName@@XZ 0000000140062b30 f i LIBCMTD:undname.obj
 0001:00061b50       ?getDataIndirectType@UnDecorator@@CA?AVDName@@XZ 0000000140062b50 f i LIBCMTD:undname.obj
 0001:00061ba0       ?getVdispMapType@UnDecorator@@CA?AVDName@@AEBV2@@Z 0000000140062ba0 f i LIBCMTD:undname.obj
 0001:00061c30       ?getExternalDataType@UnDecorator@@CA?AVDName@@AEBV2@@Z 0000000140062c30 f i LIBCMTD:undname.obj
 0001:00061d00       ?doMSKeywords@UnDecorator@@SAHXZ 0000000140062d00 f i LIBCMTD:undname.obj
 0001:00061d30       ?doPtr64@UnDecorator@@SAHXZ 0000000140062d30 f i LIBCMTD:undname.obj
 0001:00061d60       ?doFunctionReturns@UnDecorator@@SAHXZ 0000000140062d60 f i LIBCMTD:undname.obj
 0001:00061d90       ?doAllocationModel@UnDecorator@@SAHXZ 0000000140062d90 f i LIBCMTD:undname.obj
 0001:00061dc0       ?doAllocationLanguage@UnDecorator@@SAHXZ 0000000140062dc0 f i LIBCMTD:undname.obj
 0001:00061df0       ?doThisTypes@UnDecorator@@SAHXZ 0000000140062df0 f i LIBCMTD:undname.obj
 0001:00061e20       ?doAccessSpecifiers@UnDecorator@@SAHXZ 0000000140062e20 f i LIBCMTD:undname.obj
 0001:00061e50       ?doThrowTypes@UnDecorator@@SAHXZ 0000000140062e50 f i LIBCMTD:undname.obj
 0001:00061e80       ?doMemberTypes@UnDecorator@@SAHXZ 0000000140062e80 f i LIBCMTD:undname.obj
 0001:00061eb0       ?doNameOnly@UnDecorator@@SAHXZ 0000000140062eb0 f i LIBCMTD:undname.obj
 0001:00061ec0       ?doTypeOnly@UnDecorator@@SAHXZ 0000000140062ec0 f i LIBCMTD:undname.obj
 0001:00061ed0       ?haveTemplateParameters@UnDecorator@@SAHXZ 0000000140062ed0 f i LIBCMTD:undname.obj
 0001:00061ee0       ?doEcsu@UnDecorator@@SAHXZ 0000000140062ee0 f i LIBCMTD:undname.obj
 0001:00061f10       ?doEllipsis@UnDecorator@@SAHXZ 0000000140062f10 f i LIBCMTD:undname.obj
 0001:00061f40       ?UScore@UnDecorator@@SAPEBDW4Tokens@@@Z 0000000140062f40 f   LIBCMTD:undname.obj
 0001:00061f80       ?doUnderScore@UnDecorator@@SAHXZ 0000000140062f80 f i LIBCMTD:undname.obj
 0001:00061fb0       ??2@YAPEAX_KAEAVHeapManager@@H@Z 0000000140062fb0 f i LIBCMTD:undname.obj
 0001:00061fe0       ?getMemory@HeapManager@@QEAAPEAX_KH@Z 0000000140062fe0 f   LIBCMTD:undname.obj
 0001:00062150       ??0Block@HeapManager@@QEAA@XZ 0000000140063150 f i LIBCMTD:undname.obj
 0001:00062170       ??H@YA?AVDName@@DAEBV0@@Z  0000000140063170 f i LIBCMTD:undname.obj
 0001:000621b0       ??H@YA?AVDName@@W4DNameStatus@@AEBV0@@Z 00000001400631b0 f i LIBCMTD:undname.obj
 0001:000621f0       ??H@YA?AVDName@@PEBDAEBV0@@Z 00000001400631f0 f i LIBCMTD:undname.obj
 0001:00062230       ??0DName@@QEAA@XZ          0000000140063230 f i LIBCMTD:undname.obj
 0001:00062310       ??0DName@@QEAA@D@Z         0000000140063310 f   LIBCMTD:undname.obj
 0001:00062420       ??0DName@@QEAA@AEBV0@@Z    0000000140063420 f i LIBCMTD:undname.obj
 0001:00062450       ??0DName@@QEAA@PEAV0@@Z    0000000140063450 f   LIBCMTD:undname.obj
[...]
 0001:000145b0       _whiteout                  00000001400155b0 f   LIBCMTD:winput.obj
 0001:00016af0       __check_float_string       0000000140017af0 f   LIBCMTD:winputs.obj
 0001:00016c60       _hextodec                  0000000140017c60 f   LIBCMTD:winputs.obj
 0001:00016cb0       _inc                       0000000140017cb0 f   LIBCMTD:winputs.obj
 0001:00016cd0       _un_inc                    0000000140017cd0 f   LIBCMTD:winputs.obj
 0001:00016d00       _whiteout                  0000000140017d00 f   LIBCMTD:winputs.obj
 0001:00018420       write_char                 0000000140019420 f   LIBCMTD:output.obj
 0001:00018500       write_multi_char           0000000140019500 f   LIBCMTD:output.obj
 0001:00018550       write_string               0000000140019550 f   LIBCMTD:output.obj
 0001:000191f0       xcptlookup                 000000014001a1f0 f   LIBCMTD:winxfltr.obj
 0001:000195d0       doexit                     000000014001a5d0 f   LIBCMTD:crt0dat.obj
 0001:00019910       _initterm                  000000014001a910 f   LIBCMTD:crt0dat.obj
 0001:0001a020       wparse_cmdline             000000014001b020 f   LIBCMTD:wstdargv.obj
 0001:0001adf0       _nh_malloc_dbg_impl        000000014001bdf0 f   LIBCMTD:dbgheap.obj
 0001:0001aeb0       _heap_alloc_dbg_impl       000000014001beb0 f   LIBCMTD:dbgheap.obj
 0001:0001b660       realloc_help               000000014001c660 f   LIBCMTD:dbgheap.obj
 0001:0001cc10       CheckBytes                 000000014001dc10 f   LIBCMTD:dbgheap.obj
 0001:0001dce0       ?_CrtMemDumpAllObjectsSince_stat@@YAXPEBU_CrtMemState@@PEAUlocaleinfo_struct@@@Z 000000014001ece0 f   LIBCMTD:dbgheap.obj
 0001:0001e070       _printMemBlockData         000000014001f070 f   LIBCMTD:dbgheap.obj
 0001:00020420       flsall                     0000000140021420 f   LIBCMTD:fflush.obj
 0001:000218f0       ?getSystemCP@@YAHH@Z       00000001400228f0 f   LIBCMTD:mbctype.obj
 0001:00021e60       ?CPtoLCID@@YAHH@Z          0000000140022e60 f   LIBCMTD:mbctype.obj
 0001:00021ec0       ?setSBCS@@YAXPEAUthreadmbcinfostruct@@@Z 0000000140022ec0 f   LIBCMTD:mbctype.obj
 0001:00021fc0       ?setSBUpLow@@YAXPEAUthreadmbcinfostruct@@@Z 0000000140022fc0 f   LIBCMTD:mbctype.obj
 0001:00022be0       _updatetlocinfoEx_nolock   0000000140023be0 f   LIBCMTD:setlocal.obj
 0001:000231a0       _copytlocinfo_nolock       00000001400241a0 f   LIBCMTD:setlocal.obj
 0001:000235b0       sync_legacy_variables_lk   00000001400245b0 f   LIBCMTD:setlocal.obj
 0001:00023640       _setlocale_nolock          0000000140024640 f   LIBCMTD:setlocal.obj
 0001:00023b30       _setlocale_set_cat         0000000140024b30 f   LIBCMTD:setlocal.obj
 0001:00024200       _setlocale_get_all         0000000140025200 f   LIBCMTD:setlocal.obj
 0001:00027030       ctrlevent_capture          0000000140028030 f   LIBCMTD:winsig.obj
 0001:000274b0       siglookup                  00000001400284b0 f   LIBCMTD:winsig.obj
 0001:00029ab0       write_char                 000000014002aab0 f   LIBCMTD:woutputs.obj
 0001:00029b30       write_multi_char           000000014002ab30 f   LIBCMTD:woutputs.obj
 0001:00029b90       write_string               000000014002ab90 f   LIBCMTD:woutputs.obj
 0001:0002e0a0       write_char                 000000014002f0a0 f   LIBCMTD:woutputp.obj
 0001:0002e120       write_multi_char           000000014002f120 f   LIBCMTD:woutputp.obj
 0001:0002e180       write_string               000000014002f180 f   LIBCMTD:woutputp.obj
 0001:0002e980       ?wcsncnt@@YA_KPEB_W_K@Z    000000014002f980 f   LIBCMTD:wcstombs.obj
 0001:00032710       write_char                 0000000140033710 f   LIBCMTD:outputs.obj
 0001:000327f0       write_multi_char           00000001400337f0 f   LIBCMTD:outputs.obj
 0001:00032840       write_string               0000000140033840 f   LIBCMTD:outputs.obj
 0001:000372a0       write_char                 00000001400382a0 f   LIBCMTD:outputp.obj
 0001:00037380       write_multi_char           0000000140038380 f   LIBCMTD:outputp.obj
 0001:000373d0       write_string               00000001400383d0 f   LIBCMTD:outputp.obj
 0001:00038da0       _onexit_nolock             0000000140039da0 f   LIBCMTD:onexit.obj
 0001:0003a550       _is_LFH_enabled            000000014003b550 f   LIBCMTD:expand.obj
 0001:0003c9d0       ?DebuggerProbe@@YAHK@Z     000000014003d9d0 f   LIBCMTD:_error_.obj
 0001:0003ca80       ?failwithmessage@@YAXPEAXHHPEBD@Z 000000014003da80 f   LIBCMTD:_error_.obj
 0001:0003cce0       ?DebuggerRuntime@@YAHKHPEAXPEB_W@Z 000000014003dce0 f   LIBCMTD:_error_.obj
 0001:0003cfe0       ?_getMemBlockDataString@@YAXPEAD00_K@Z 000000014003dfe0 f   LIBCMTD:_error_.obj
 0001:0003d460       ?_CatchTryBlock@@YAPEBU_s_TryBlockMapEntry@@PEBU_s_FuncInfo@@H@Z 000000014003e460 f   LIBCMTD:trnsctrl.obj
 0001:0003de00       ?__crtLCMapStringA_stat@@YAHPEAUlocaleinfo_struct@@KKPEBDHPEADHHH@Z 000000014003ee00 f   LIBCMTD:a_map.obj
 0001:0003e670       ?strncnt@@YAHPEBDH@Z       000000014003f670 f   LIBCMTD:a_map.obj
 0001:0003e770       ?__crtGetStringTypeA_stat@@YAHPEAUlocaleinfo_struct@@KPEBDHPEAGHHH@Z 000000014003f770 f   LIBCMTD:a_str.obj
 0001:0003ec40       _get_lc_time               000000014003fc40 f   LIBCMTD:inittime.obj
 0001:0003fdd0       fix_grouping               0000000140040dd0 f   LIBCMTD:initnum.obj
 0001:00040570       fix_grouping               0000000140041570 f   LIBCMTD:initmon.obj
 0001:000425c0       ?_expandtime@@YAHPEAUlocaleinfo_struct@@DPEBUtm@@PEAPEADPEA_KPEAU__lc_time_data@@I@Z 00000001400435c0 f   LIBCMTD:strftime.obj
 0001:00043be0       ?_store_str@@YAXPEADPEAPEADPEA_K@Z 0000000140044be0 f   LIBCMTD:strftime.obj
 0001:00043c60       ?_store_num@@YAXHHPEAPEADPEA_KI@Z 0000000140044c60 f   LIBCMTD:strftime.obj
 0001:00043d50       ?_store_number@@YAXHPEAPEADPEA_K@Z 0000000140044d50 f   LIBCMTD:strftime.obj
 0001:00043e50       ?_store_winword@@YAHPEAUlocaleinfo_struct@@HPEBUtm@@PEAPEADPEA_KPEAU__lc_time_data@@@Z 0000000140044e50 f   LIBCMTD:strftime.obj
 0001:00045270       TranslateName              0000000140046270 f   LIBCMTD:getqloc.obj
 0001:00045350       GetLcidFromLangCountry     0000000140046350 f   LIBCMTD:getqloc.obj
 0001:00045450       LangCountryEnumProc        0000000140046450 f   LIBCMTD:getqloc.obj
 0001:00045980       GetLcidFromLanguage        0000000140046980 f   LIBCMTD:getqloc.obj
 0001:00045a20       LanguageEnumProc           0000000140046a20 f   LIBCMTD:getqloc.obj
 0001:00045c30       GetLcidFromCountry         0000000140046c30 f   LIBCMTD:getqloc.obj
 0001:00045ca0       CountryEnumProc            0000000140046ca0 f   LIBCMTD:getqloc.obj
 0001:00045e00       GetLcidFromDefault         0000000140046e00 f   LIBCMTD:getqloc.obj
 0001:00045e50       ProcessCodePage            0000000140046e50 f   LIBCMTD:getqloc.obj
 0001:00045f50       TestDefaultCountry         0000000140046f50 f   LIBCMTD:getqloc.obj
 0001:00045fb0       TestDefaultLanguage        0000000140046fb0 f   LIBCMTD:getqloc.obj
 0001:00046080       LcidFromHexString          0000000140047080 f   LIBCMTD:getqloc.obj
 0001:00046120       GetPrimaryLen              0000000140047120 f   LIBCMTD:getqloc.obj
 0001:00047fe0       xtoa_s                     0000000140048fe0 f   LIBCMTD:xtoas.obj
 0001:00048660       x64toa_s                   0000000140049660 f   LIBCMTD:xtoas.obj
 0001:0004a0f0       xtow_s                     000000014004b0f0 f   LIBCMTD:xtows.obj
 0001:0004a780       x64tow_s                   000000014004b780 f   LIBCMTD:xtows.obj
 0001:0004b300       ?wcstoxl@@YAKPEAUlocaleinfo_struct@@PEB_WPEAPEB_WHH@Z 000000014004c300 f   LIBCMTD:wcstol.obj
 0001:0004ba30       ?__crtGetStringTypeW_stat@@YAHPEAUlocaleinfo_struct@@KPEB_WHPEAGHH@Z 000000014004ca30 f   LIBCMTD:w_str.obj
 0001:0004c4d0       ?strtoxl@@YAKPEAUlocaleinfo_struct@@PEBDPEAPEBDHH@Z 000000014004d4d0 f   LIBCMTD:strtol.obj
 0001:0004dba0       ?__crtGetLocaleInfoW_stat@@YAHPEAUlocaleinfo_struct@@KKPEA_WHH@Z 000000014004eba0 f   LIBCMTD:w_loc.obj
 0001:0004dc60       ?__crtGetLocaleInfoA_stat@@YAHPEAUlocaleinfo_struct@@KKPEADHH@Z 000000014004ec60 f   LIBCMTD:a_loc.obj
 0001:0004eb00       ?GetPdbDll@@YAPEAUHINSTANCE__@@XZ 000000014004fb00 f   LIBCMTD:_pdblkup_.obj
 0001:0004f450       ?FindHandler@@YAXPEAUEHExceptionRecord@@PEA_KPEAU_CONTEXT@@PEAU_xDISPATCHER_CONTEXT@@PEBU_s_FuncInfo@@EH1@Z 0000000140050450 f   LIBCMTD:frame.obj
 0001:0004fd20       ?FindHandlerForForeignException@@YAXPEAUEHExceptionRecord@@PEA_KPEAU_CONTEXT@@PEAU_xDISPATCHER_CONTEXT@@PEBU_s_FuncInfo@@HH1@Z 0000000140050d20 f   LIBCMTD:frame.obj
 0001:00050530       ?CatchIt@@YAXPEAUEHExceptionRecord@@PEA_KPEAU_CONTEXT@@PEAU_xDISPATCHER_CONTEXT@@PEBU_s_FuncInfo@@PEBU_s_HandlerType@@PEBU_s_CatchableType@@PEBU_s_TryBlockMapEntry@@H1EE@Z 0000000140051530 f   LIBCMTD:frame.obj
 0001:00050880       ?__RethrowException@@YAXPEAUEHExceptionRecord@@@Z 0000000140051880 f   LIBCMTD:frame.obj
 0001:000508c0       ?ExFilterRethrow@@YAHPEAU_EXCEPTION_POINTERS@@PEAUEHExceptionRecord@@PEAH@Z 00000001400518c0 f   LIBCMTD:frame.obj
 0001:00051730       ?IsInExceptionSpec@@YAEPEAUEHExceptionRecord@@PEBU_s_ESTypeList@@@Z 0000000140052730 f   LIBCMTD:frame.obj
 0001:00051850       ?Is_bad_exception_allowed@@YAEPEBU_s_ESTypeList@@@Z 0000000140052850 f   LIBCMTD:frame.obj
 0001:00052420       _tzset_nolock              0000000140053420 f   LIBCMTD:tzset.obj
 0001:00052ac0       _isindst_nolock            0000000140053ac0 f   LIBCMTD:tzset.obj
 0001:00052f70       cvtdate                    0000000140053f70 f   LIBCMTD:tzset.obj
 0001:00056c70       _getenv_s_helper           0000000140057c70 f   LIBCMTD:getenv.obj
 0001:00056f60       _dupenv_s_helper           0000000140057f60 f   LIBCMTD:getenv.obj
 0001:00057530       ?strtoxq@@YA_KPEAUlocaleinfo_struct@@PEBDPEAPEBDHH@Z 0000000140058530 f   LIBCMTD:strtoq.obj
 0001:000648f0       ?und_strlen@@YAIPEBD@Z     00000001400658f0 f   LIBCMTD:undname.obj
 0001:00064930       ?und_memcpy@@YAXPEADPEBDI@Z 0000000140065930 f   LIBCMTD:undname.obj
 0001:00064980       ?und_strncmp@@YAIPEBD0I@Z  0000000140065980 f   LIBCMTD:undname.obj
 0001:00064aa0       ?__crtCompareStringA_stat@@YAHPEAUlocaleinfo_struct@@KKPEBDH1HH@Z 0000000140065aa0 f   LIBCMTD:a_cmp.obj
 0001:000651e0       ?strncnt@@YAHPEBDH@Z       00000001400661e0 f   LIBCMTD:a_cmp.obj
 0001:00065cf0       findenv                    0000000140066cf0 f   LIBCMTD:setenv.obj
 0001:00065da0       copy_environ               0000000140066da0 f   LIBCMTD:setenv.obj
 0001:000665b0       wprintf$fin$0              00000001400675b0 f   LIBCMTD:wprintf.obj
 0001:000665e0       printf$fin$0               00000001400675e0 f   LIBCMTD:printf.obj
 0001:00066610       __tmainCRTStartup$filt$0   0000000140067610 f   LIBCMTD:wcrt0.obj
 0001:00066640       _CrtSetReportHookW2$fin$0  0000000140067640 f   LIBCMTD:dbgrptw.obj
 0001:00066660       vwprintf_helper$fin$0      0000000140067660 f   LIBCMTD:vwprintf.obj
 0001:00066680       vprintf_helper$fin$0       0000000140067680 f   LIBCMTD:vprintf.obj
 0001:000666a0       doexit$fin$0               00000001400676a0 f   LIBCMTD:crt0dat.obj
 0001:000666c0       _ioinit$filt$0             00000001400676c0 f   LIBCMTD:ioinit.obj
 0001:000666e0       _heap_alloc_dbg_impl$fin$0 00000001400676e0 f   LIBCMTD:dbgheap.obj
 0001:00066700       _realloc_dbg$fin$0         0000000140067700 f   LIBCMTD:dbgheap.obj
 0001:00066720       _expand_dbg$fin$0          0000000140067720 f   LIBCMTD:dbgheap.obj
 0001:00066740       _free_dbg$fin$0            0000000140067740 f   LIBCMTD:dbgheap.obj
 0001:00066760       _msize_dbg$fin$0           0000000140067760 f   LIBCMTD:dbgheap.obj
 0001:00066780       _CrtSetDbgBlockType$fin$0  0000000140067780 f   LIBCMTD:dbgheap.obj
 0001:000667a0       _CrtCheckMemory$fin$0      00000001400677a0 f   LIBCMTD:dbgheap.obj
 0001:000667c0       _CrtSetDbgFlag$fin$0       00000001400677c0 f   LIBCMTD:dbgheap.obj
 0001:000667e0       _CrtDoForAllClientObjects$fin$0 00000001400677e0 f   LIBCMTD:dbgheap.obj
 0001:00066800       _CrtIsMemoryBlock$fin$0    0000000140067800 f   LIBCMTD:dbgheap.obj
 0001:00066820       _CrtMemCheckpoint$fin$0    0000000140067820 f   LIBCMTD:dbgheap.obj
 0001:00066840       ?fin$0@?0??_CrtMemDumpAllObjectsSince_stat@@YAXPEBU_CrtMemState@@PEAUlocaleinfo_struct@@@Z@4HA 0000000140067840 f   LIBCMTD:dbgheap.obj
 0001:00066860       _initptd$fin$0             0000000140067860 f   LIBCMTD:tidtable.obj
 0001:00066880       _initptd$fin$1             0000000140067880 f   LIBCMTD:tidtable.obj
 0001:000668a0       _freefls$fin$0             00000001400678a0 f   LIBCMTD:tidtable.obj
 0001:000668c0       _freefls$fin$1             00000001400678c0 f   LIBCMTD:tidtable.obj
 0001:000668e0       _IsNonwritableInCurrentImage$filt$0 00000001400678e0 f   LIBCMTD:pesect.obj
 0001:00066920       _fcloseall$fin$0           0000000140067920 f   LIBCMTD:closeall.obj
 0001:00066940       fflush$fin$0               0000000140067940 f   LIBCMTD:fflush.obj
 0001:00066960       flsall$fin$0               0000000140067960 f   LIBCMTD:fflush.obj
 0001:00066990       flsall$fin$1               0000000140067990 f   LIBCMTD:fflush.obj
 0001:000669b0       _mtinitlocknum$fin$0       00000001400679b0 f   LIBCMTD:mlock.obj
 0001:000669d0       __updatetmbcinfo$fin$0     00000001400679d0 f   LIBCMTD:mbctype.obj
 0001:000669f0       _setmbcp$fin$0             00000001400679f0 f   LIBCMTD:mbctype.obj
 0001:00066a10       ?dtor$0@?0??getSystemCP@@YAHH@Z@4HA 0000000140067a10 f   LIBCMTD:mbctype.obj
 0001:00066a30       __updatetlocinfo$fin$0     0000000140067a30 f   LIBCMTD:setlocal.obj
 0001:00066a50       _locterm$fin$0             0000000140067a50 f   LIBCMTD:setlocal.obj
 0001:00066a70       _free_locale$fin$0         0000000140067a70 f   LIBCMTD:setlocal.obj
 0001:00066a90       _free_locale$fin$1         0000000140067a90 f   LIBCMTD:setlocal.obj
 0001:00066ab0       _get_current_locale$fin$0  0000000140067ab0 f   LIBCMTD:setlocal.obj
 0001:00066ad0       _get_current_locale$fin$1  0000000140067ad0 f   LIBCMTD:setlocal.obj
 0001:00066af0       setlocale$fin$0            0000000140067af0 f   LIBCMTD:setlocal.obj
 0001:00066b10       setlocale$fin$1            0000000140067b10 f   LIBCMTD:setlocal.obj
 0001:00066b30       setlocale$fin$2            0000000140067b30 f   LIBCMTD:setlocal.obj
 0001:00066b60       fputwc$fin$0               0000000140067b60 f   LIBCMTD:fputwc.obj
 0001:00066b80       _VCrtDbgReportA$fin$0      0000000140067b80 f   LIBCMTD:dbgrptt.obj
 0001:00066ba0       _VCrtDbgReportA$fin$1      0000000140067ba0 f   LIBCMTD:dbgrptt.obj
 0001:00066bd0       _VCrtDbgReportW$fin$0      0000000140067bd0 f   LIBCMTD:dbgrptt.obj
 0001:00066bf0       _VCrtDbgReportW$fin$1      0000000140067bf0 f   LIBCMTD:dbgrptt.obj
 0001:00066c20       signal$fin$0               0000000140067c20 f   LIBCMTD:winsig.obj
 0001:00066c40       ctrlevent_capture$fin$0    0000000140067c40 f   LIBCMTD:winsig.obj
 0001:00066c60       raise$fin$0                0000000140067c60 f   LIBCMTD:winsig.obj
 0001:00066c80       fgetwc$fin$0               0000000140067c80 f   LIBCMTD:fgetwc.obj
 0001:00066ca0       ungetwc$fin$0              0000000140067ca0 f   LIBCMTD:ungetwc.obj
 0001:00066cc0       _lseeki64$fin$0            0000000140067cc0 f   LIBCMTD:lseeki64.obj
 0001:00066ce0       _write$fin$0               0000000140067ce0 f   LIBCMTD:write.obj
 0001:00066d00       ?filt$0@?0??terminate@@YAXXZ@4HA 0000000140067d00 f   LIBCMTD:hooks.obj
 0001:00066d20       ?filt$0@?0??_inconsistency@@YAXXZ@4HA 0000000140067d20 f   LIBCMTD:hooks.obj
 0001:00066d40       _onexit$fin$0              0000000140067d40 f   LIBCMTD:onexit.obj
 0001:00066d60       __crtInitCritSecAndSpinCount$filt$0 0000000140067d60 f   LIBCMTD:initcrit.obj
 0001:00066da0       _CrtSetReportHook2$fin$0   0000000140067da0 f   LIBCMTD:dbgrpt.obj
 0001:00066dc0       fclose$fin$0               0000000140067dc0 f   LIBCMTD:fclose.obj
 0001:00066de0       _commit$fin$0              0000000140067de0 f   LIBCMTD:commit.obj
 0001:00066e00       _CallSETranslator$filt$0   0000000140067e00 f   LIBCMTD:trnsctrl.obj
 0001:00066e60       ?dtor$0@?0??wcstoxl@@YAKPEAUlocaleinfo_struct@@PEB_WPEAPEB_WHH@Z@4HA 0000000140067e60 f   LIBCMTD:wcstol.obj
 0001:00066e80       ungetc$fin$0               0000000140067e80 f   LIBCMTD:ungetc.obj
 0001:00066ea0       ?dtor$0@?0??strtoxl@@YAKPEAUlocaleinfo_struct@@PEBDPEAPEBDHH@Z@4HA 0000000140067ea0 f   LIBCMTD:strtol.obj
 0001:00066ec0       _alloc_osfhnd$fin$0        0000000140067ec0 f   LIBCMTD:osfinfo.obj
 0001:00066ee0       _alloc_osfhnd$fin$1        0000000140067ee0 f   LIBCMTD:osfinfo.obj
 0001:00066f00       _open_osfhandle$fin$0      0000000140067f00 f   LIBCMTD:osfinfo.obj
 0001:00066f70       __lock_fhandle$fin$0       0000000140067f70 f   LIBCMTD:osfinfo.obj
 0001:00066f90       _putwch$fin$0              0000000140067f90 f   LIBCMTD:putwch.obj
 0001:00066fb0       _cputws$fin$0              0000000140067fb0 f   LIBCMTD:putwch.obj
 0001:00066fd0       _close$fin$0               0000000140067fd0 f   LIBCMTD:close.obj
 0001:00066ff0       __FrameUnwindToState$filt$0 0000000140067ff0 f   LIBCMTD:frame.obj
 0001:00067010       __FrameUnwindToState$fin$1 0000000140068010 f   LIBCMTD:frame.obj
 0001:00067050       __CxxCallCatchBlock$filt$0 0000000140068050 f   LIBCMTD:frame.obj
 0001:00067080       __CxxCallCatchBlock$fin$1  0000000140068080 f   LIBCMTD:frame.obj
 0001:00067120       __BuildCatchObjectHelper$filt$0 0000000140068120 f   LIBCMTD:frame.obj
 0001:00067140       __BuildCatchObject$filt$0  0000000140068140 f   LIBCMTD:frame.obj
 0001:00067160       __DestructExceptionObject$filt$0 0000000140068160 f   LIBCMTD:frame.obj
 0001:00067190       __CxxExceptionFilter$fin$0 0000000140068190 f   LIBCMTD:frame.obj
 0001:000671b0       __CxxCallUnwindDtor$filt$0 00000001400681b0 f   LIBCMTD:frame.obj
 0001:000671d0       __CxxCallUnwindDelDtor$filt$0 00000001400681d0 f   LIBCMTD:frame.obj
 0001:000671f0       __CxxCallUnwindStdDelDtor$filt$0 00000001400681f0 f   LIBCMTD:frame.obj
 0001:00067210       __CxxCallUnwindVecDtor$filt$0 0000000140068210 f   LIBCMTD:frame.obj
 0001:00067230       __tzset$fin$0              0000000140068230 f   LIBCMTD:tzset.obj
 0001:00067250       _tzset$fin$0               0000000140068250 f   LIBCMTD:tzset.obj
 0001:00067270       _tzset_nolock$fin$0        0000000140068270 f   LIBCMTD:tzset.obj
 0001:00067290       _isindst$fin$0             0000000140068290 f   LIBCMTD:tzset.obj
 0001:000672b0       _read$fin$0                00000001400682b0 f   LIBCMTD:read.obj
 0001:000672d0       ?fin$0@?0???3@YAXPEAX@Z@4HA 00000001400682d0 f   LIBCMTD:dbgdel.obj
 0001:000672f0       getenv$fin$0               00000001400682f0 f   LIBCMTD:getenv.obj
 0001:00067310       getenv_s$fin$0             0000000140068310 f   LIBCMTD:getenv.obj
 0001:00067330       _dupenv_s_dbg$fin$0        0000000140068330 f   LIBCMTD:getenv.obj
 0001:00067350       ?dtor$0@?0??strtoxq@@YA_KPEAUlocaleinfo_struct@@PEBDPEAPEBDHH@Z@4HA 0000000140068350 f   LIBCMTD:strtoq.obj
 0001:00067370       ?fin$0@?0??_Type_info_dtor@type_info@@CAXPEAV1@@Z@4HA 0000000140068370 f   LIBCMTD:typname.obj
 0001:00067390       ?fin$0@?0??_Name_base@type_info@@CAPEBDPEBV1@PEAU__type_info_node@@@Z@4HA 0000000140068390 f   LIBCMTD:typname.obj
 0001:000673b0       ?fin$0@?0??_Type_info_dtor_internal@type_info@@CAXPEAV1@@Z@4HA 00000001400683b0 f   LIBCMTD:typname.obj
 0001:000673d0       ?fin$0@?0??_Name_base_internal@type_info@@CAPEBDPEBV1@PEAU__type_info_node@@@Z@4HA 00000001400683d0 f   LIBCMTD:typname.obj
 0001:000673f0       __clean_type_info_names_internal$fin$0 00000001400683f0 f   LIBCMTD:typname.obj
 0001:00067410       __unDName$fin$0            0000000140068410 f   LIBCMTD:undname.obj
 0001:00067430       __unDNameEx$fin$0          0000000140068430 f   LIBCMTD:undname.obj
 0001:00067450       ?dtor$0@?0??make@DNameStatusNode@@SAPEAV1@W4DNameStatus@@@Z@4HA 0000000140068450 f   LIBCMTD:undname.obj
